----------------------------------User: 230186----------------------------------
2018 November 06, Tuesday, 08:38:11
SID: 51
>fdl k/c/-/szx/cz/99
                                                                                
        DEPARTURE LIST FROM SZX  ON 05NOV18                                     
CZ3621 0625  SZX CTU  32L R77 %  J/W/Y//4/17/167//1/9/135//                     
CZ3568 0640  SZX SHA  321 R84 %  J/W/Y//12/23/143//4/14/132//                   
CZ3673 0650  SZX KWE  320 R67 %  J/W/Y//8/23/120//5/7/90//                      
CZ3920 0650  SZX NNY  320 R58 %  J/W/Y//8/23/120//3/14/71//                     
                 LHW  320 R13 %                  //3/0/17//                     
             NNY LHW  320 R6  %  J/W/Y//8/23/120//0/0/10//                      
CZ3457 0740  SZX CTU  333 R82 %  F/J/W/Y//4/24/47/208//0/8/19/207//             
CZ3963 0745  SZX TAO  32L R50 %  J/W/Y//4/17/167//2/4/88//                      
                 CGQ  32L R27 %                  //1/1/50//                     
             TAO CGQ  32L R54 %  J/W/Y//4/17/167//1/4/98//                      
CZ3459 0800  SZX KMG  320 R76 %  J/W/Y//8/23/120//2/20/93//                     
CZ3965 0800  SZX SHA  321 R85 %  J/W/Y//12/23/143//9/21/123//                   
CZ6237 0805  SZX XIY  32L R78 %  J/W/Y//4/17/167//3/8/137//                     
CZ3465 0810  SZX CKG  32L R69 %  J/W/Y//4/17/167//1/8/122//                     
CZ3559 0810  SZX NKG  32L R74 %  J/W/Y//4/17/167//3/7/130//                     
CZ3911 0810  SZX WUH  320 R53 %  J/W/Y//8/23/120//2/14/65//                     
                 URC  320 R31 %                  //0/7/40//                     
             WUH URC  320 R56 %  J/W/Y//8/23/120//2/9/75//                      
CZ3617 0815  SZX ZHA  320 R75 %  J/W/Y//8/23/120//3/20/91//                     
                 XIY  320 R1E %                  //0/0/3//                      
             ZHA XIY  320 R55 %  J/W/Y//8/23/120//0/10/74//                     
CZ6333 0825  SZX DLC  320 R60 %  J/W/Y//8/23/120//6/19/66//                    +
                                                                                

2018 November 06, Tuesday, 08:38:12
SID: 51
>pn
                                                                                
        DEPARTURE LIST FROM SZX  ON 05NOV18                                    -
                 NDG  320 R24 %                  //0/0/37//                     
             DLC NDG  320 R47 %  J/W/Y//8/23/120//0/7/65//                      
CZ3151 0835  SZX PEK  333 R92 %  F/J/W/Y//4/24/47/208//1/20/44/198//            
CZ3569 0845  SZX HGH  32L R91 %  J/W/Y//4/17/167//2/17/153//                    
CZ3976 0855  SZX CGO  73Q R86 %  J/W/Y//4/17/147//2/12/132//                    
CZ3553 0900  SZX SHA  333 R93 %  F/J/W/Y//4/24/47/208//2/11/44/207//            
CZ6969 0900  SZX NAO  32G R72 %  J/W/Y//4/17/138//4/13/99//                     
CZ6233 0905  SZX GYS  320 R70 %  J/W/Y//8/23/120//4/14/89//                     
CZ6473 0910  SZX BFJ  320 R70 %  J/W/Y//8/23/120//2/12/93//                     
CZ3213 0915  SZX XIY  32L R82 %  J/W/Y//4/17/167//3/8/145//                     
CZ6481 0915  SZX HRB  321 R55 %  J/W/Y//12/23/143//1/5/93//                     
CZ6300 0925  SZX DLC  32L R76 %  J/W/Y//4/17/167//3/9/132//                     
CZ3669 0935  SZX HAK  32L R97 %  J/W/Y//4/17/167//4/17/162//                    
CZ3609 0945  SZX PVG  320 R81 %  J/W/Y//8/23/120//7/23/93//                     
                 SHE  320 R5E %                  //0/0/8//                      
             PVG SHE  320  58 %  J/W/Y//8/23/120//5/6/78//                      
CZ3978 0950  SZX SYX  32L R86 %  J/W/Y//4/17/167//3/17/143//                    
CZ3583 1000  SZX KHN  32L R92 %  J/W/Y//4/17/167//4/17/153//                    
                 TYN  32L R5E %                  //0/0/10//                     
             KHN TYN  32L R75 %  J/W/Y//4/17/167//0/0/142//                     
CZ8677 1005  SZX ENY  320 R94 %  J/W/Y//8/23/120//3/21/118//                    
CZ8577 1015  SZX SHE  320 R73 %  J/W/Y//8/23/120//6/12/93//                    +
                                                                                

2018 November 06, Tuesday, 08:38:13
SID: 51
>pn
                                                                                
        DEPARTURE LIST FROM SZX  ON 05NOV18                                    -
                 MDG  320 R13 %                  //1/4/15//                     
             SHE MDG  320 R34 %  J/W/Y//8/23/120//0/7/45//                      
CZ3274 1025  SZX NNG  73C R89 %  J/W/Y//4/17/106//4/17/93//                     
CZ3159 1030  SZX PEK  333 R86 %  F/J/W/Y//4/24/47/208//3/12/46/184//            
CZ3793 1100  SZX XIY  73N R89 %  J/W/Y//4/17/150//0/13/140//                    
CZ3876 1105  SZX YIW  73N R94 %  J/W/Y//4/17/150//2/17/142//                    
CZ6599 1105  SZX CGO  73Q R74 %  J/W/Y//4/17/147//2/8/115//                     
                 DSN  73Q R17 %                  //1/4/25//                     
             CGO DSN  73Q R60 %  J/W/Y//4/17/147//0/1/100//                     
CZ3358 1110  SZX WUH  73N R87 %  J/W/Y//4/17/150//2/12/135//                    
CZ3455 1145  SZX CKG  32L R81 %  J/W/Y//4/17/167//4/16/133//                    
CZ3797 1145  SZX HGH  321 R93 %  J/W/Y//12/23/143//9/20/138//                   
CZ3551 1200  SZX SHA  321 R74 %  J/W/Y//12/23/143//10/17/105//                  
CZ6653 1205  SZX NAO  320 R80 %  J/W/Y//8/23/120//1/20/101//                    
CZ3613 1215  SZX CGQ  32L R79 %  J/W/Y//4/17/167//3/10/136//                    
CZ6326 1215  SZX NGB  32G R97 %  J/W/Y//4/17/138//4/16/135//                    
                 DLC  32G R0E %                  //0/0/0//                      
             NGB DLC  32G  76 %  J/W/Y//4/17/138//2/9/110//                     
CZ8635 1220  SZX YNZ  320 R41 %  J/W/Y//8/23/120//1/12/50//                     
                 YNT  320 R28 %                  //0/1/42//                     
             YNZ YNT  320  12 %  J/W/Y//8/23/120//1/5/13//                      
CZ3193 1230  SZX PEK  333 R70 %  F/J/W/Y//4/24/47/208//1/15/31/152//           +
                                                                                

2018 November 06, Tuesday, 08:38:14
SID: 51
>pn
                                                                                
        DEPARTURE LIST FROM SZX  ON 05NOV18                                    -
CZ3831 1235  SZX SHA  32L R86 %  J/W/Y//4/17/167//3/8/152//                     
CZ3453 1240  SZX CTU  32L R79 %  J/W/Y//4/17/167//2/17/130//                    
CZ3633 1250  SZX HRB  32L R63 %  J/W/Y//4/17/167//4/2/113//                     
CZ6445 1255  SZX CGD  321 R82 %  J/W/Y//12/23/143//7/22/118//                   
CZ3153 1330  SZX PEK  32L R45 %  J/W/Y//4/17/167//3/14/68//                     
CZ3561 1330  SZX SHA  321 R61 %  J/W/Y//12/23/143//6/8/95//                     
CZ3451 1335  SZX KMG  32G R66 %  J/W/Y//4/17/138//1/9/96//                      
                 LJG  32G R28 %                  //0/6/40//                     
             KMG LJG  32G R70 %  J/W/Y//4/17/138//3/11/98//                     
CZ8579 1345  SZX LZO  320 R63 %  J/W/Y//8/23/120//4/8/84//                      
CZ6763 1350  SZX LYA  32L R43 %  J/W/Y//4/17/167//1/3/77//                      
                 HET  32L R31 %                  //0/2/57//                     
             LYA HET  32L  17 %  J/W/Y//4/17/167//0/0/33//                      
CZ3557 1355  SZX SHA  320 R86 %  J/W/Y//8/23/120//7/18/105//                    
CZ3255 1415  SZX KOW  32L R26 %  J/W/Y//4/17/167//4/16/30//                     
                 PEK  32L R47 %                  //0/0/89//                     
             KOW PEK  32L R31 %  J/W/Y//4/17/167//1/2/57//                      
CZ6274 1425  SZX HRB  320 R63 %  J/W/Y//8/23/120//7/2/87//                      
CZ3827 1435  SZX NKG  32L R89 %  J/W/Y//4/17/167//2/11/156//                    
CZ3435 1445  SZX KWE  320 R49 %  J/W/Y//8/23/120//6/15/53//                     
                 URC  320  36 %                  //1/1/53//                     
             KWE URC  320 R11 %  J/W/Y//8/23/120//1/0/16//                     +
                                                                                

2018 November 06, Tuesday, 08:38:15
SID: 51
>pn
                                                                                
        DEPARTURE LIST FROM SZX  ON 05NOV18                                    -
CZ6312 1450  SZX TAO  32E R64 %  J/W/Y//4/23/138//3/20/84//                     
                 SHE  32E R11 %                  //0/0/19//                     
             TAO SHE  32E R81 %  J/W/Y//4/23/138//1/15/119//                    
CZ3351 1455  SZX CZX  321 R61 %  J/W/Y//12/23/143//0/6/104//                    
CZ6336 1510  SZX CGO  73M R99 %  J/W/Y//4/23/150//4/22/150//                    
CZ3189 1530  SZX PEK  333 R62 %  F/J/W/Y//4/24/47/208//4/19/17/137//            
CZ3549 1550  SZX SHA  320 R88 %  J/W/Y//8/23/120//3/21/110//                    
CZ6358 1550  SZX TAO  32L R59 %  J/W/Y//4/17/167//2/5/105//                     
                 CGQ  32L R23 %                  //2/0/42//                     
             TAO CGQ  32L  56 %  J/W/Y//4/17/167//0/3/103//                     
CZ6890 1615  SZX CSX  73S R66 %  J/W/Y//4/23/150//1/13/104//                    
                 URC  73S  10 %                  //1/0/18//                     
             CSX URC  73S R56 %  J/W/Y//4/23/150//0/7/93//                      
CZ6328 1620  SZX HGH  32L R81 %  J/W/Y//4/17/167//3/13/138//                    
                 DLC  32L R5E %                  //0/1/10//                     
             HGH DLC  32L R91 %  J/W/Y//4/17/167//2/15/155//                    
CZ3157 1630  SZX PEK  333 R69 %  F/J/W/Y//4/24/47/208//0/20/10/167//            
CZ3565 1640  SZX HFE  32L R91 %  J/W/Y//4/17/167//4/17/151//                    
CZ6610 1655  SZX CGQ  320 R77 %  J/W/Y//8/23/120//8/17/92//                     
CZ3369 1700  SZX WNZ  32L R89 %  J/W/Y//4/17/167//3/8/158//                     
CZ3587 1700  SZX SHA  333 R86 %  F/J/W/Y//4/24/47/208//0/22/34/189//            
CZ3744 1715  SZX HGH  32M R68 %  J/W/Y//4/23/167//4/10/118//                   +
                                                                                

2018 November 06, Tuesday, 08:38:15
SID: 51
>pn
                                                                                
        DEPARTURE LIST FROM SZX  ON 05NOV18                                    -
                 HRB  32M R23 %                  //0/1/44//                     
             HGH HRB  32M R64 %  J/W/Y//4/23/167//0/12/114//                    
CZ3577 1730  SZX NKG  320 R84 %  J/W/Y//8/23/120//1/20/107//                    
CZ6478 1735  SZX CGO  73M R89 %  J/W/Y//4/23/150//4/18/137//                    
                 HET  73M R3E %                  //0/0/6//                      
             CGO HET  73M R77 %  J/W/Y//4/23/150//1/8/128//                     
CZ6304 1740  SZX SHE  32L R65 %  J/W/Y//4/17/167//4/14/105//                    
CZ3191 1745  SZX PEK  321 R75 %  J/W/Y//12/23/143//9/17/109//                   
CZ3225 1745  SZX XIY  320 R56 %  J/W/Y//8/23/120//4/12/69//                     
                 INC  320 R23 %                  //2/0/33//                     
             XIY INC  320 R58 %  J/W/Y//8/23/120//1/16/72//                     
CZ3209 1755  SZX WUX  320 R86 %  J/W/Y//8/23/120//8/20/103//                    
CZ6557 1755  SZX ZYI  320 R80 %  J/W/Y//8/23/120//4/21/96//                     
CZ3433 1815  SZX CTU  321 R61 %  J/W/Y//12/23/143//6/2/101//                    
CZ6923 1820  SZX KMG  320 R90 %  J/W/Y//8/23/120//7/19/111//                    
CZ3563 1825  SZX HGH  321 R71 %  J/W/Y//12/23/143//7/17/103//                   
CZ3356 1910  SZX WUH  73N R86 %  J/W/Y//4/17/150//3/13/132//                    
CZ3155 1950  SZX PEK  321 R56 %  J/W/Y//12/23/143//12/16/73//                   
CZ3668 1950  SZX KWE  73N R76 %  J/W/Y//4/17/150//3/8/119//                     
CZ6847 2010  SZX TXN  320 R62 %  J/W/Y//8/23/120//4/10/80//                     
CZ8136 2020  SZX CKG  320 R88 %  J/W/Y//8/23/120//7/19/107//                    
CZ3171 2040  SZX PEK  32L R54 %  J/W/Y//4/17/167//4/5/93//                     +
                                                                                

2018 November 06, Tuesday, 08:38:16
SID: 51
>pn
        DEPARTURE LIST FROM SZX  ON 05NOV18                                    -
CZ3955 2055  SZX HAK  32L R90 %  J/W/Y//4/17/167//4/16/150//                    
CZ3279 2100  SZX XIY  73N R49 %  J/W/Y//4/17/150//3/2/80//                      
CZ3589 2100  SZX SHA  333 R61 %  F/J/W/Y//4/24/47/208//1/14/12/147//            
CZ3365 2125  SZX HGH  32L R89 %  J/W/Y//4/17/167//3/11/155//                    
CZ6310 2125  SZX SHE  32E R64 %  J/W/Y//4/23/138//2/8/97//                      
CZ3962 2130  SZX PEK  321 R55 %  J/W/Y//12/23/143//5/5/89//                     
CZ3974 2135  SZX CGO  738 R76 %  J/W/Y//8/23/132//4/15/106//                    
CZ3991 2200  SZX DYG  321 R53 %  J/W/Y//12/23/143//7/22/67//                    
CZ8595 2200  SZX HFE  32L R55 %  J/W/Y//4/17/167//2/1/101//                     
CZ6372 2205  SZX KWE  738 R62 %  J/W/Y//8/23/132//6/12/84//                     
CZ3709 2210  SZX WNZ  32L R87 %  J/W/Y//4/17/167//0/6/159//                     
CZ3238 2220  SZX NNG  73C R77 %  J/W/Y//4/17/106//4/10/84//                     
CZ8112 2235  SZX CKG  320 R73 %  J/W/Y//8/23/120//0/15/96//                     
CZ6254 2345  SZX HAK  32D R98 %  J/W/Y//4/23/138//4/22/137//                    
                                                                                
FLIGHT  TOTAL = 102     SEATS BOOKED   =  14466 (F12J510W1506Y12438 )           
                        SEATS TOTAL    =  18395 (F36J816W2304Y15239 )           
                        SEATS AVAILABLE=  3929 (F24J306W798Y2801 )              
                        USAGE PERCENT  =  78 %                                  
                                                                                

2018 November 06, Tuesday, 08:38:17
SID: 51
>pn
                                                                                
        DEPARTURE LIST FROM SZX  ON 05NOV18                                    -
CZ6847 2010  SZX TXN  320 R62 %  J/W/Y//8/23/120//4/10/80//                     
CZ8136 2020  SZX CKG  320 R88 %  J/W/Y//8/23/120//7/19/107//                    
CZ3171 2040  SZX PEK  32L R54 %  J/W/Y//4/17/167//4/5/93//                      
CZ3955 2055  SZX HAK  32L R90 %  J/W/Y//4/17/167//4/16/150//                    
CZ3279 2100  SZX XIY  73N R49 %  J/W/Y//4/17/150//3/2/80//                      
CZ3589 2100  SZX SHA  333 R61 %  F/J/W/Y//4/24/47/208//1/14/12/147//            
CZ3365 2125  SZX HGH  32L R89 %  J/W/Y//4/17/167//3/11/155//                    
CZ6310 2125  SZX SHE  32E R64 %  J/W/Y//4/23/138//2/8/97//                      
CZ3962 2130  SZX PEK  321 R55 %  J/W/Y//12/23/143//5/5/89//                     
CZ3974 2135  SZX CGO  738 R76 %  J/W/Y//8/23/132//4/15/106//                    
CZ3991 2200  SZX DYG  321 R53 %  J/W/Y//12/23/143//7/22/67//                    
CZ8595 2200  SZX HFE  32L R55 %  J/W/Y//4/17/167//2/1/101//                     
CZ6372 2205  SZX KWE  738 R62 %  J/W/Y//8/23/132//6/12/84//                     
CZ3709 2210  SZX WNZ  32L R87 %  J/W/Y//4/17/167//0/6/159//                     
CZ3238 2220  SZX NNG  73C R77 %  J/W/Y//4/17/106//4/10/84//                     
CZ8112 2235  SZX CKG  320 R73 %  J/W/Y//8/23/120//0/15/96//                     
CZ6254 2345  SZX HAK  32D R98 %  J/W/Y//4/23/138//4/22/137//                    
                                                                                
FLIGHT  TOTAL = 102     SEATS BOOKED   =  14466 (F12J510W1506Y12438 )           
                        SEATS TOTAL    =  18395 (F36J816W2304Y15239 )           
                        SEATS AVAILABLE=  3929 (F24J306W798Y2801 )              
                        USAGE PERCENT  =  78 %                                  
                                                                                

2018 November 06, Tuesday, 08:38:18
SID: 51
>fdl k/d/-/szx/zh/99
                                                                                
        DEPARTURE LIST FROM SZX  ON 05NOV18                                     
ZH9887 0635  SZX HFE  738 R50 %  F/C/G/Y//6/2/0/159//0/0/0/84//                 
                 DAT  738 R15 %                     //2/0/0/24//                
             HFE DAT  738 R42 %  F/C/G/Y//6/2/0/159//0/0/0/71//                 
ZH9325 0645  SZX NNG  738 R74 %  F/C/G/Y//6/2/0/159//4/0/0/121//                
ZH9927 0655  SZX JUH  320 R54 %  F/C/G/Y//6/2/0/149//6/0/0/80//                 
ZH9337 0700  SZX XFN  320 R84 %  F/C/G/Y//6/2/0/149//4/0/0/129//                
ZH9951 0700  SZX MIG  738 R66 %  F/C/G/Y//6/2/0/159//4/1/0/106//                
ZH9435 0705  SZX KMG  738 R83 %  F/C/G/Y//6/2/0/155//1/0/0/135//                
ZH9801 0705  SZX WUX  73F R77 %  F/C/G/Y//6/2/23/130//5/1/7/111//               
ZH9949 0705  SZX PZI  319 R77 %  F/C/G/Y//6/2/0/119//3/0/0/96//                 
ZH9303 0710  SZX CGO  319 R82 %  F/C/G/Y//6/2/0/119//3/0/0/102//                
ZH9931 0715  SZX CZX  73F R67 %  F/C/G/Y//6/2/0/153//0/0/0/108//                
ZH9137 0720  SZX SJW  739 R92 %  F/C/G/Y//6/2/0/158//6/2/0/145//                
ZH9121 0725  SZX TSN  739 R43 %  F/C/G/Y//6/2/0/158//1/0/0/72//                 
ZH9421 0735  SZX CKG  739 R80 %  F/C/G/Y//6/2/0/158//2/0/0/131//                
ZH9101 0740  SZX PEK  330 R89 %  F/C/G/Y//12/6/23/266//12/6/22/234//            
ZH9841 0740  SZX NKG  38M R83 %  F/C/G/Y//6/2/0/153//2/1/3/128//                
ZH9941 0745  SZX LJG  320 R78 %  F/C/G/Y//6/2/0/149//5/1/0/118//                
ZH9871 0750  SZX HGH  738 R84 %  F/C/G/Y//6/2/0/159//5/2/0/134//                
ZH9127 0755  SZX WUH  738 R70 %  F/C/G/Y//6/2/0/159//1/0/0/116//                
                 HET  738 R7E %                     //0/0/0/12//                
             WUH HET  738 R63 %  F/C/G/Y//6/2/0/159//0/0/0/106//               +
                                                                                

2018 November 06, Tuesday, 08:38:19
SID: 51
>pn
                                                                                
        DEPARTURE LIST FROM SZX  ON 05NOV18                                    -
ZH9401 0800  SZX CTU  738 R96 %  F/C/G/Y//6/2/0/159//4/1/0/156//                
ZH9501 0805  SZX SHA  330 R59 %  F/C/G/Y//12/6/23/266//9/9/23/141//             
ZH9601 0815  SZX SHE  73F R75 %  F/C/G/Y//6/2/0/153//6/2/0/113//                
ZH9891 0815  SZX HFE  739 R75 %  F/C/G/Y//6/2/0/158//2/1/0/122//                
ZH9423 0820  SZX CKG  38M R78 %  F/C/G/Y//6/2/0/153//2/1/0/123//                
ZH9901 0820  SZX TNA  320 R75 %  F/C/G/Y//6/2/0/149//2/2/0/114//                
ZH9331 0825  SZX YIH  319 R77 %  F/C/G/Y//6/2/0/119//1/0/0/97//                 
ZH9959 0825  SZX WXN  320 R81 %  F/C/G/Y//6/2/0/149//1/0/0/127//                
ZH9631 0830  SZX YTY  32F R72 %  F/C/G/Y//6/2/0/143//1/0/0/109//                
                 DLC  32F R9E %                     //0/0/0/14//                
             YTY DLC  32F R58 %  F/C/G/Y//6/2/0/143//0/0/0/89//                 
ZH9641 0835  SZX YNT  73F R64 %  F/C/G/Y//6/2/0/153//4/1/0/99//                 
                 CGQ  73F R19 %                     //0/0/0/31//                
             YNT CGQ  73F R37 %  F/C/G/Y//6/2/0/153//0/0/0/61//                 
ZH9621 0840  SZX HRB  738 R59 %  F/C/G/Y//6/2/0/159//1/0/0/98//                 
ZH9911 0840  SZX TAO  73F R88 %  F/C/G/Y//6/2/0/153//5/1/0/136//                
ZH9301 0845  SZX CGO  319 R85 %  F/C/G/Y//6/2/0/119//6/1/0/101//                
ZH9139 0850  SZX YCU  320 R67 %  F/C/G/Y//6/2/0/149//2/0/0/104//                
ZH9231 0850  SZX INC  319 R75 %  F/C/G/Y//6/2/0/119//4/0/0/92//                 
ZH9873 0850  SZX HGH  320 R79 %  F/C/G/Y//6/2/0/149//5/0/0/120//                
ZH9843 0855  SZX NKG  330  69 %  F/C/G/Y//12/6/23/266//10/1/14/189//            
ZH9947 0855  SZX TCZ  319 R81 %  F/C/G/Y//6/2/0/119//2/0/0/101//               +
                                                                                

2018 November 06, Tuesday, 08:38:20
SID: 51
>pn
                                                                                
        DEPARTURE LIST FROM SZX  ON 05NOV18                                    -
ZH9803 0905  SZX WUX  73F R75 %  F/C/G/Y//6/2/23/130//5/1/6/110//               
ZH9131 0910  SZX TYN  320 R83 %  F/C/G/Y//6/2/0/149//4/1/0/126//                
ZH9643 0925  SZX CGQ  32F R79 %  F/C/G/Y//6/2/0/143//2/0/0/118//                
ZH9403 0930  SZX CTU  32F R100%  F/C/G/Y//6/2/0/143//7/1/0/143//                
ZH9921 0935  SZX NTG  32F R80 %  F/C/G/Y//6/2/0/143//0/1/0/120//                
ZH9103 0950  SZX PEK  73F R73 %  F/C/G/Y//6/2/0/153//4/0/0/114//                
ZH9875 0955  SZX HGH  738 R69 %  F/C/G/Y//6/2/0/159//2/1/0/113//                
ZH9893 1020  SZX HFE  32F R64 %  F/C/G/Y//6/2/0/143//5/2/0/90//                 
ZH9505 1025  SZX JJN  32F R41 %  F/C/G/Y//6/2/0/143//4/1/0/58//                 
                 PVG  32F R23 %                     //1/1/0/33//                
             JJN PVG  32F R64 %  F/C/G/Y//6/2/0/143//2/1/0/94//                 
ZH9805 1035  SZX WUX  73F R90 %  F/C/G/Y//6/2/23/130//5/2/11/128//              
ZH9845 1040  SZX NKG  73F R73 %  F/C/G/Y//6/2/10/143//4/2/5/108//               
ZH9425 1045  SZX CKG  73F R73 %  F/C/G/Y//6/2/0/153//5/0/0/113//                
ZH9211 1055  SZX XIY  330 R75 %  F/C/G/Y//12/6/23/266//9/3/4/215//              
ZH9323 1105  SZX SYX  738 R96 %  F/C/G/Y//6/2/0/159//2/0/0/159//                
ZH9903 1125  SZX TNA  73F R76 %  F/C/G/Y//6/2/0/153//5/0/0/118//                
ZH9603 1130  SZX SHE  32F R73 %  F/C/G/Y//6/2/0/143//4/1/0/106//                
ZH9623 1135  SZX HRB  32F R70 %  F/C/G/Y//6/2/0/143//2/0/0/105//                
ZH9877 1140  SZX HGH  32F R74 %  F/C/G/Y//6/2/0/143//3/0/0/110//                
ZH9437 1150  SZX KMG  738 R80 %  F/C/G/Y//6/2/0/159//2/1/0/132//                
ZH9633 1150  SZX DLC  320 R75 %  F/C/G/Y//6/2/0/149//4/1/0/113//               +
                                                                                

2018 November 06, Tuesday, 08:38:20
SID: 51
>pn
                                                                                
        DEPARTURE LIST FROM SZX  ON 05NOV18                                    -
ZH9507 1205  SZX SHA  739 R69 %  F/C/G/Y//6/1/0/158//5/0/0/109//                
ZH9105 1230  SZX PEK  73F R68 %  F/C/G/Y//6/2/0/153//1/1/0/108//                
ZH9847 1240  SZX NKG  320 R95 %  F/C/G/Y//6/2/0/149//6/2/0/142//                
ZH9509 1250  SZX KHN  320 R92 %  F/C/G/Y//6/2/0/149//4/2/0/140//                
                 PVG  320 R0E %                     //1/0/0/0//                 
             KHN PVG  320 R84 %  F/C/G/Y//6/2/0/149//4/1/0/128//                
ZH9405 1310  SZX CTU  32F R76 %  F/C/G/Y//6/2/0/143//3/0/0/112//                
ZH9807 1350  SZX WUX  73F R72 %  F/C/G/Y//6/2/23/130//6/2/5/103//               
ZH9879 1350  SZX HGH  738 R84 %  F/C/G/Y//6/2/0/159//5/2/0/134//                
ZH9605 1410  SZX SHE  73F R64 %  F/C/G/Y//6/2/0/153//5/2/0/97//                 
ZH9511 1430  SZX SHA  319 R92 %  F/C/G/Y//6/2/0/119//3/2/0/112//                
ZH9213 1435  SZX XIY  32F R91 %  F/C/G/Y//6/2/0/143//5/1/0/132//                
ZH9107 1445  SZX PEK  739 R50 %  F/C/G/Y//6/2/0/158//3/0/0/80//                 
ZH9913 1445  SZX TAO  738 R83 %  F/C/G/Y//6/2/0/155//6/2/0/128//                
ZH9133 1500  SZX TYN  319 R73 %  F/C/G/Y//6/2/0/119//1/0/0/92//                 
ZH9513 1510  SZX PVG  739 R63 %  F/C/G/Y//6/2/0/158//4/4/0/98//                 
ZH9746 1515  SZX NTG  738 R43 %  F/C/G/Y//6/2/0/159//2/1/0/69//                 
                 TAO  738 R25 %                     //0/0/0/42//                
                 HRB  738 R0E %                     //0/0/0/0//                 
             NTG TAO  738 R34 %  F/C/G/Y//6/2/0/159//3/0/0/55//                 
                 HRB  738 R23 %                     //1/0/0/39//                
             TAO HRB  738 R66 %  F/C/G/Y//6/2/0/159//0/0/0/111//               +
                                                                                

2018 November 06, Tuesday, 08:38:21
SID: 51
>pn
                                                                                
        DEPARTURE LIST FROM SZX  ON 05NOV18                                    -
ZH9123 1520  SZX TSN  73F R62 %  F/C/G/Y//6/2/0/153//3/1/0/97//                 
ZH9625 1545  SZX HRB  320 R61 %  F/C/G/Y//6/2/0/149//5/1/0/91//                 
ZH9809 1555  SZX WUX  38M R87 %  F/C/G/Y//6/2/23/130//6/2/6/127//               
ZH9881 1555  SZX HGH  739 R89 %  F/C/G/Y//6/2/0/158//6/1/0/141//                
ZH9109 1600  SZX PEK  330 R57 %  F/C/G/Y//12/6/23/266//11/5/10/152//            
ZH9239 1600  SZX LHW  73F R40 %  F/C/G/Y//6/2/0/153//4/2/0/60//                 
                 URC  73F R32 %                     //1/0/0/51//                
             LHW URC  73F R29 %  F/C/G/Y//6/2/0/153//0/0/0/47//                 
ZH9849 1635  SZX NKG  38M R67 %  F/C/G/Y//6/2/10/143//1/0/0/107//               
ZH9427 1640  SZX CKG  739 R65 %  F/C/G/Y//6/2/0/158//4/0/0/104//                
ZH9915 1640  SZX TAO  320 R76 %  F/C/G/Y//6/2/0/149//6/2/0/112//                
ZH9929 1650  SZX LYI  320 R84 %  F/C/G/Y//6/2/0/149//4/2/0/126//                
ZH9515 1655  SZX SHA  330 R70 %  F/C/G/Y//12/6/23/266//12/4/10/191//            
ZH9407 1710  SZX CTU  330 R63 %  F/C/G/Y//12/6/23/266//11/4/2/179//             
ZH9429 1725  SZX CKG  738 R62 %  F/C/G/Y//6/2/0/159//4/0/0/101//                
ZH9519 1800  SZX JDZ  320 R35 %  F/C/G/Y//6/2/0/149//1/0/0/54//                 
                 SHA  320 R35 %                     //0/0/0/55//                
             JDZ SHA  320 R22 %  F/C/G/Y//6/2/0/149//5/1/0/30//                 
ZH9851 1800  SZX NKG  738 R76 %  F/C/G/Y//6/2/0/159//3/2/1/121//                
ZH9645 1805  SZX KHN  73F R78 %  F/C/G/Y//6/2/0/153//3/2/0/121//                
                 CGQ  73F R19 %                     //2/0/0/30//                
             KHN CGQ  73F R49 %  F/C/G/Y//6/2/0/153//0/0/0/80//                +
                                                                                

2018 November 06, Tuesday, 08:38:22
SID: 51
>pn
                                                                                
        DEPARTURE LIST FROM SZX  ON 05NOV18                                    -
ZH9883 1805  SZX HGH  73F R57 %  F/C/G/Y//6/2/0/153//3/0/0/90//                 
ZH9957 1810  SZX YBP  319 R77 %  F/C/G/Y//6/2/0/119//4/0/0/95//                 
ZH9609 1815  SZX YTY  320 R55 %  F/C/G/Y//6/2/0/149//2/0/0/85//                 
                 SHE  320 R32 %                     //4/1/0/46//                
             YTY SHE  320 R32 %  F/C/G/Y//6/2/0/149//2/0/0/49//                 
ZH9517 1820  SZX PVG  738 R76 %  F/C/G/Y//6/2/0/159//3/4/0/120//                
ZH9111 1850  SZX YIC  320 R28 %  F/C/G/Y//6/2/0/149//1/0/0/44//                 
                 PEK  320 R49 %                     //0/0/0/77//                
             YIC PEK  320 R34 %  F/C/G/Y//6/2/0/149//3/1/0/50//                 
ZH9215 1900  SZX XIY  32F R78 %  F/C/G/Y//6/2/0/143//2/1/0/116//                
ZH9919 1905  SZX HYN  73F R73 %  F/C/G/Y//6/2/0/153//5/1/0/113//                
ZH9811 1920  SZX WUX  73F R82 %  F/C/G/Y//7/1/13/140//6/1/3/123//               
ZH9409 1925  SZX CTU  32F R58 %  F/C/G/Y//6/2/0/143//0/0/0/89//                 
ZH9305 2005  SZX CGO  32F R93 %  F/C/G/Y//6/2/0/143//6/2/0/133//                
ZH9321 2010  SZX SYX  32F R94 %  F/C/G/Y//6/2/0/143//1/1/0/141//                
ZH9897 2015  SZX HFE  738 R62 %  F/C/G/Y//6/2/0/159//3/1/0/101//                
ZH9909 2015  SZX WNZ  73F R88 %  F/C/G/Y//6/2/0/153//3/0/0/139//                
ZH9217 2020  SZX XIY  32F R45 %  F/C/G/Y//6/2/0/143//3/0/0/65//                 
ZH9431 2025  SZX CKG  73F R77 %  F/C/G/Y//6/2/0/153//3/0/0/121//                
ZH9939 2040  SZX JUZ  738 R62 %  F/C/G/Y//6/2/0/159//4/1/0/100//                
ZH9313 2100  SZX HAK  738 R77 %  F/C/G/Y//6/2/0/159//3/2/0/124//                
ZH9411 2115  SZX CTU  330 R69 %  F/C/G/Y//12/6/23/266//9/0/0/203//             +
                                                                                

2018 November 06, Tuesday, 08:38:23
SID: 51
>pn
        DEPARTURE LIST FROM SZX  ON 05NOV18                                    -
ZH9853 2115  SZX NKG  320 R85 %  F/C/G/Y//6/2/0/149//5/0/0/130//                
ZH9439 2120  SZX KMG  738 R84 %  F/C/G/Y//6/2/0/159//1/0/0/140//                
ZH9113 2125  SZX PEK  73F R68 %  F/C/G/Y//6/2/0/153//3/2/0/105//                
ZH9889 2200  SZX HFE  320 R45 %  F/C/G/Y//6/2/0/149//1/0/0/71//                 
ZH9329 2210  SZX ZHA  738 R68 %  F/C/G/Y//6/2/0/159//4/0/0/110//                
ZH9899 2215  SZX HFE  32F R55 %  F/C/G/Y//6/2/0/143//0/0/0/84//                 
ZH9813 2220  SZX WUX  73F R80 %  F/C/G/Y//8/0/13/140//2/0/2/125//               
ZH9925 2225  SZX NTG  320 R66 %  F/C/G/Y//6/2/0/149//2/0/0/103//                
                                                                                
FLIGHT  TOTAL = 113     SEATS BOOKED   =  14211 (F442C119Y13516G134 )           
                        SEATS TOTAL    =  18973 (F729C254Y17645G345 )           
                        SEATS AVAILABLE=  4762 (F287C135Y4129G211 )             
                        USAGE PERCENT  =  74 %                                  
                                                                                

2018 November 06, Tuesday, 08:38:23
SID: 51
>pn
                                                                                
        DEPARTURE LIST FROM SZX  ON 05NOV18                                    -
ZH9305 2005  SZX CGO  32F R93 %  F/C/G/Y//6/2/0/143//6/2/0/133//                
ZH9321 2010  SZX SYX  32F R94 %  F/C/G/Y//6/2/0/143//1/1/0/141//                
ZH9897 2015  SZX HFE  738 R62 %  F/C/G/Y//6/2/0/159//3/1/0/101//                
ZH9909 2015  SZX WNZ  73F R88 %  F/C/G/Y//6/2/0/153//3/0/0/139//                
ZH9217 2020  SZX XIY  32F R45 %  F/C/G/Y//6/2/0/143//3/0/0/65//                 
ZH9431 2025  SZX CKG  73F R77 %  F/C/G/Y//6/2/0/153//3/0/0/121//                
ZH9939 2040  SZX JUZ  738 R62 %  F/C/G/Y//6/2/0/159//4/1/0/100//                
ZH9313 2100  SZX HAK  738 R77 %  F/C/G/Y//6/2/0/159//3/2/0/124//                
ZH9411 2115  SZX CTU  330 R69 %  F/C/G/Y//12/6/23/266//9/0/0/203//              
ZH9853 2115  SZX NKG  320 R85 %  F/C/G/Y//6/2/0/149//5/0/0/130//                
ZH9439 2120  SZX KMG  738 R84 %  F/C/G/Y//6/2/0/159//1/0/0/140//                
ZH9113 2125  SZX PEK  73F R68 %  F/C/G/Y//6/2/0/153//3/2/0/105//                
ZH9889 2200  SZX HFE  320 R45 %  F/C/G/Y//6/2/0/149//1/0/0/71//                 
ZH9329 2210  SZX ZHA  738 R68 %  F/C/G/Y//6/2/0/159//4/0/0/110//                
ZH9899 2215  SZX HFE  32F R55 %  F/C/G/Y//6/2/0/143//0/0/0/84//                 
ZH9813 2220  SZX WUX  73F R80 %  F/C/G/Y//8/0/13/140//2/0/2/125//               
ZH9925 2225  SZX NTG  320 R66 %  F/C/G/Y//6/2/0/149//2/0/0/103//                
                                                                                
FLIGHT  TOTAL = 113     SEATS BOOKED   =  14211 (F442C119Y13516G134 )           
                        SEATS TOTAL    =  18973 (F729C254Y17645G345 )           
                        SEATS AVAILABLE=  4762 (F287C135Y4129G211 )             
                        USAGE PERCENT  =  74 %                                  
                                                                                

2018 November 06, Tuesday, 08:38:24
SID: 51
>fdl k/c/./szx/cz/99
                                                                                
        DEPARTURE LIST FROM SZX  ON 06NOV18                                     
CZ3343 0600  SZX LZY  31G R86 %  J/W/Y//4/17/108//0/13/98//                     
CZ3621 0625  SZX CTU  321 R80 %  J/W/Y//12/23/143//0/14/130//                   
CZ6443 0640  SZX HAK  32L R90 %  J/W/Y//4/17/167//4/10/157//                    
CZ3673 0650  SZX KWE  32L R70 %  J/W/Y//4/17/167//3/4/126//                     
CZ3920 0650  SZX NNY  320 R60 %  J/W/Y//8/23/120//2/14/76//                     
                 LHW  320 R7E %                  //0/0/11//                     
             NNY LHW  320 R5  %  J/W/Y//8/23/120//2/0/6//                       
CZ3457 0740  SZX CTU  333 R67 %  F/J/W/Y//4/24/47/208//0/10/9/173//             
CZ3963 0745  SZX TAO  32L R64 %  J/W/Y//4/17/167//3/4/114//                     
                 CGQ  32L R10 %                  //1/0/18//                     
             TAO CGQ  32L  44 %  J/W/Y//4/17/167//0/0/84//                      
CZ3459 0800  SZX KMG  321 R79 %  J/W/Y//12/23/143//6/12/123//                   
CZ3965 0800  SZX SHA  333 R98 %  F/J/W/Y//4/24/47/208//3/23/47/207//            
CZ3617 0805  SZX ZHA  320  72 %  J/W/Y//8/23/120//3/14/93//                     
                 XIY  320 R1E %                  //2/0/0//                      
             ZHA XIY  320  49 %  J/W/Y//8/23/120//1/1/73//                      
CZ6237 0805  SZX XIY  32L R89 %  J/W/Y//4/17/167//4/9/155//                     
CZ3465 0810  SZX CKG  32L R58 %  J/W/Y//4/17/167//2/6/102//                     
CZ3559 0810  SZX NKG  32L R87 %  J/W/Y//4/17/167//3/12/149//                    
CZ3911 0810  SZX WUH  320 R76 %  J/W/Y//8/23/120//3/21/92//                     
                 URC  320 R17 %                  //0/1/26//                     
             WUH URC  320 R73 %  J/W/Y//8/23/120//3/4/104//                    +
                                                                                

2018 November 06, Tuesday, 08:38:25
SID: 51
>pn
                                                                                
        DEPARTURE LIST FROM SZX  ON 06NOV18                                    -
CZ3675 0815  SZX HZG  320 R31 %  J/W/Y//8/23/120//1/0/47//                      
CZ6833 0825  SZX DLC  320 R40 %  J/W/Y//8/23/120//7/3/51//                      
                 MDG  320 R50 %                  //1/11/65//                    
             DLC MDG  320 R24 %  J/W/Y//8/23/120//1/5/31//                      
CZ3151 0835  SZX PEK  333 R83 %  F/J/W/Y//4/24/47/208//0/20/44/173//            
CZ3569 0845  SZX HGH  321 R88 %  J/W/Y//12/23/143//8/23/126//                   
CZ3976 0855  SZX CGO  73Q R88 %  J/W/Y//4/17/147//4/10/135//                    
CZ3553 0900  SZX SHA  333 R101%  F/J/W/Y//4/24/47/208//4/24/47/211//            
CZ6969 0900  SZX NAO  32G R81 %  J/W/Y//4/17/138//3/4/123//                     
CZ3213 0915  SZX XIY  32L R87 %  J/W/Y//4/17/167//4/12/149//                    
CZ6481 0915  SZX HRB  321 R60 %  J/W/Y//12/23/143//4/0/103//                    
CZ6300 0925  SZX DLC  32L R61 %  J/W/Y//4/17/167//3/7/105//                     
CZ3669 0935  SZX HAK  32L R82 %  J/W/Y//4/17/167//2/17/136//                    
CZ3609 0945  SZX PVG  320 R98 %  J/W/Y//8/23/120//8/23/118//                    
                 SHE  320 R1  %                  //0/0/2//                      
             PVG SHE  320  32 %  J/W/Y//8/23/120//4/2/43//                      
CZ3978 0950  SZX SYX  321 R84 %  J/W/Y//12/23/143//10/21/120//                  
CZ3583 1000  SZX KHN  32L R84 %  J/W/Y//4/17/167//3/16/139//                    
                 TYN  32L R5  %                  //0/0/11//                     
             KHN TYN  32L  71 %  J/W/Y//4/17/167//1/0/134//                     
CZ8579 1005  SZX LZO  320 R55 %  J/W/Y//8/23/120//2/4/78//                      
CZ3611 1015  SZX SHE  320 R67 %  J/W/Y//8/23/120//6/12/84//                    +
                                                                                

2018 November 06, Tuesday, 08:38:26
SID: 51
>pn
                                                                                
        DEPARTURE LIST FROM SZX  ON 06NOV18                                    -
                 DQA  320 R5  %                  //0/0/8//                      
             SHE DQA  320 R23 %  J/W/Y//8/23/120//0/0/36//                      
CZ3233 1025  SZX NNG  73C R74 %  J/W/Y//4/17/106//4/17/73//                     
                 WNH  73C R16 %                  //0/0/21//                     
             NNG WNH  73C R25 %  J/W/Y//4/17/106//0/0/33//                      
CZ3159 1030  SZX PEK  333 R75 %  F/J/W/Y//4/24/47/208//1/14/31/169//            
CZ3793 1100  SZX XIY  73N R61 %  J/W/Y//4/17/150//2/11/92//                     
CZ6597 1100  SZX CGO  73C R68 %  J/W/Y//4/17/106//3/5/79//                      
                 BPE  73C R14 %                  //0/2/17//                     
             CGO BPE  73C R27 %  J/W/Y//4/17/106//0/0/35//                      
CZ3876 1105  SZX YIW  738 R84 %  J/W/Y//8/23/132//8/12/118//                    
CZ3358 1110  SZX WUH  73M R88 %  J/W/Y//4/23/150//3/10/143//                    
CZ6701 1120  SZX HSN  320 R95 %  J/W/Y//8/23/120//8/23/113//                    
                 LYG  320 R4  %                  //0/0/7//                      
             HSN LYG  320 R23 %  J/W/Y//8/23/120//0/1/34//                      
CZ3455 1145  SZX CKG  320 R74 %  J/W/Y//8/23/120//4/5/104//                     
CZ3797 1145  SZX HGH  32L R66 %  J/W/Y//4/17/167//4/17/104//                    
CZ3551 1200  SZX SHA  320 R100%  J/W/Y//8/23/120//7/23/121//                    
CZ6653 1205  SZX NAO  320 R76 %  J/W/Y//8/23/120//0/3/112//                     
CZ3613 1215  SZX CGQ  32L R76 %  J/W/Y//4/17/167//3/4/136//                     
CZ6326 1215  SZX NGB  32G R98 %  J/W/Y//4/17/138//3/17/136//                    
                 DLC  32G R1  %                  //1/0/1//                     +
                                                                                

2018 November 06, Tuesday, 08:38:27
SID: 51
>pn
                                                                                
        DEPARTURE LIST FROM SZX  ON 06NOV18                                    -
             NGB DLC  32G  61 %  J/W/Y//4/17/138//2/0/95//                      
CZ8635 1220  SZX YNZ  320 R64 %  J/W/Y//8/23/120//6/9/82//                      
                 YNT  320 R15 %                  //2/0/21//                     
             YNZ YNT  320  11 %  J/W/Y//8/23/120//0/0/18//                      
CZ3193 1230  SZX PEK  333 R56 %  F/J/W/Y//4/24/47/208//2/15/13/129//            
CZ3831 1235  SZX SHA  32L R100%  J/W/Y//4/17/167//3/17/168//                    
CZ3453 1240  SZX CTU  32L R63 %  J/W/Y//4/17/167//1/16/102//                    
CZ3633 1250  SZX HRB  321 R48 %  J/W/Y//12/23/143//1/0/86//                     
CZ6445 1255  SZX CGD  32L R68 %  J/W/Y//4/17/167//4/17/107//                    
CZ3153 1330  SZX PEK  32L R42 %  J/W/Y//4/17/167//4/17/58//                     
CZ3561 1330  SZX SHA  321 R99 %  J/W/Y//12/23/143//10/23/144//                  
CZ3451 1335  SZX KMG  32G R54 %  J/W/Y//4/17/138//3/7/76//                      
                 LJG  32G R27 %                  //0/7/36//                     
             KMG LJG  32G R69 %  J/W/Y//4/17/138//2/0/108//                     
CZ3555 1355  SZX HGH  32L R63 %  J/W/Y//4/17/167//4/10/105//                    
CZ3557 1355  SZX SHA  333 R96 %  F/J/W/Y//4/24/47/208//0/23/38/212//            
CZ3255 1415  SZX KOW  32L R26 %  J/W/Y//4/17/167//4/17/28//                     
                 PEK  32L R49 %                  //0/0/93//                     
             KOW PEK  32L R35 %  J/W/Y//4/17/167//0/3/64//                      
CZ6274 1425  SZX HRB  321 R52 %  J/W/Y//12/23/143//4/5/85//                     
CZ3827 1435  SZX NKG  321 R69 %  J/W/Y//12/23/143//4/6/114//                    
CZ3435 1445  SZX KWE  320 R42 %  J/W/Y//8/23/120//5/8/51//                     +
                                                                                

2018 November 06, Tuesday, 08:38:27
SID: 51
>pn
                                                                                
        DEPARTURE LIST FROM SZX  ON 06NOV18                                    -
                 URC  320  33 %                  //2/3/46//                     
             KWE URC  320 R17 %  J/W/Y//8/23/120//1/0/25//                      
CZ6312 1450  SZX TAO  32E R72 %  J/W/Y//4/23/138//3/9/107//                     
                 SHE  32E R5  %                  //0/0/9//                      
             TAO SHE  32E R28 %  J/W/Y//4/23/138//0/2/45//                      
CZ6336 1510  SZX CGO  73M R81 %  J/W/Y//4/23/150//2/7/135//                     
CZ3351 1525  SZX CZX  320 R76 %  J/W/Y//8/23/120//5/7/104//                     
CZ3189 1530  SZX PEK  333 R42 %  F/J/W/Y//4/24/47/208//1/9/11/98//              
CZ3549 1550  SZX SHA  333 R92 %  F/J/W/Y//4/24/47/208//1/23/42/195//            
CZ6358 1550  SZX TAO  320 R55 %  J/W/Y//8/23/120//4/6/74//                      
                 CGQ  320 R15 %                  //0/0/24//                     
             TAO CGQ  320  21 %  J/W/Y//8/23/120//0/4/28//                      
CZ6890 1615  SZX CSX  73S R54 %  J/W/Y//4/23/150//1/2/94//                      
                 URC  73S  5  %                  //0/0/9//                      
             CSX URC  73S  74 %  J/W/Y//4/23/150//0/0/132//                     
CZ6328 1620  SZX HGH  32L R45 %  J/W/Y//4/17/167//4/10/71//                     
                 DLC  32L R11 %                  //0/5/17//                     
             HGH DLC  32L R73 %  J/W/Y//4/17/167//2/2/134//                     
CZ6593 1625  SZX XIY  32L R60 %  J/W/Y//4/17/167//2/6/105//                     
CZ3157 1630  SZX PEK  333 R54 %  F/J/W/Y//4/24/47/208//0/15/18/122//            
CZ3565 1640  SZX HFE  321 R70 %  J/W/Y//12/23/143//10/15/101//                  
CZ3369 1650  SZX WNZ  32L R68 %  J/W/Y//4/17/167//3/4/121//                    +
                                                                                

2018 November 06, Tuesday, 08:38:28
SID: 51
>pn
                                                                                
        DEPARTURE LIST FROM SZX  ON 06NOV18                                    -
CZ6610 1655  SZX CGQ  320 R72 %  J/W/Y//8/23/120//4/4/102//                     
CZ3587 1700  SZX SHA  333 R81 %  F/J/W/Y//4/24/47/208//2/15/31/182//            
CZ3744 1715  SZX HGH  32M R43 %  J/W/Y//4/23/167//2/2/81//                      
                 HRB  32M R22 %                  //0/0/44//                     
             HGH HRB  32M  51 %  J/W/Y//4/23/167//0/0/100//                     
CZ6637 1715  SZX WUH  320 R69 %  J/W/Y//8/23/120//3/3/99//                      
CZ3577 1730  SZX NKG  32L R80 %  J/W/Y//4/17/167//1/9/141//                     
CZ6478 1735  SZX CGO  73M R61 %  J/W/Y//4/23/150//0/6/102//                     
                 HET  73M R19 %                  //2/0/32//                     
             CGO HET  73M R32 %  J/W/Y//4/23/150//0/1/56//                      
CZ6304 1740  SZX SHE  32L R56 %  J/W/Y//4/17/167//4/7/96//                      
CZ3191 1745  SZX PEK  321 R76 %  J/W/Y//12/23/143//6/14/116//                   
CZ3225 1745  SZX XIY  320 R20 %  J/W/Y//8/23/120//3/4/24//                      
                 INC  320 R31 %                  //1/0/46//                     
             XIY INC  320 R37 %  J/W/Y//8/23/120//0/0/56//                      
CZ6591 1750  SZX NGB  321 R78 %  J/W/Y//12/23/143//8/7/125//                    
CZ3209 1755  SZX WUX  32L R75 %  J/W/Y//4/17/167//1/7/133//                     
CZ3433 1815  SZX CTU  32L R62 %  J/W/Y//4/17/167//2/2/113//                     
CZ6923 1820  SZX KMG  32L R82 %  J/W/Y//4/17/167//4/4/148//                     
CZ3563 1825  SZX HGH  320 R58 %  J/W/Y//8/23/120//5/9/74//                      
CZ3356 1910  SZX WUH  73M R72 %  J/W/Y//4/23/150//3/4/122//                     
CZ3155 1950  SZX PEK  32L R41 %  J/W/Y//4/17/167//3/7/68//                     +
                                                                                

2018 November 06, Tuesday, 08:38:29
SID: 51
>pn
                                                                                
        DEPARTURE LIST FROM SZX  ON 06NOV18                                    -
CZ3668 1950  SZX KWE  73N R50 %  J/W/Y//4/17/150//1/5/81//                      
CZ6847 1955  SZX TXN  320 R78 %  J/W/Y//8/23/120//3/17/99//                     
CZ8136 2020  SZX CKG  32G R62 %  J/W/Y//4/17/138//0/4/95//                      
CZ3171 2040  SZX PEK  32L R67 %  J/W/Y//4/17/167//1/6/120//                     
CZ3589 2045  SZX SHA  333 R83 %  F/J/W/Y//4/24/47/208//2/17/11/206//            
CZ3279 2100  SZX XIY  73N R40 %  J/W/Y//4/17/150//4/2/64//                      
CZ3955 2100  SZX HAK  321 R77 %  J/W/Y//12/23/143//9/9/120//                    
CZ3365 2125  SZX HGH  32L R85 %  J/W/Y//4/17/167//4/8/148//                     
CZ6310 2125  SZX SHE  32E R52 %  J/W/Y//4/23/138//3/1/83//                      
CZ3962 2130  SZX PEK  321 R65 %  J/W/Y//12/23/143//3/0/113//                    
CZ3974 2135  SZX CGO  738 R62 %  J/W/Y//8/23/132//4/1/97//                      
CZ3991 2200  SZX DYG  320 R54 %  J/W/Y//8/23/120//4/21/57//                     
CZ8595 2200  SZX HFE  32L R51 %  J/W/Y//4/17/167//2/0/95//                      
CZ6372 2205  SZX KWE  73N R42 %  J/W/Y//4/17/150//1/0/71//                      
CZ3709 2210  SZX WNZ  321 R52 %  J/W/Y//12/23/143//0/1/93//                     
CZ3238 2220  SZX NNG  73C R48 %  J/W/Y//4/17/106//2/4/55//                      
CZ8112 2235  SZX CKG  32C R49 %  W/Y//23/144//0/83//                            
CZ6254 2345  SZX HAK  32D R86 %  J/W/Y//4/23/138//0/4/139//                     
                                                                                
FLIGHT  TOTAL = 104     SEATS BOOKED   =  13929 (F16J544W1193Y12176 )           
                        SEATS TOTAL    =  19093 (F48J868W2422Y15755 )           
                        SEATS AVAILABLE=  5164 (F32J324W1229Y3579 )            +
                                                                                

2018 November 06, Tuesday, 08:38:30
SID: 51
>pn
        DEPARTURE LIST FROM SZX  ON 06NOV18                                    -
                        USAGE PERCENT  =  72 %                                  
                                                                                

2018 November 06, Tuesday, 08:38:30
SID: 51
>fdl k/d/./szx/zh/99
                                                                                
        DEPARTURE LIST FROM SZX  ON 06NOV18                                     
ZH9325 0645  SZX NNG  738 R73 %  F/C/G/Y//6/2/0/159//4/0/0/119//                
ZH9927 0655  SZX JUH  320 R48 %  F/C/G/Y//6/2/0/149//2/0/0/74//                 
ZH9337 0700  SZX XFN  319 R74 %  F/C/G/Y//6/2/0/119//5/1/0/89//                 
ZH9951 0700  SZX MIG  73F R76 %  F/C/G/Y//6/2/0/153//4/1/0/118//                
ZH9435 0705  SZX KMG  738 R86 %  F/C/G/Y//6/2/0/155//3/1/0/137//                
ZH9801 0705  SZX WUX  73F R88 %  F/C/G/Y//6/2/23/130//2/1/13/126//              
ZH9949 0705  SZX PZI  319 R82 %  F/C/G/Y//6/2/0/119//1/1/0/103//                
ZH9931 0710  SZX CZX  738 R82 %  F/C/G/Y//6/2/0/159//2/0/0/136//                
ZH9311 0715  SZX HAK  738 R83 %  F/C/G/Y//6/2/0/159//2/0/0/137//                
ZH9137 0720  SZX SJW  739 R93 %  F/C/G/Y//6/2/0/158//1/0/0/154//                
ZH9121 0725  SZX TSN  738 R90 %  F/C/G/Y//6/2/0/159//5/2/0/144//                
ZH9421 0735  SZX CKG  739 R70 %  F/C/G/Y//6/2/0/158//1/0/0/116//                
ZH9101 0740  SZX PEK  330 R69 %  F/C/G/Y//12/6/23/266//6/5/7/195//              
ZH9841 0740  SZX NKG  38M R86 %  F/C/G/Y//6/2/0/153//0/0/0/139//                
ZH9941 0745  SZX LJG  32F R89 %  F/C/G/Y//6/2/0/143//4/1/0/130//                
ZH9871 0750  SZX HGH  73F R78 %  F/C/G/Y//6/2/0/153//0/0/0/127//                
ZH9127 0755  SZX WUH  73F R77 %  F/C/G/Y//6/2/0/153//2/0/0/122//                
                 HET  73F R11 %                     //1/0/0/18//                
             WUH HET  73F R65 %  F/C/G/Y//6/2/0/153//0/0/0/105//                
ZH9401 0800  SZX CTU  73F R102%  F/C/G/Y//6/2/0/153//4/1/0/160//                
ZH9501 0805  SZX SHA  330 R100%  F/C/G/Y//12/6/23/266//12/6/0/289//             
ZH9601 0815  SZX SHE  73F R86 %  F/C/G/Y//6/2/0/153//6/1/0/132//               +
                                                                                

2018 November 06, Tuesday, 08:38:31
SID: 51
>pn
                                                                                
        DEPARTURE LIST FROM SZX  ON 06NOV18                                    -
ZH9891 0815  SZX HFE  739 R78 %  F/C/G/Y//6/2/0/158//4/1/0/126//                
ZH9423 0820  SZX CKG  38M R57 %  F/C/G/Y//6/2/0/153//4/0/0/88//                 
ZH9901 0820  SZX TNA  738 R88 %  F/C/G/Y//6/2/0/159//5/2/0/141//                
ZH9331 0825  SZX YIH  32F R88 %  F/C/G/Y//6/2/0/143//5/0/0/128//                
ZH9959 0825  SZX WXN  320 R80 %  F/C/G/Y//6/2/0/149//3/0/0/123//                
ZH9631 0830  SZX YTY  320 R61 %  F/C/G/Y//6/2/0/149//0/0/0/96//                 
                 DLC  320 R16 %                     //1/0/0/25//                
             YTY DLC  320 R50 %  F/C/G/Y//6/2/0/149//0/0/0/79//                 
ZH9641 0835  SZX YNT  73F R49 %  F/C/G/Y//6/2/0/153//2/1/0/76//                 
                 CGQ  73F R24 %                     //0/1/0/38//                
             YNT CGQ  73F R30 %  F/C/G/Y//6/2/0/153//0/0/0/49//                 
ZH9621 0840  SZX HRB  738 R66 %  F/C/G/Y//6/2/0/159//5/1/0/105//                
ZH9911 0840  SZX TAO  738 R98 %  F/C/G/Y//6/2/0/159//6/1/0/158//                
ZH9301 0845  SZX CGO  32F R88 %  F/C/G/Y//6/2/0/143//2/0/0/131//                
ZH9139 0850  SZX YCU  32F R66 %  F/C/G/Y//6/2/0/143//2/0/0/99//                 
ZH9873 0850  SZX HGH  739 R59 %  F/C/G/Y//6/2/0/158//2/0/0/96//                 
ZH9843 0855  SZX NKG  330  58 %  F/C/G/Y//12/6/23/266//4/0/7/170//              
ZH9945 0900  SZX ZAT  319 R88 %  F/C/G/Y//6/2/0/119//4/2/0/107//                
ZH9131 0905  SZX TYN  320 R86 %  F/C/G/Y//6/2/0/149//5/2/0/129//                
ZH9803 0905  SZX WUX  73F R91 %  F/C/G/Y//6/2/23/130//5/1/11/130//              
ZH9947 0910  SZX TCZ  319 R72 %  F/C/G/Y//6/2/0/119//1/0/0/91//                 
ZH9403 0930  SZX CTU  32F R98 %  F/C/G/Y//6/2/0/143//5/1/0/143//               +
                                                                                

2018 November 06, Tuesday, 08:38:32
SID: 51
>pn
                                                                                
        DEPARTURE LIST FROM SZX  ON 06NOV18                                    -
ZH9921 0935  SZX NTG  320 R87 %  F/C/G/Y//6/2/0/149//3/0/0/135//                
ZH9103 0950  SZX PEK  738 R48 %  F/C/G/Y//6/2/0/159//3/0/0/78//                 
ZH9875 0955  SZX HGH  319 R71 %  F/C/G/Y//6/2/0/119//4/2/0/85//                 
ZH9643 1005  SZX CGQ  320 R80 %  F/C/G/Y//6/2/0/149//5/2/0/119//                
ZH9893 1020  SZX HFE  320 R82 %  F/C/G/Y//6/2/0/149//6/2/0/121//                
ZH9505 1025  SZX JJN  320 R31 %  F/C/G/Y//6/2/0/149//6/1/0/43//                 
                 PVG  320 R39 %                     //0/0/0/62//                
             JJN PVG  320 R46 %  F/C/G/Y//6/2/0/149//2/0/0/71//                 
ZH9845 1040  SZX NKG  73F R68 %  F/C/G/Y//6/2/10/143//1/0/0/109//               
ZH9425 1045  SZX CKG  73F R60 %  F/C/G/Y//6/2/0/153//3/0/0/95//                 
ZH9211 1055  SZX XIY  330 R82 %  F/C/G/Y//12/6/23/266//7/5/9/232//              
ZH9235 1055  SZX XNN  319 R92 %  F/C/G/Y//6/2/0/119//5/0/0/112//                
ZH9323 1105  SZX SYX  73F R89 %  F/C/G/Y//6/2/0/153//1/1/0/142//                
ZH9805 1105  SZX WUX  73F R85 %  F/C/G/Y//6/2/23/130//5/1/9/122//               
ZH9903 1125  SZX TNA  738 R88 %  F/C/G/Y//6/2/0/159//5/1/0/141//                
ZH9603 1130  SZX SHE  32F R62 %  F/C/G/Y//6/2/0/143//6/0/0/88//                 
ZH9623 1135  SZX HRB  32F R64 %  F/C/G/Y//6/2/0/143//2/1/0/94//                 
ZH9877 1140  SZX HGH  738 R47 %  F/C/G/Y//6/2/0/159//2/0/0/77//                 
ZH9437 1150  SZX KMG  738 R79 %  F/C/G/Y//6/2/0/159//2/0/0/131//                
ZH9633 1150  SZX DLC  32F R73 %  F/C/G/Y//6/2/0/143//6/2/0/103//                
ZH9507 1205  SZX SHA  739 R101%  F/C/G/Y//6/2/0/158//6/2/0/160//                
ZH9105 1230  SZX PEK  73F R77 %  F/C/G/Y//6/2/0/153//5/2/0/118//               +
                                                                                

2018 November 06, Tuesday, 08:38:33
SID: 51
>pn
                                                                                
        DEPARTURE LIST FROM SZX  ON 06NOV18                                    -
ZH9303 1235  SZX CGO  320 R87 %  F/C/G/Y//6/2/0/149//5/2/0/131//                
ZH9847 1240  SZX NKG  320 R73 %  F/C/G/Y//6/2/0/149//4/0/0/111//                
ZH9509 1250  SZX KHN  32F R86 %  F/C/G/Y//6/2/0/143//5/1/0/125//                
                 PVG  32F R8  %                     //1/0/0/12//                
             KHN PVG  32F R71 %  F/C/G/Y//6/2/0/141//3/1/0/102//                
ZH9405 1310  SZX CTU  320 R79 %  F/C/G/Y//6/2/0/149//6/0/0/119//                
ZH9807 1350  SZX WUX  738 R79 %  F/C/G/Y//6/2/0/159//6/2/5/120//                
ZH9879 1350  SZX HGH  738 R65 %  F/C/G/Y//6/2/0/159//6/2/0/101//                
ZH9605 1410  SZX SHE  73F R57 %  F/C/G/Y//6/2/0/153//6/2/0/85//                 
ZH9511 1430  SZX SHA  320 R100%  F/C/G/Y//6/2/0/149//8/0/0/149//                
ZH9213 1435  SZX XIY  320 R75 %  F/C/G/Y//6/2/0/149//5/2/0/112//                
ZH9107 1445  SZX PEK  739 R56 %  F/C/G/Y//6/2/0/158//4/1/0/88//                 
ZH9913 1445  SZX TAO  32F R88 %  F/C/G/Y//6/2/0/143//4/0/0/129//                
ZH9133 1500  SZX TYN  73F R63 %  F/C/G/Y//6/2/0/153//6/0/0/96//                 
ZH9513 1510  SZX PVG  320 R88 %  F/C/G/Y//6/2/0/149//6/2/0/131//                
ZH9746 1515  SZX NTG  738 R41 %  F/C/G/Y//6/2/0/155//4/1/0/63//                 
                 TAO  738 R47 %                     //1/0/0/76//                
                 HRB  738 R0  %                     //0/0/0/0//                 
             NTG TAO  738 R30 %  F/C/G/Y//6/2/0/155//1/0/0/48//                 
                 HRB  738 R17 %                     //1/0/0/27//                
             TAO HRB  738 R73 %  F/C/G/Y//6/2/0/155//1/0/0/119//                
ZH9123 1520  SZX TSN  739 R84 %  F/C/G/Y//6/2/0/158//4/1/0/135//               +
                                                                                

2018 November 06, Tuesday, 08:38:34
SID: 51
>pn
                                                                                
        DEPARTURE LIST FROM SZX  ON 06NOV18                                    -
ZH9625 1545  SZX HRB  32F R68 %  F/C/G/Y//6/2/0/143//3/0/0/101//                
ZH9809 1545  SZX WUX  38M R67 %  F/C/G/Y//6/2/23/130//3/1/8/97//                
ZH9881 1555  SZX HGH  739 R75 %  F/C/G/Y//6/2/0/158//5/0/0/120//                
ZH9109 1600  SZX PEK  330 R64 %  F/C/G/Y//12/6/23/266//11/5/15/166//            
ZH9239 1600  SZX LHW  73F R62 %  F/C/G/Y//6/2/0/153//3/1/0/97//                 
                 URC  73F R12 %                     //0/0/0/20//                
             LHW URC  73F R41 %  F/C/G/Y//6/2/0/153//0/0/0/67//                 
ZH9849 1635  SZX NKG  38M R55 %  F/C/G/Y//6/2/10/143//3/1/0/86//                
ZH9427 1640  SZX CKG  739 R51 %  F/C/G/Y//6/2/0/158//2/0/0/84//                 
ZH9915 1640  SZX TAO  738 R86 %  F/C/G/Y//6/2/0/159//5/1/0/138//                
ZH9515 1655  SZX SHA  330 R82 %  F/C/G/Y//12/6/23/266//12/6/16/220//            
ZH9407 1710  SZX CTU  330 R56 %  F/C/G/Y//12/6/23/266//8/0/3/163//              
ZH9929 1720  SZX LYI  319 R100%  F/C/G/Y//6/2/0/119//6/2/0/119//                
ZH9429 1725  SZX CKG  73F R52 %  F/C/G/Y//6/2/0/153//3/0/0/82//                 
ZH9919 1740  SZX HYN  738 R47 %  F/C/G/Y//6/2/0/159//4/2/0/73//                 
ZH9519 1800  SZX JDZ  320 R35 %  F/C/G/Y//6/2/0/149//1/1/0/54//                 
                 SHA  320 R54 %                     //0/0/0/86//                
             JDZ SHA  320 R24 %  F/C/G/Y//6/2/0/149//6/2/0/30//                 
ZH9851 1800  SZX NKG  73F R51 %  F/C/G/Y//6/2/10/143//2/1/3/77//                
ZH9645 1805  SZX KHN  73F R41 %  F/C/G/Y//6/2/0/153//3/1/0/63//                 
                 CGQ  73F R32 %                     //3/0/0/50//                
             KHN CGQ  73F R21 %  F/C/G/Y//6/2/0/153//0/0/0/35//                +
                                                                                

2018 November 06, Tuesday, 08:38:35
SID: 51
>pn
                                                                                
        DEPARTURE LIST FROM SZX  ON 06NOV18                                    -
ZH9883 1805  SZX HGH  738 R50 %  F/C/G/Y//6/2/0/159//0/0/0/84//                 
ZH9957 1810  SZX YBP  319 R88 %  F/C/G/Y//6/2/0/119//4/0/0/108//                
ZH9609 1815  SZX YTY  32F R46 %  F/C/G/Y//6/2/0/143//2/0/0/68//                 
                 SHE  32F R23 %                     //2/0/0/33//                
             YTY SHE  32F R44 %  F/C/G/Y//6/2/0/143//0/0/0/67//                 
ZH9517 1820  SZX PVG  73F R65 %  F/C/G/Y//6/2/0/153//1/5/0/100//                
ZH9895 1830  SZX HFE  738 R37 %  F/C/G/Y//6/2/0/159//2/0/0/61//                 
ZH9111 1850  SZX YIC  32F R43 %  F/C/G/Y//6/2/0/143//2/0/0/63//                 
                 PEK  32F R39 %                     //0/0/0/59//                
             YIC PEK  32F R36 %  F/C/G/Y//6/2/0/143//2/2/0/51//                 
ZH9215 1900  SZX XIY  320 R33 %  F/C/G/Y//6/2/0/149//2/0/0/51//                 
ZH9811 1920  SZX WUX  73F R74 %  F/C/G/Y//6/2/23/130//2/1/0/117//               
ZH9409 1925  SZX CTU  320 R68 %  F/C/G/Y//6/2/0/149//1/0/0/106//                
ZH9305 2005  SZX CGO  320 R67 %  F/C/G/Y//6/2/0/149//4/0/0/102//                
ZH9321 2010  SZX SYX  320 R80 %  F/C/G/Y//6/2/0/149//0/1/0/126//                
ZH9897 2015  SZX HFE  73F R40 %  F/C/G/Y//6/2/0/153//3/1/0/62//                 
ZH9909 2015  SZX WNZ  738 R74 %  F/C/G/Y//6/2/0/159//1/0/0/123//                
ZH9217 2020  SZX XIY  32F R37 %  F/C/G/Y//6/2/0/143//0/0/0/57//                 
ZH9431 2025  SZX CKG  73F R60 %  F/C/G/Y//6/2/0/153//0/0/0/98//                 
ZH9313 2050  SZX HAK  738 R99 %  F/C/G/Y//6/2/0/159//5/2/0/159//                
ZH9411 2115  SZX CTU  330 R59 %  F/C/G/Y//12/6/23/266//2/0/0/181//              
ZH9853 2115  SZX NKG  320 R71 %  F/C/G/Y//6/2/0/149//4/1/0/107//               +
                                                                                

2018 November 06, Tuesday, 08:38:35
SID: 51
>pn
        DEPARTURE LIST FROM SZX  ON 06NOV18                                    -
ZH9439 2120  SZX KMG  738 R68 %  F/C/G/Y//6/2/0/152//0/0/0/109//                
ZH9113 2125  SZX PEK  738 R68 %  F/C/G/Y//6/2/0/159//1/0/0/114//                
ZH9935 2125  SZX KHN  320 R72 %  F/C/G/Y//6/2/0/149//1/1/0/112//                
ZH9925 2200  SZX NTG  320 R67 %  F/C/G/Y//6/2/0/149//2/0/0/104//                
ZH9329 2210  SZX ZHA  73F R57 %  F/C/G/Y//6/2/0/153//5/0/0/88//                 
ZH9899 2215  SZX HFE  320 R39 %  F/C/G/Y//6/2/0/149//2/1/0/59//                 
ZH9813 2225  SZX WUX  73F R79 %  F/C/G/Y//6/2/23/130//1/0/1/126//               
ZH9315 2255  SZX HAK  738 R75 %  F/C/G/Y//6/2/0/159//3/1/0/122//                
                                                                                
FLIGHT  TOTAL = 115     SEATS BOOKED   =  14350 (F425C108Y13710G107 )           
                        SEATS TOTAL    =  19353 (F738C262Y18001G352 )           
                        SEATS AVAILABLE=  5003 (F313C154Y4291G245 )             
                        USAGE PERCENT  =  74 %                                  
                                                                                

2018 November 06, Tuesday, 08:38:36
SID: 51
>pn
                                                                                
        DEPARTURE LIST FROM SZX  ON 06NOV18                                    -
ZH9305 2005  SZX CGO  320 R67 %  F/C/G/Y//6/2/0/149//4/0/0/102//                
ZH9321 2010  SZX SYX  320 R80 %  F/C/G/Y//6/2/0/149//0/1/0/126//                
ZH9897 2015  SZX HFE  73F R40 %  F/C/G/Y//6/2/0/153//3/1/0/62//                 
ZH9909 2015  SZX WNZ  738 R74 %  F/C/G/Y//6/2/0/159//1/0/0/123//                
ZH9217 2020  SZX XIY  32F R37 %  F/C/G/Y//6/2/0/143//0/0/0/57//                 
ZH9431 2025  SZX CKG  73F R60 %  F/C/G/Y//6/2/0/153//0/0/0/98//                 
ZH9313 2050  SZX HAK  738 R99 %  F/C/G/Y//6/2/0/159//5/2/0/159//                
ZH9411 2115  SZX CTU  330 R59 %  F/C/G/Y//12/6/23/266//2/0/0/181//              
ZH9853 2115  SZX NKG  320 R71 %  F/C/G/Y//6/2/0/149//4/1/0/107//                
ZH9439 2120  SZX KMG  738 R68 %  F/C/G/Y//6/2/0/152//0/0/0/109//                
ZH9113 2125  SZX PEK  738 R68 %  F/C/G/Y//6/2/0/159//1/0/0/114//                
ZH9935 2125  SZX KHN  320 R72 %  F/C/G/Y//6/2/0/149//1/1/0/112//                
ZH9925 2200  SZX NTG  320 R67 %  F/C/G/Y//6/2/0/149//2/0/0/104//                
ZH9329 2210  SZX ZHA  73F R57 %  F/C/G/Y//6/2/0/153//5/0/0/88//                 
ZH9899 2215  SZX HFE  320 R39 %  F/C/G/Y//6/2/0/149//2/1/0/59//                 
ZH9813 2225  SZX WUX  73F R79 %  F/C/G/Y//6/2/23/130//1/0/1/126//               
ZH9315 2255  SZX HAK  738 R75 %  F/C/G/Y//6/2/0/159//3/1/0/122//                
                                                                                
FLIGHT  TOTAL = 115     SEATS BOOKED   =  14350 (F425C108Y13710G107 )           
                        SEATS TOTAL    =  19353 (F738C262Y18001G352 )           
                        SEATS AVAILABLE=  5003 (F313C154Y4291G245 )             
                        USAGE PERCENT  =  74 %                                  
                                                                                

2018 November 06, Tuesday, 08:38:37
SID: 51
>fdl k/c/+/szx/cz/99
                                                                                
        DEPARTURE LIST FROM SZX  ON 07NOV18                                     
CZ3621 0625  SZX CTU  32L R60 %  J/W/Y//4/17/167//0/0/114//                     
CZ3568 0640  SZX SHA  321 R78 %  J/W/Y//12/23/143//5/3/131//                    
CZ6443 0640  SZX HAK  32L R62 %  J/W/Y//4/17/167//2/4/112//                     
CZ3673 0650  SZX KWE  32G R42 %  J/W/Y//4/17/138//0/0/67//                      
CZ3920 0650  SZX NNY  320 R46 %  J/W/Y//8/23/120//1/0/69//                      
                 LHW  320 R1  %                  //2/0/0//                      
             NNY LHW  320 R4  %  J/W/Y//8/23/120//0/0/7//                       
CZ3625 0725  SZX SHA  333 R80 %  F/J/W/Y//4/24/47/208//0/11/8/210//             
CZ3457 0740  SZX CTU  333 R59 %  F/J/W/Y//4/24/47/208//0/12/2/155//             
CZ3963 0745  SZX TAO  32L R54 %  J/W/Y//4/17/167//2/10/90//                     
                 CGQ  32L R9  %                  //1/0/16//                     
             TAO CGQ  32L  23 %  J/W/Y//4/17/167//0/4/41//                      
CZ3459 0800  SZX KMG  32L R64 %  J/W/Y//4/17/167//4/4/114//                     
CZ3965 0800  SZX SHA  333 R96 %  F/J/W/Y//4/24/47/208//0/13/47/212//            
CZ3617 0805  SZX ZHA  320  39 %  J/W/Y//8/23/120//1/0/58//                      
                 XIY  320  0  %                  //0/0/0//                      
             ZHA XIY  320 R41 %  J/W/Y//8/23/120//0/1/61//                      
CZ6237 0805  SZX XIY  32L R59 %  J/W/Y//4/17/167//0/6/105//                     
CZ3465 0810  SZX CKG  32L R37 %  J/W/Y//4/17/167//1/0/70//                      
CZ3559 0810  SZX NKG  32L R65 %  J/W/Y//4/17/167//3/4/116//                     
CZ3911 0810  SZX WUH  320 R49 %  J/W/Y//8/23/120//2/4/68//                      
                 URC  320 R25 %                  //0/0/38//                    +
                                                                                

2018 November 06, Tuesday, 08:38:38
SID: 51
>pn
                                                                                
        DEPARTURE LIST FROM SZX  ON 07NOV18                                    -
             WUH URC  320 R69 %  J/W/Y//8/23/120//0/17/88//                     
CZ8297 0825  SZX DLC  320 R47 %  J/W/Y//8/23/120//0/0/71//                      
                 YSQ  320 R4  %                  //0/0/7//                      
             DLC YSQ  320 R14 %  J/W/Y//8/23/120//1/0/21//                      
CZ3151 0835  SZX PEK  333 R62 %  F/J/W/Y//4/24/47/208//0/8/22/148//             
CZ6473 0840  SZX BFJ  320 R50 %  J/W/Y//8/23/120//0/12/65//                     
CZ3569 0845  SZX HGH  321 R50 %  J/W/Y//12/23/143//5/23/61//                    
CZ3553 0900  SZX SHA  333 R97 %  F/J/W/Y//4/24/47/208//2/15/47/212//            
CZ6969 0900  SZX NAO  32G R30 %  J/W/Y//4/17/138//2/7/40//                      
CZ3976 0910  SZX CGO  73C R40 %  J/W/Y//4/17/106//1/3/47//                      
CZ3213 0915  SZX XIY  321 R56 %  J/W/Y//12/23/143//1/6/94//                     
CZ6481 0915  SZX HRB  32L R57 %  J/W/Y//4/17/167//4/0/105//                     
CZ6300 0925  SZX DLC  32L R56 %  J/W/Y//4/17/167//1/8/98//                      
CZ3669 0935  SZX HAK  321 R76 %  J/W/Y//12/23/143//2/22/113//                   
CZ6751 0945  SZX PVG  320 R100%  J/W/Y//8/23/120//8/23/120//                    
CZ3978 0950  SZX SYX  32D R50 %  J/W/Y//4/23/138//3/23/58//                     
CZ3583 1000  SZX KHN  32L R37 %  J/W/Y//4/17/167//3/15/53//                     
                 TYN  32L R5  %                  //0/2/9//                      
             KHN TYN  32L  35 %  J/W/Y//4/17/167//1/0/66//                      
CZ8677 1005  SZX ENY  320 R43 %  J/W/Y//8/23/120//0/1/65//                      
CZ8577 1015  SZX SHE  32L R51 %  J/W/Y//4/17/167//3/12/82//                     
CZ3274 1025  SZX NNG  73C R50 %  J/W/Y//4/17/106//4/14/46//                    +
                                                                                

2018 November 06, Tuesday, 08:38:39
SID: 51
>pn
                                                                                
        DEPARTURE LIST FROM SZX  ON 07NOV18                                    -
CZ3159 1030  SZX PEK  333 R60 %  F/J/W/Y//4/24/47/208//4/10/27/129//            
CZ3793 1100  SZX XIY  73N R46 %  J/W/Y//4/17/150//2/5/72//                      
CZ3876 1105  SZX YIW  73N R49 %  J/W/Y//4/17/150//3/2/79//                      
CZ6599 1105  SZX CGO  73Q R52 %  J/W/Y//4/17/147//0/14/75//                     
                 DSN  73Q R9  %                  //1/1/14//                     
             CGO DSN  73Q R38 %  J/W/Y//4/17/147//2/9/54//                      
CZ3358 1110  SZX WUH  73M R55 %  J/W/Y//4/23/150//2/9/88//                      
CZ3455 1145  SZX CKG  320 R38 %  J/W/Y//8/23/120//5/10/43//                     
CZ3797 1145  SZX HGH  32L R50 %  J/W/Y//4/17/167//4/5/85//                      
CZ3551 1200  SZX SHA  32L R68 %  J/W/Y//4/17/167//2/17/110//                    
CZ6653 1205  SZX NAO  320 R50 %  J/W/Y//8/23/120//0/6/71//                      
CZ3613 1215  SZX CGQ  32L R66 %  J/W/Y//4/17/167//2/4/119//                     
CZ6326 1215  SZX NGB  32G R79 %  J/W/Y//4/17/138//4/17/106//                    
                 DLC  32G R4  %                  //0/0/7//                      
             NGB DLC  32G  44 %  J/W/Y//4/17/138//2/0/68//                      
CZ8635 1220  SZX YNZ  320 R39 %  J/W/Y//8/23/120//3/2/55//                      
                 YNT  320 R33 %                  //0/0/51//                     
             YNZ YNT  320  14 %  J/W/Y//8/23/120//2/0/20//                      
CZ3193 1230  SZX PEK  333 R68 %  F/J/W/Y//4/24/47/208//1/12/17/165//            
CZ3831 1235  SZX SHA  32L R64 %  J/W/Y//4/17/167//1/17/103//                    
CZ3453 1240  SZX CTU  321 R46 %  J/W/Y//12/23/143//2/5/76//                     
CZ3633 1250  SZX HRB  320 R52 %  J/W/Y//8/23/120//1/2/77//                     +
                                                                                

2018 November 06, Tuesday, 08:38:40
SID: 51
>pn
                                                                                
        DEPARTURE LIST FROM SZX  ON 07NOV18                                    -
CZ6445 1300  SZX CGD  32L R55 %  J/W/Y//4/17/167//3/17/85//                     
CZ3561 1330  SZX SHA  32L R65 %  J/W/Y//4/17/167//2/12/109//                    
CZ3451 1335  SZX KMG  32G R37 %  J/W/Y//4/17/138//2/2/56//                      
                 LJG  32G R30 %                  //0/4/44//                     
             KMG LJG  32G R52 %  J/W/Y//4/17/138//1/0/83//                      
CZ8579 1345  SZX LZO  320 R62 %  J/W/Y//8/23/120//2/1/92//                      
CZ3555 1355  SZX HGH  320 R56 %  J/W/Y//8/23/120//6/9/71//                      
CZ3557 1355  SZX SHA  321 R62 %  J/W/Y//12/23/143//7/23/82//                    
CZ3255 1415  SZX KOW  32L R33 %  J/W/Y//4/17/167//0/14/49//                     
                 PEK  32L R34 %                  //0/0/65//                     
             KOW PEK  32L R19 %  J/W/Y//4/17/167//2/0/34//                      
CZ6274 1425  SZX HRB  320 R54 %  J/W/Y//8/23/120//3/1/78//                      
CZ3827 1435  SZX NKG  321 R54 %  J/W/Y//12/23/143//8/13/76//                    
CZ6763 1440  SZX LYA  32L R18 %  J/W/Y//4/17/167//1/4/30//                      
                 HET  32L  16 %                  //1/0/30//                     
             LYA HET  32L  3  %  J/W/Y//4/17/167//0/2/4//                       
CZ3435 1445  SZX KWE  320 R25 %  J/W/Y//8/23/120//3/3/32//                      
                 URC  320  9  %                  //0/1/13//                     
             KWE URC  320  9  %  J/W/Y//8/23/120//0/0/14//                      
CZ6312 1450  SZX TAO  32E R38 %  J/W/Y//4/23/138//1/3/59//                      
                 SHE  32E R11 %                  //1/0/18//                     
             TAO SHE  32E R13 %  J/W/Y//4/23/138//0/0/22//                     +
                                                                                

2018 November 06, Tuesday, 08:38:41
SID: 51
>pn
                                                                                
        DEPARTURE LIST FROM SZX  ON 07NOV18                                    -
CZ3565 1455  SZX HFE  320 R60 %  J/W/Y//8/23/120//8/2/82//                      
CZ6336 1510  SZX CGO  73M R53 %  J/W/Y//4/23/150//3/0/91//                      
CZ3351 1525  SZX CZX  32L R53 %  J/W/Y//4/17/167//1/0/99//                      
CZ3189 1530  SZX PEK  333 R60 %  F/J/W/Y//4/24/47/208//2/14/31/124//            
CZ3549 1550  SZX SHA  32L R50 %  J/W/Y//4/17/167//2/17/75//                     
CZ6358 1550  SZX TAO  32L R40 %  J/W/Y//4/17/167//0/2/75//                      
                 CGQ  32L  12 %                  //0/0/24//                     
             TAO CGQ  32L  13 %  J/W/Y//4/17/167//0/3/23//                      
CZ6890 1615  SZX CSX  73S R45 %  J/W/Y//4/23/150//1/4/76//                      
                 URC  73S  8  %                  //0/1/14//                     
             CSX URC  73S  62 %  J/W/Y//4/23/150//1/2/108//                     
CZ6328 1620  SZX HGH  32L R43 %  J/W/Y//4/17/167//3/5/73//                      
                 DLC  32L  4  %                  //0/0/9//                      
             HGH DLC  32L R52 %  J/W/Y//4/17/167//0/5/94//                      
CZ6593 1625  SZX XIY  321 R44 %  J/W/Y//12/23/143//5/2/73//                     
CZ3157 1630  SZX PEK  333 R50 %  F/J/W/Y//4/24/47/208//3/21/5/113//             
CZ6610 1655  SZX CGQ  321 R46 %  J/W/Y//12/23/143//6/2/75//                     
CZ3587 1700  SZX SHA  333 R58 %  F/J/W/Y//4/24/47/208//1/18/26/121//            
CZ3744 1715  SZX HGH  32M R34 %  J/W/Y//4/23/167//2/6/58//                      
                 HRB  32M  8  %                  //0/0/16//                     
             HGH HRB  32M  16 %  J/W/Y//4/23/167//0/0/32//                      
CZ3577 1730  SZX NKG  320 R55 %  J/W/Y//8/23/120//1/2/81//                     +
                                                                                

2018 November 06, Tuesday, 08:38:41
SID: 51
>pn
                                                                                
        DEPARTURE LIST FROM SZX  ON 07NOV18                                    -
CZ6478 1735  SZX CGO  73M R33 %  J/W/Y//4/23/150//1/0/58//                      
                 HET  73M R6  %                  //0/1/11//                     
             CGO HET  73M R28 %  J/W/Y//4/23/150//0/5/46//                      
CZ6304 1740  SZX SHE  32L R61 %  J/W/Y//4/17/167//4/7/104//                     
CZ3191 1745  SZX PEK  32L R70 %  J/W/Y//4/17/167//4/6/123//                     
CZ3225 1745  SZX XIY  320 R19 %  J/W/Y//8/23/120//2/7/20//                      
                 INC  320 R17 %                  //2/0/25//                     
             XIY INC  320 R18 %  J/W/Y//8/23/120//0/0/28//                      
CZ6591 1750  SZX NGB  320 R52 %  J/W/Y//8/23/120//6/10/63//                     
CZ3209 1755  SZX WUX  320 R70 %  J/W/Y//8/23/120//6/1/99//                      
CZ3433 1815  SZX CTU  320 R64 %  J/W/Y//8/23/120//6/3/88//                      
CZ6923 1820  SZX KMG  32L R60 %  J/W/Y//4/17/167//2/0/112//                     
CZ3563 1825  SZX HGH  32L R37 %  J/W/Y//4/17/167//2/6/63//                      
CZ6557 1835  SZX ZYI  320 R47 %  J/W/Y//8/23/120//1/3/67//                      
CZ3575 1840  SZX SHA  333 R35 %  F/J/W/Y//4/24/47/208//1/12/6/82//              
CZ3356 1910  SZX WUH  73M  44 %  J/W/Y//4/23/150//4/3/72//                      
CZ3155 1950  SZX PEK  32L R60 %  J/W/Y//4/17/167//4/4/106//                     
CZ3668 1950  SZX KWE  738 R23 %  J/W/Y//8/23/132//2/1/36//                      
CZ6847 2010  SZX TXN  320 R76 %  J/W/Y//8/23/120//7/11/98//                     
CZ8136 2020  SZX CKG  32G R48 %  J/W/Y//4/17/138//0/1/76//                      
CZ3171 2040  SZX PEK  32L R60 %  J/W/Y//4/17/167//2/4/107//                     
CZ3955 2055  SZX HAK  321 R45 %  J/W/Y//12/23/143//3/5/73//                    +
                                                                                

2018 November 06, Tuesday, 08:38:42
SID: 51
>pn
        DEPARTURE LIST FROM SZX  ON 07NOV18                                    -
CZ3279 2100  SZX XIY  73N R41 %  J/W/Y//4/17/150//3/2/66//                      
CZ3589 2100  SZX SHA  333 R44 %  F/J/W/Y//4/24/47/208//0/6/6/113//              
CZ3365 2125  SZX HGH  32L R40 %  J/W/Y//4/17/167//2/4/71//                      
CZ3962 2130  SZX PEK  321 R60 %  J/W/Y//12/23/143//3/2/102//                    
CZ3974 2135  SZX CGO  738 R53 %  J/W/Y//8/23/132//1/1/86//                      
CZ8595 2155  SZX HFE  320 R41 %  J/W/Y//8/23/120//0/0/63//                      
CZ3991 2200  SZX DYG  320 R52 %  J/W/Y//8/23/120//3/2/75//                      
CZ6372 2205  SZX KWE  73N R14 %  J/W/Y//4/17/150//0/0/25//                      
CZ3709 2210  SZX WNZ  32L R26 %  J/W/Y//4/17/167//2/0/47//                      
CZ3238 2220  SZX NNG  73C R42 %  J/W/Y//4/17/106//4/13/37//                     
CZ8112 2235  SZX CKG  320 R21 %  J/W/Y//8/23/120//0/1/32//                      
CZ6254 2345  SZX HAK  32L R62 %  J/W/Y//4/17/167//0/0/117//                     
                                                                                
FLIGHT  TOTAL = 104     SEATS BOOKED   =  10570 (F14J393W814Y9349 )             
                        SEATS TOTAL    =  19059 (F48J856W2410Y15745 )           
                        SEATS AVAILABLE=  8489 (F34J463W1596Y6396 )             
                        USAGE PERCENT  =  55 %                                  
                                                                                

2018 November 06, Tuesday, 08:38:43
SID: 51
>pn
                                                                                
        DEPARTURE LIST FROM SZX  ON 07NOV18                                    -
CZ3668 1950  SZX KWE  738 R23 %  J/W/Y//8/23/132//2/1/36//                      
CZ6847 2010  SZX TXN  320 R76 %  J/W/Y//8/23/120//7/11/98//                     
CZ8136 2020  SZX CKG  32G R48 %  J/W/Y//4/17/138//0/1/76//                      
CZ3171 2040  SZX PEK  32L R60 %  J/W/Y//4/17/167//2/4/107//                     
CZ3955 2055  SZX HAK  321 R45 %  J/W/Y//12/23/143//3/5/73//                     
CZ3279 2100  SZX XIY  73N R41 %  J/W/Y//4/17/150//3/2/66//                      
CZ3589 2100  SZX SHA  333 R44 %  F/J/W/Y//4/24/47/208//0/6/6/113//              
CZ3365 2125  SZX HGH  32L R40 %  J/W/Y//4/17/167//2/4/71//                      
CZ3962 2130  SZX PEK  321 R60 %  J/W/Y//12/23/143//3/2/102//                    
CZ3974 2135  SZX CGO  738 R53 %  J/W/Y//8/23/132//1/1/86//                      
CZ8595 2155  SZX HFE  320 R41 %  J/W/Y//8/23/120//0/0/63//                      
CZ3991 2200  SZX DYG  320 R52 %  J/W/Y//8/23/120//3/2/75//                      
CZ6372 2205  SZX KWE  73N R14 %  J/W/Y//4/17/150//0/0/25//                      
CZ3709 2210  SZX WNZ  32L R26 %  J/W/Y//4/17/167//2/0/47//                      
CZ3238 2220  SZX NNG  73C R42 %  J/W/Y//4/17/106//4/13/37//                     
CZ8112 2235  SZX CKG  320 R21 %  J/W/Y//8/23/120//0/1/32//                      
CZ6254 2345  SZX HAK  32L R62 %  J/W/Y//4/17/167//0/0/117//                     
                                                                                
FLIGHT  TOTAL = 104     SEATS BOOKED   =  10570 (F14J393W814Y9349 )             
                        SEATS TOTAL    =  19059 (F48J856W2410Y15745 )           
                        SEATS AVAILABLE=  8489 (F34J463W1596Y6396 )             
                        USAGE PERCENT  =  55 %                                  
                                                                                

2018 November 06, Tuesday, 08:38:44
SID: 51
>fdl k/d/+/szx/zh/99
                                                                                
        DEPARTURE LIST FROM SZX  ON 07NOV18                                     
ZH9303 0600  SZX CGO  319 R66 %  F/C/G/Y//6/2/0/119//1/0/0/84//                 
ZH9887 0635  SZX HFE  73F R46 %  F/C/G/Y//6/2/0/153//1/0/0/74//                 
                 DAT  73F R16 %                     //3/1/0/23//                
             HFE DAT  73F R31 %  F/C/G/Y//6/2/0/153//0/0/0/50//                 
ZH9325 0645  SZX NNG  73F R52 %  F/C/G/Y//6/2/0/153//1/0/0/83//                 
ZH9927 0655  SZX JUH  320 R59 %  F/C/G/Y//6/2/0/149//3/0/0/91//                 
ZH9337 0700  SZX XFN  73F R59 %  F/C/G/Y//6/2/0/153//4/0/0/92//                 
ZH9951 0700  SZX MIG  738 R68 %  F/C/G/Y//6/2/0/159//4/1/0/109//                
ZH9435 0705  SZX KMG  738 R53 %  F/C/G/Y//6/2/0/159//0/0/0/90//                 
ZH9801 0705  SZX WUX  73F R59 %  F/C/G/Y//6/2/23/130//2/0/2/91//                
ZH9949 0705  SZX PZI  319 R74 %  F/C/G/Y//6/2/0/119//1/0/0/94//                 
ZH9931 0710  SZX CZX  73F R53 %  F/C/G/Y//6/2/0/153//3/1/0/82//                 
ZH9137 0720  SZX SJW  739 R83 %  F/C/G/Y//5/2/0/158//4/1/0/132//                
ZH9121 0725  SZX TSN  738 R53 %  F/C/G/Y//6/2/0/159//4/0/0/85//                 
ZH9421 0735  SZX CKG  739 R42 %  F/C/G/Y//6/2/0/158//1/0/0/69//                 
ZH9101 0740  SZX PEK  330 R52 %  F/C/G/Y//12/6/23/266//7/4/6/145//              
ZH9841 0740  SZX NKG  38M R68 %  F/C/G/Y//6/2/10/143//1/0/0/110//               
ZH9941 0745  SZX LJG  319 R81 %  F/C/G/Y//6/2/0/119//3/2/0/98//                 
ZH9871 0750  SZX HGH  739 R60 %  F/C/G/Y//6/2/0/158//4/0/0/97//                 
ZH9127 0755  SZX WUH  738 R41 %  F/C/G/Y//6/2/0/159//2/0/0/67//                 
                 HET  738 R8  %                     //0/0/0/14//                
             WUH HET  738 R41 %  F/C/G/Y//6/2/0/159//0/0/0/70//                +
                                                                                

2018 November 06, Tuesday, 08:38:45
SID: 51
>pn
                                                                                
        DEPARTURE LIST FROM SZX  ON 07NOV18                                    -
ZH9401 0800  SZX CTU  73F R71 %  F/C/G/Y//6/2/0/153//1/1/0/113//                
ZH9501 0805  SZX SHA  330 R96 %  F/C/G/Y//12/6/23/266//4/5/23/265//             
ZH9601 0815  SZX SHE  73F R58 %  F/C/G/Y//6/2/0/153//2/0/0/92//                 
ZH9891 0815  SZX HFE  739 R55 %  F/C/G/Y//6/2/0/158//2/0/0/90//                 
ZH9423 0820  SZX CKG  38M R49 %  F/C/G/Y//6/2/0/153//3/0/0/76//                 
ZH9901 0820  SZX TNA  320 R63 %  F/C/G/Y//6/2/0/149//4/1/0/95//                 
ZH9331 0825  SZX YIH  73F R57 %  F/C/G/Y//6/2/0/153//0/0/0/92//                 
ZH9959 0825  SZX WXN  320 R72 %  F/C/G/Y//6/2/0/149//2/2/0/110//                
ZH9631 0830  SZX YTY  320 R42 %  F/C/G/Y//6/2/0/149//1/0/0/65//                 
                 DLC  320 R10 %                     //0/0/0/17//                
             YTY DLC  320 R28 %  F/C/G/Y//6/2/0/149//0/0/0/45//                 
ZH9641 0835  SZX YNT  738 R32 %  F/C/G/Y//6/2/0/159//1/0/0/54//                 
                 CGQ  738 R27 %                     //1/0/0/45//                
             YNT CGQ  738 R20 %  F/C/G/Y//6/2/0/159//0/0/0/34//                 
ZH9621 0840  SZX HRB  738 R60 %  F/C/G/Y//6/2/0/159//1/0/0/100//                
ZH9911 0840  SZX TAO  73F R74 %  F/C/G/Y//6/2/0/153//3/0/0/117//                
ZH9301 0845  SZX CGO  319 R40 %  F/C/G/Y//6/2/0/119//3/0/0/48//                 
ZH9139 0850  SZX YCU  32F R63 %  F/C/G/Y//6/2/0/143//4/0/0/92//                 
ZH9231 0850  SZX INC  32F R57 %  F/C/G/Y//6/2/0/143//3/0/0/84//                 
ZH9873 0850  SZX HGH  320 R38 %  F/C/G/Y//6/2/0/149//2/2/0/56//                 
ZH9843 0855  SZX NKG  330  52 %  F/C/G/Y//12/6/23/266//3/1/3/153//              
ZH9947 0855  SZX TCZ  319 R74 %  F/C/G/Y//6/2/0/119//3/0/0/92//                +
                                                                                

2018 November 06, Tuesday, 08:38:45
SID: 51
>pn
                                                                                
        DEPARTURE LIST FROM SZX  ON 07NOV18                                    -
ZH9131 0905  SZX TYN  320 R50 %  F/C/G/Y//6/2/0/149//3/2/0/75//                 
ZH9803 0905  SZX WUX  73F R73 %  F/C/G/Y//6/2/23/130//5/2/8/103//               
ZH9643 0925  SZX CGQ  320 R64 %  F/C/G/Y//6/2/0/149//2/1/0/98//                 
ZH9403 0930  SZX CTU  32F R78 %  F/C/G/Y//6/2/0/143//5/0/0/114//                
ZH9921 0935  SZX NTG  32F R52 %  F/C/G/Y//6/2/0/143//2/1/0/76//                 
ZH9103 0950  SZX PEK  73F R57 %  F/C/G/Y//6/2/0/153//0/0/0/93//                 
ZH9875 0955  SZX HGH  738 R59 %  F/C/G/Y//6/2/0/159//1/1/0/97//                 
ZH9893 1020  SZX HFE  32F R56 %  F/C/G/Y//6/2/0/143//3/0/0/82//                 
ZH9505 1025  SZX JJN  320 R17 %  F/C/G/Y//6/2/0/149//2/0/0/26//                 
                 PVG  320 R43 %                     //0/0/0/69//                
             JJN PVG  320 R31 %  F/C/G/Y//6/2/0/149//3/1/0/46//                 
ZH9805 1035  SZX WUX  73F R60 %  F/C/G/Y//6/2/23/130//4/0/4/89//                
ZH9845 1040  SZX NKG  73F R70 %  F/C/G/Y//6/2/23/130//1/0/3/109//               
ZH9425 1045  SZX CKG  738 R65 %  F/C/G/Y//6/2/0/159//4/0/0/105//                
ZH9211 1055  SZX XIY  330 R49 %  F/C/G/Y//12/6/23/266//8/3/3/137//              
ZH9323 1055  SZX SYX  738 R91 %  F/C/G/Y//6/2/0/159//3/0/0/149//                
ZH9903 1125  SZX TNA  73F R47 %  F/C/G/Y//6/2/0/153//3/0/0/74//                 
ZH9603 1130  SZX SHE  320 R67 %  F/C/G/Y//6/2/0/149//5/1/0/100//                
ZH9623 1135  SZX HRB  32F R59 %  F/C/G/Y//6/2/0/143//1/0/0/89//                 
ZH9877 1140  SZX HGH  319 R45 %  F/C/G/Y//6/2/0/119//3/1/0/54//                 
ZH9437 1150  SZX KMG  738 R56 %  F/C/G/Y//6/2/0/152//1/0/0/90//                 
ZH9633 1150  SZX DLC  320 R68 %  F/C/G/Y//6/2/0/149//1/1/0/106//               +
                                                                                

2018 November 06, Tuesday, 08:38:46
SID: 51
>pn
                                                                                
        DEPARTURE LIST FROM SZX  ON 07NOV18                                    -
ZH9507 1205  SZX SHA  739 R96 %  F/C/G/Y//6/2/0/158//0/1/0/159//                
ZH9105 1230  SZX PEK  738 R49 %  F/C/G/Y//6/2/0/159//2/2/0/78//                 
ZH9847 1240  SZX NKG  32F R59 %  F/C/G/Y//6/2/0/143//3/0/0/87//                 
ZH9509 1250  SZX KHN  320 R37 %  F/C/G/Y//6/2/0/149//1/0/0/58//                 
                 PVG  320 R0  %                     //0/0/0/0//                 
             KHN PVG  320 R50 %  F/C/G/Y//6/2/0/149//3/2/0/75//                 
ZH9405 1310  SZX CTU  32F R50 %  F/C/G/Y//6/2/0/143//2/1/0/74//                 
ZH9807 1350  SZX WUX  73F R54 %  F/C/G/Y//6/2/23/130//2/1/3/82//                
ZH9879 1350  SZX HGH  738 R47 %  F/C/G/Y//6/2/0/159//4/2/0/73//                 
ZH9605 1410  SZX SHE  73F R54 %  F/C/G/Y//6/2/0/153//2/0/0/86//                 
ZH9511 1430  SZX SHA  320 R67 %  F/C/G/Y//6/2/0/149//3/3/0/100//                
ZH9213 1435  SZX XIY  32F R45 %  F/C/G/Y//6/2/0/143//3/0/0/66//                 
ZH9107 1445  SZX PEK  739 R43 %  F/C/G/Y//6/2/0/158//1/1/0/70//                 
ZH9913 1445  SZX TAO  738 R56 %  F/C/G/Y//6/2/0/159//3/2/0/89//                 
ZH9133 1500  SZX TYN  739 R52 %  F/C/G/Y//6/2/0/158//6/2/0/79//                 
ZH9513 1510  SZX PVG  320 R47 %  F/C/G/Y//6/2/0/149//5/3/0/67//                 
ZH9746 1515  SZX NTG  738 R31 %  F/C/G/Y//6/2/0/159//4/1/0/48//                 
                 TAO  738 R19 %                     //0/0/0/32//                
                 HRB  738 R0  %                     //0/0/0/0//                 
             NTG TAO  738 R24 %  F/C/G/Y//6/2/0/159//2/0/0/39//                 
                 HRB  738 R11 %                     //0/0/0/20//                
             TAO HRB  738 R54 %  F/C/G/Y//6/2/0/159//1/0/0/90//                +
                                                                                

2018 November 06, Tuesday, 08:38:47
SID: 51
>pn
                                                                                
        DEPARTURE LIST FROM SZX  ON 07NOV18                                    -
ZH9123 1520  SZX TSN  73F R68 %  F/C/G/Y//6/2/0/153//5/1/0/104//                
ZH9625 1545  SZX HRB  32F R68 %  F/C/G/Y//6/2/0/143//1/0/0/102//                
ZH9809 1545  SZX WUX  38M R57 %  F/C/G/Y//6/2/23/130//2/0/2/88//                
ZH9881 1555  SZX HGH  739 R53 %  F/C/G/Y//5/2/0/158//4/2/0/83//                 
ZH9109 1600  SZX PEK  330 R55 %  F/C/G/Y//12/6/23/266//11/5/17/138//            
ZH9239 1600  SZX LHW  73F R37 %  F/C/G/Y//6/2/0/153//1/0/0/60//                 
                 URC  73F R6  %                     //2/0/0/8//                 
             LHW URC  73F R19 %  F/C/G/Y//6/2/0/153//0/0/0/32//                 
ZH9849 1635  SZX NKG  38M R49 %  F/C/G/Y//6/2/23/130//1/0/2/77//                
ZH9427 1640  SZX CKG  739 R39 %  F/C/G/Y//6/2/0/158//2/0/0/63//                 
ZH9915 1640  SZX TAO  738 R56 %  F/C/G/Y//6/2/0/159//2/2/0/90//                 
ZH9929 1645  SZX LYI  319 R65 %  F/C/G/Y//6/2/0/119//1/0/0/82//                 
ZH9515 1655  SZX SHA  330 R39 %  F/C/G/Y//12/6/23/266//8/4/6/103//              
ZH9407 1710  SZX CTU  330 R50 %  F/C/G/Y//12/6/23/266//7/0/0/148//              
ZH9429 1725  SZX CKG  73F R27 %  F/C/G/Y//6/2/0/153//3/1/0/40//                 
ZH9519 1800  SZX JDZ  32F R22 %  F/C/G/Y//6/2/0/143//1/1/0/32//                 
                 SHA  32F R15 %                     //2/0/0/21//                
             JDZ SHA  32F R13 %  F/C/G/Y//6/2/0/143//2/0/0/18//                 
ZH9851 1800  SZX NKG  73F R54 %  F/C/G/Y//6/2/10/143//1/0/2/84//                
ZH9645 1805  SZX KHN  73F R19 %  F/C/G/Y//6/2/0/153//0/0/0/31//                 
                 CGQ  73F R6  %                     //0/0/0/10//                
             KHN CGQ  73F R33 %  F/C/G/Y//6/2/0/153//0/0/0/54//                +
                                                                                

2018 November 06, Tuesday, 08:38:48
SID: 51
>pn
                                                                                
        DEPARTURE LIST FROM SZX  ON 07NOV18                                    -
ZH9883 1805  SZX HGH  73F R34 %  F/C/G/Y//6/2/0/153//1/0/0/55//                 
ZH9957 1810  SZX YBP  319 R49 %  F/C/G/Y//6/2/0/119//0/0/0/63//                 
ZH9609 1815  SZX YTY  320 R27 %  F/C/G/Y//6/2/0/149//1/0/0/42//                 
                 SHE  320 R26 %                     //0/0/0/41//                
             YTY SHE  320 R41 %  F/C/G/Y//6/2/0/149//0/0/0/65//                 
ZH9517 1820  SZX PVG  73F R34 %  F/C/G/Y//6/2/0/153//6/2/0/47//                 
ZH9111 1850  SZX YIC  32F R32 %  F/C/G/Y//6/2/0/143//0/0/0/49//                 
                 PEK  32F R33 %                     //0/0/0/50//                
             YIC PEK  32F R20 %  F/C/G/Y//6/2/0/143//0/1/0/30//                 
ZH9215 1900  SZX XIY  320 R40 %  F/C/G/Y//6/2/0/149//1/1/0/62//                 
ZH9919 1905  SZX HYN  738 R43 %  F/C/G/Y//6/2/0/159//4/1/0/68//                 
ZH9811 1920  SZX WUX  73F R68 %  F/C/G/Y//6/2/23/130//4/2/2/103//               
ZH9409 1925  SZX CTU  320 R40 %  F/C/G/Y//6/2/0/149//0/0/0/64//                 
ZH9305 2005  SZX CGO  320 R41 %  F/C/G/Y//6/2/0/149//5/0/0/60//                 
ZH9321 2010  SZX SYX  320 R25 %  F/C/G/Y//6/2/0/149//0/1/0/39//                 
ZH9897 2015  SZX HFE  73F R59 %  F/C/G/Y//6/2/0/153//6/2/0/88//                 
ZH9909 2015  SZX WNZ  73F R55 %  F/C/G/Y//6/2/0/153//3/0/0/86//                 
ZH9217 2020  SZX XIY  32F R26 %  F/C/G/Y//6/2/0/143//1/0/0/39//                 
ZH9431 2025  SZX CKG  73F R47 %  F/C/G/Y//6/2/0/153//2/1/0/74//                 
ZH9939 2040  SZX JUZ  738 R59 %  F/C/G/Y//6/2/0/159//0/0/0/100//                
ZH9313 2055  SZX HAK  738 R45 %  F/C/G/Y//6/2/0/159//3/1/0/72//                 
ZH9411 2115  SZX CTU  330 R45 %  F/C/G/Y//12/6/23/266//5/0/0/136//             +
                                                                                

2018 November 06, Tuesday, 08:38:48
SID: 51
>pn
        DEPARTURE LIST FROM SZX  ON 07NOV18                                    -
ZH9853 2115  SZX NKG  320 R57 %  F/C/G/Y//6/2/0/149//4/0/0/86//                 
ZH9439 2120  SZX KMG  738 R51 %  F/C/G/Y//6/2/0/152//0/0/0/82//                 
ZH9113 2125  SZX PEK  73F R69 %  F/C/G/Y//6/2/0/153//2/1/0/109//                
ZH9889 2200  SZX HFE  32F R62 %  F/C/G/Y//6/2/0/143//1/0/0/93//                 
ZH9329 2210  SZX ZHA  73F R50 %  F/C/G/Y//6/2/0/153//1/0/0/81//                 
ZH9899 2215  SZX HFE  320 R38 %  F/C/G/Y//6/2/0/149//0/0/0/61//                 
ZH9813 2220  SZX WUX  73F R62 %  F/C/G/Y//6/2/23/130//2/0/1/98//                
ZH9925 2225  SZX NTG  32F R44 %  F/C/G/Y//6/2/0/143//1/0/0/66//                 
ZH9315 2255  SZX HAK  738 R21 %  F/C/G/Y//6/2/0/159//1/0/0/35//                 
                                                                                
FLIGHT  TOTAL = 114     SEATS BOOKED   =  10649 (F298C82Y10182G87 )             
                        SEATS TOTAL    =  19169 (F730C260Y17768G411 )           
                        SEATS AVAILABLE=  8520 (F432C178Y7586G324 )             
                        USAGE PERCENT  =  55 %                                  
                                                                                

2018 November 06, Tuesday, 08:38:49
SID: 51
>pn
                                                                                
        DEPARTURE LIST FROM SZX  ON 07NOV18                                    -
ZH9321 2010  SZX SYX  320 R25 %  F/C/G/Y//6/2/0/149//0/1/0/39//                 
ZH9897 2015  SZX HFE  73F R59 %  F/C/G/Y//6/2/0/153//6/2/0/88//                 
ZH9909 2015  SZX WNZ  73F R55 %  F/C/G/Y//6/2/0/153//3/0/0/86//                 
ZH9217 2020  SZX XIY  32F R26 %  F/C/G/Y//6/2/0/143//1/0/0/39//                 
ZH9431 2025  SZX CKG  73F R47 %  F/C/G/Y//6/2/0/153//2/1/0/74//                 
ZH9939 2040  SZX JUZ  738 R59 %  F/C/G/Y//6/2/0/159//0/0/0/100//                
ZH9313 2055  SZX HAK  738 R45 %  F/C/G/Y//6/2/0/159//3/1/0/72//                 
ZH9411 2115  SZX CTU  330 R45 %  F/C/G/Y//12/6/23/266//5/0/0/136//              
ZH9853 2115  SZX NKG  320 R57 %  F/C/G/Y//6/2/0/149//4/0/0/86//                 
ZH9439 2120  SZX KMG  738 R51 %  F/C/G/Y//6/2/0/152//0/0/0/82//                 
ZH9113 2125  SZX PEK  73F R69 %  F/C/G/Y//6/2/0/153//2/1/0/109//                
ZH9889 2200  SZX HFE  32F R62 %  F/C/G/Y//6/2/0/143//1/0/0/93//                 
ZH9329 2210  SZX ZHA  73F R50 %  F/C/G/Y//6/2/0/153//1/0/0/81//                 
ZH9899 2215  SZX HFE  320 R38 %  F/C/G/Y//6/2/0/149//0/0/0/61//                 
ZH9813 2220  SZX WUX  73F R62 %  F/C/G/Y//6/2/23/130//2/0/1/98//                
ZH9925 2225  SZX NTG  32F R44 %  F/C/G/Y//6/2/0/143//1/0/0/66//                 
ZH9315 2255  SZX HAK  738 R21 %  F/C/G/Y//6/2/0/159//1/0/0/35//                 
                                                                                
FLIGHT  TOTAL = 114     SEATS BOOKED   =  10649 (F298C82Y10182G87 )             
                        SEATS TOTAL    =  19169 (F730C260Y17768G411 )           
                        SEATS AVAILABLE=  8520 (F432C178Y7586G324 )             
                        USAGE PERCENT  =  55 %                                  
                                                                                

2018 November 06, Tuesday, 08:38:50
SID: 51
>fdl k/c/08Nov18/szx/cz/99
                                                                                
        DEPARTURE LIST FROM SZX  ON 08NOV18                                     
CZ3621 0625  SZX CTU  321  49 %  J/W/Y//12/23/143//0/0/88//                     
CZ3675 0635  SZX HZG  320 R12 %  J/W/Y//8/23/120//1/0/18//                      
CZ3568 0640  SZX SHA  321 R50 %  J/W/Y//12/23/143//3/2/84//                     
CZ6443 0640  SZX HAK  32L R48 %  J/W/Y//4/17/167//0/1/91//                      
CZ3673 0650  SZX KWE  320 R25 %  J/W/Y//8/23/120//1/0/37//                      
CZ3920 0650  SZX NNY  320 R37 %  J/W/Y//8/23/120//0/1/56//                      
                 LHW  320 R4  %                  //0/0/7//                      
             NNY LHW  320 R0  %  J/W/Y//8/23/120//0/0/0//                       
CZ3625 0725  SZX SHA  320 R64 %  J/W/Y//8/23/120//4/2/92//                      
CZ3457 0740  SZX CTU  321 R84 %  J/W/Y//12/23/143//4/5/141//                    
CZ3963 0745  SZX TAO  32L R32 %  J/W/Y//4/17/167//2/3/57//                      
                 CGQ  32L R10 %                  //2/0/18//                     
             TAO CGQ  32L  26 %  J/W/Y//4/17/167//0/3/47//                      
CZ3459 0800  SZX KMG  32L R39 %  J/W/Y//4/17/167//3/2/70//                      
CZ3965 0800  SZX SHA  321 R37 %  J/W/Y//12/23/143//4/6/56//                     
CZ6237 0805  SZX XIY  32L R53 %  J/W/Y//4/17/167//2/0/98//                      
CZ3465 0810  SZX CKG  32L R31 %  J/W/Y//4/17/167//1/3/56//                      
CZ3559 0810  SZX NKG  32L R48 %  J/W/Y//4/17/167//2/1/89//                      
CZ6233 0815  SZX GYS  320 R40 %  J/W/Y//8/23/120//0/0/61//                      
CZ6833 0825  SZX DLC  320  15 %  J/W/Y//8/23/120//2/0/22//                      
                 MDG  320 R25 %                  //4/0/35//                     
             DLC MDG  320 R8  %  J/W/Y//8/23/120//0/0/13//                     +
                                                                                

2018 November 06, Tuesday, 08:38:51
SID: 51
>pn
                                                                                
        DEPARTURE LIST FROM SZX  ON 08NOV18                                    -
CZ3151 0835  SZX PEK  333 R46 %  F/J/W/Y//4/24/47/208//1/6/10/114//             
CZ3569 0845  SZX HGH  320 R33 %  J/W/Y//8/23/120//1/12/37//                     
CZ3976 0855  SZX CGO  73Q R19 %  J/W/Y//4/17/147//0/1/31//                      
CZ3553 0900  SZX SHA  333 R54 %  F/J/W/Y//4/24/47/208//0/13/47/93//             
CZ6969 0900  SZX NAO  32G R25 %  J/W/Y//4/17/138//1/10/30//                     
CZ3213 0915  SZX XIY  32L R40 %  J/W/Y//4/17/167//0/1/75//                      
CZ6481 0915  SZX HRB  32L  30 %  J/W/Y//4/17/167//0/1/56//                      
CZ6300 0925  SZX DLC  32L R52 %  J/W/Y//4/17/167//1/1/97//                      
CZ3669 0935  SZX HAK  32L R67 %  J/W/Y//4/17/167//4/17/105//                    
CZ3609 0945  SZX PVG  320 R53 %  J/W/Y//8/23/120//5/9/67//                      
                 SHE  320 R4  %                  //0/0/7//                      
             PVG SHE  320 R34 %  J/W/Y//8/23/120//3/10/39//                     
CZ3978 0950  SZX SYX  32M R37 %  J/W/Y//4/23/167//3/23/46//                     
CZ3583 1000  SZX KHN  32L R40 %  J/W/Y//4/17/167//1/16/59//                     
                 TYN  32L R6  %                  //0/1/11//                     
             KHN TYN  32L  15 %  J/W/Y//4/17/167//0/0/30//                      
CZ3611 1015  SZX SHE  320 R55 %  J/W/Y//8/23/120//5/2/77//                      
                 DQA  320 R6  %                  //1/0/9//                      
             SHE DQA  320 R5  %  J/W/Y//8/23/120//0/0/9//                       
CZ3233 1025  SZX NNG  73C R30 %  J/W/Y//4/17/106//4/10/25//                     
                 WNH  73C R6  %                  //0/0/8//                      
             NNG WNH  73C R11 %  J/W/Y//4/17/106//0/0/15//                     +
                                                                                

2018 November 06, Tuesday, 08:38:52
SID: 51
>pn
                                                                                
        DEPARTURE LIST FROM SZX  ON 08NOV18                                    -
CZ3159 1030  SZX PEK  333 R46 %  F/J/W/Y//4/24/47/208//4/4/21/102//             
CZ3793 1100  SZX XIY  73N R29 %  J/W/Y//4/17/150//3/2/46//                      
CZ6597 1100  SZX CGO  73Q R10 %  J/W/Y//4/17/147//1/1/16//                      
                 BPE  73Q R4  %                  //0/0/7//                      
             CGO BPE  73Q R5  %  J/W/Y//4/17/147//0/0/9//                       
CZ3876 1105  SZX YIW  738 R72 %  J/W/Y//8/23/132//3/17/98//                     
CZ3358 1110  SZX WUH  73M R53 %  J/W/Y//4/23/150//3/6/86//                      
CZ6701 1120  SZX HSN  320 R92 %  J/W/Y//8/23/120//6/23/111//                    
                 LYG  320 R5  %                  //0/0/9//                      
             HSN LYG  320 R21 %  J/W/Y//8/23/120//0/2/30//                      
CZ3797 1145  SZX HGH  32L R50 %  J/W/Y//4/17/167//2/5/87//                      
CZ3551 1200  SZX SHA  32L R33 %  J/W/Y//4/17/167//4/3/56//                      
CZ6653 1205  SZX NAO  320 R19 %  J/W/Y//8/23/120//0/0/30//                      
CZ3613 1215  SZX CGQ  320 R67 %  J/W/Y//8/23/120//3/7/92//                      
CZ6326 1215  SZX NGB  32G R59 %  J/W/Y//4/17/138//3/17/74//                     
                 DLC  32G R3  %                  //0/0/6//                      
             NGB DLC  32G  37 %  J/W/Y//4/17/138//0/3/57//                      
CZ3193 1230  SZX PEK  333 R31 %  F/J/W/Y//4/24/47/208//0/8/7/74//               
CZ3831 1235  SZX SHA  321 R36 %  J/W/Y//12/23/143//3/0/62//                     
CZ3453 1240  SZX CTU  32L R33 %  J/W/Y//4/17/167//0/6/57//                      
CZ3633 1250  SZX HRB  320 R58 %  J/W/Y//8/23/120//0/3/86//                      
CZ6445 1255  SZX CGD  320 R61 %  J/W/Y//8/23/120//2/7/84//                     +
                                                                                

2018 November 06, Tuesday, 08:38:53
SID: 51
>pn
                                                                                
        DEPARTURE LIST FROM SZX  ON 08NOV18                                    -
CZ3153 1330  SZX PEK  321 R52 %  J/W/Y//12/23/143//4/11/78//                    
CZ3561 1330  SZX SHA  32L R27 %  J/W/Y//4/17/167//3/2/47//                      
CZ3451 1335  SZX KMG  32G R32 %  J/W/Y//4/17/138//0/5/46//                      
                 LJG  32G R26 %                  //0/2/40//                     
             KMG LJG  32G  56 %  J/W/Y//4/17/138//0/0/90//                      
CZ8579 1350  SZX LZO  320 R47 %  J/W/Y//8/23/120//2/3/66//                      
CZ3555 1355  SZX HGH  320 R40 %  J/W/Y//8/23/120//6/3/52//                      
CZ3557 1355  SZX SHA  321 R32 %  J/W/Y//12/23/143//3/6/49//                     
CZ3255 1415  SZX KOW  32L R9  %  J/W/Y//4/17/167//2/4/12//                      
                 PEK  32L R18 %                  //0/0/34//                     
             KOW PEK  32L R21 %  J/W/Y//4/17/167//4/6/30//                      
CZ6274 1425  SZX HRB  320  32 %  J/W/Y//8/23/120//6/0/43//                      
CZ3827 1435  SZX NKG  32L R30 %  J/W/Y//4/17/167//1/3/53//                      
CZ3435 1445  SZX KWE  320 R17 %  J/W/Y//8/23/120//2/4/21//                      
                 URC  320  27 %                  //1/3/38//                     
             KWE URC  320  5  %  J/W/Y//8/23/120//0/0/9//                       
CZ6312 1450  SZX TAO  32E R39 %  J/W/Y//4/23/138//0/6/59//                      
                 SHE  32E R10 %                  //0/3/15//                     
             TAO SHE  32E R46 %  J/W/Y//4/23/138//1/5/71//                      
CZ3565 1455  SZX HFE  320 R56 %  J/W/Y//8/23/120//4/3/79//                      
CZ6336 1510  SZX CGO  73M R22 %  J/W/Y//4/23/150//3/1/36//                      
CZ3351 1525  SZX CZX  320 R55 %  J/W/Y//8/23/120//7/4/73//                     +
                                                                                

2018 November 06, Tuesday, 08:38:53
SID: 51
>pn
                                                                                
        DEPARTURE LIST FROM SZX  ON 08NOV18                                    -
CZ3189 1530  SZX PEK  321 R44 %  J/W/Y//12/23/143//6/4/69//                     
CZ3549 1550  SZX SHA  321 R69 %  J/W/Y//12/23/143//4/14/106//                   
CZ6890 1615  SZX CSX  73S R45 %  J/W/Y//4/23/150//1/7/73//                      
                 URC  73S  6  %                  //1/0/11//                     
             CSX URC  73S R27 %  J/W/Y//4/23/150//2/1/45//                      
CZ6328 1620  SZX HGH  32L R23 %  J/W/Y//4/17/167//2/2/41//                      
                 DLC  32L R10 %                  //0/0/20//                     
             HGH DLC  32L R60 %  J/W/Y//4/17/167//0/2/112//                     
CZ6593 1625  SZX XIY  32L R51 %  J/W/Y//4/17/167//2/0/94//                      
CZ3157 1630  SZX PEK  333 R48 %  F/J/W/Y//4/24/47/208//0/8/12/116//             
CZ3369 1650  SZX WNZ  32L R22 %  J/W/Y//4/17/167//4/5/33//                      
CZ6610 1655  SZX CGQ  320 R53 %  J/W/Y//8/23/120//2/1/78//                      
CZ3587 1700  SZX SHA  333 R49 %  F/J/W/Y//4/24/47/208//0/14/11/116//            
CZ3744 1715  SZX HGH  32M R26 %  J/W/Y//4/23/167//3/1/47//                      
                 HRB  32M  5  %                  //0/0/11//                     
             HGH HRB  32M  12 %  J/W/Y//4/23/167//1/0/24//                      
CZ3577 1730  SZX NKG  320 R46 %  J/W/Y//8/23/120//3/3/64//                      
CZ6478 1735  SZX CGO  73M R24 %  J/W/Y//4/23/150//1/8/34//                      
                 HET  73M R15 %                  //0/0/27//                     
             CGO HET  73M R19 %  J/W/Y//4/23/150//1/0/33//                      
CZ6304 1740  SZX SHE  32L R55 %  J/W/Y//4/17/167//3/10/92//                     
CZ3191 1745  SZX PEK  33B R44 %  J/W/Y//30/41/187//6/6/102//                   +
                                                                                

2018 November 06, Tuesday, 08:38:54
SID: 51
>pn
                                                                                
        DEPARTURE LIST FROM SZX  ON 08NOV18                                    -
CZ3225 1745  SZX XIY  320 R12 %  J/W/Y//8/23/120//0/1/18//                      
                 INC  320 R12 %                  //0/0/19//                     
             XIY INC  320 R5  %  J/W/Y//8/23/120//0/0/8//                       
CZ6591 1750  SZX NGB  320 R46 %  J/W/Y//8/23/120//3/1/66//                      
CZ3209 1755  SZX WUX  320 R59 %  J/W/Y//8/23/120//2/4/84//                      
CZ3433 1815  SZX CTU  32L R31 %  J/W/Y//4/17/167//1/2/56//                      
CZ6923 1820  SZX KMG  32L R53 %  J/W/Y//4/17/167//2/0/98//                      
CZ3356 1910  SZX WUH  73N R52 %  J/W/Y//4/17/150//2/2/86//                      
CZ3155 1950  SZX PEK  321 R66 %  J/W/Y//12/23/143//4/2/113//                    
CZ3668 1950  SZX KWE  738 R37 %  J/W/Y//8/23/132//2/3/56//                      
CZ6847 2000  SZX TXN  320 R84 %  J/W/Y//8/23/120//5/17/105//                    
CZ8136 2020  SZX CKG  32G R30 %  J/W/Y//4/17/138//1/1/47//                      
CZ3171 2040  SZX PEK  32L R65 %  J/W/Y//4/17/167//0/1/122//                     
CZ3589 2055  SZX SHA  333 R29 %  F/J/W/Y//4/24/47/208//0/4/5/74//               
CZ3279 2100  SZX XIY  73N R39 %  J/W/Y//4/17/150//0/1/67//                      
CZ3955 2110  SZX HAK  321 R33 %  J/W/Y//12/23/143//0/15/45//                    
CZ3365 2125  SZX HGH  32L R26 %  J/W/Y//4/17/167//0/2/47//                      
CZ6310 2125  SZX SHE  32E R46 %  J/W/Y//4/23/138//1/0/75//                      
CZ3962 2130  SZX PEK  32L R68 %  J/W/Y//4/17/167//0/0/128//                     
CZ3974 2135  SZX CGO  738 R30 %  J/W/Y//8/23/132//2/0/48//                      
CZ3991 2200  SZX DYG  320 R35 %  J/W/Y//8/23/120//5/4/44//                      
CZ8595 2200  SZX HFE  32L R44 %  J/W/Y//4/17/167//0/0/84//                     +
                                                                                

2018 November 06, Tuesday, 08:38:55
SID: 51
>pn
        DEPARTURE LIST FROM SZX  ON 08NOV18                                    -
CZ6372 2205  SZX KWE  73N R19 %  J/W/Y//4/17/150//0/0/34//                      
CZ3709 2210  SZX WNZ  32L R24 %  J/W/Y//4/17/167//2/0/44//                      
CZ3238 2220  SZX NNG  73C R30 %  J/W/Y//4/17/106//1/0/38//                      
CZ8112 2235  SZX CKG  320 R40 %  J/W/Y//8/23/120//0/0/61//                      
CZ6254 2345  SZX HAK  32L R62 %  J/W/Y//4/17/167//0/0/118//                     
                                                                                
FLIGHT  TOTAL = 99      SEATS BOOKED   =  7849 (F5J266W520Y7058 )               
                        SEATS TOTAL    =  17702 (F28J774W2217Y14683 )           
                        SEATS AVAILABLE=  9853 (F23J508W1697Y7625 )             
                        USAGE PERCENT  =  44 %                                  
                                                                                

2018 November 06, Tuesday, 08:38:56
SID: 51
>pn
                                                                                
        DEPARTURE LIST FROM SZX  ON 08NOV18                                    -
CZ6847 2000  SZX TXN  320 R84 %  J/W/Y//8/23/120//5/17/105//                    
CZ8136 2020  SZX CKG  32G R30 %  J/W/Y//4/17/138//1/1/47//                      
CZ3171 2040  SZX PEK  32L R65 %  J/W/Y//4/17/167//0/1/122//                     
CZ3589 2055  SZX SHA  333 R29 %  F/J/W/Y//4/24/47/208//0/4/5/74//               
CZ3279 2100  SZX XIY  73N R39 %  J/W/Y//4/17/150//0/1/67//                      
CZ3955 2110  SZX HAK  321 R33 %  J/W/Y//12/23/143//0/15/45//                    
CZ3365 2125  SZX HGH  32L R26 %  J/W/Y//4/17/167//0/2/47//                      
CZ6310 2125  SZX SHE  32E R46 %  J/W/Y//4/23/138//1/0/75//                      
CZ3962 2130  SZX PEK  32L R68 %  J/W/Y//4/17/167//0/0/128//                     
CZ3974 2135  SZX CGO  738 R30 %  J/W/Y//8/23/132//2/0/48//                      
CZ3991 2200  SZX DYG  320 R35 %  J/W/Y//8/23/120//5/4/44//                      
CZ8595 2200  SZX HFE  32L R44 %  J/W/Y//4/17/167//0/0/84//                      
CZ6372 2205  SZX KWE  73N R19 %  J/W/Y//4/17/150//0/0/34//                      
CZ3709 2210  SZX WNZ  32L R24 %  J/W/Y//4/17/167//2/0/44//                      
CZ3238 2220  SZX NNG  73C R30 %  J/W/Y//4/17/106//1/0/38//                      
CZ8112 2235  SZX CKG  320 R40 %  J/W/Y//8/23/120//0/0/61//                      
CZ6254 2345  SZX HAK  32L R62 %  J/W/Y//4/17/167//0/0/118//                     
                                                                                
FLIGHT  TOTAL = 99      SEATS BOOKED   =  7849 (F5J266W520Y7058 )               
                        SEATS TOTAL    =  17702 (F28J774W2217Y14683 )           
                        SEATS AVAILABLE=  9853 (F23J508W1697Y7625 )             
                        USAGE PERCENT  =  44 %                                  
                                                                                

2018 November 06, Tuesday, 08:38:56
SID: 51
>fdl k/d/08Nov18/szx/zh/99
                                                                                
        DEPARTURE LIST FROM SZX  ON 08NOV18                                     
ZH9325 0645  SZX NNG  73F R43 %  F/C/G/Y//6/2/0/153//4/0/0/66//                 
ZH9927 0655  SZX JUH  320 R55 %  F/C/G/Y//6/2/0/149//3/0/0/84//                 
ZH9337 0700  SZX XFN  738 R49 %  F/C/G/Y//6/2/0/155//1/0/0/80//                 
ZH9951 0700  SZX MIG  73F R39 %  F/C/G/Y//6/2/0/153//1/0/0/63//                 
ZH9435 0705  SZX KMG  738 R42 %  F/C/G/Y//6/2/0/155//1/1/0/67//                 
ZH9801 0705  SZX WUX  73F R52 %  F/C/G/Y//6/2/23/130//1/0/3/80//                
ZH9949 0705  SZX PZI  319 R78 %  F/C/G/Y//6/2/0/119//2/1/0/97//                 
ZH9931 0710  SZX CZX  73F R35 %  F/C/G/Y//6/2/0/153//1/0/0/56//                 
ZH9137 0720  SZX SJW  739 R57 %  F/C/G/Y//6/2/0/158//3/0/0/92//                 
ZH9121 0725  SZX TSN  739 R45 %  F/C/G/Y//6/2/0/158//4/1/0/71//                 
ZH9421 0735  SZX CKG  739 R26 %  F/C/G/Y//6/2/0/158//1/0/0/43//                 
ZH9101 0740  SZX PEK  330 R45 %  F/C/G/Y//12/6/23/266//10/6/5/119//             
ZH9841 0740  SZX NKG  38M R60 %  F/C/G/Y//6/2/10/143//2/0/0/96//                
ZH9941 0745  SZX LJG  320 R71 %  F/C/G/Y//6/2/0/149//2/1/0/110//                
ZH9871 0750  SZX HGH  73F R39 %  F/C/G/Y//6/2/0/153//1/2/0/60//                 
ZH9127 0755  SZX WUH  738 R26 %  F/C/G/Y//6/2/0/155//2/0/0/41//                 
                 HET  738 R12 %                     //1/2/0/17//                
             WUH HET  738 R26 %  F/C/G/Y//6/2/0/155//0/0/0/44//                 
ZH9401 0800  SZX CTU  38M R44 %  F/C/G/Y//6/2/0/153//0/0/0/72//                 
ZH9501 0805  SZX SHA  330 R95 %  F/C/G/Y//12/6/23/266//3/5/0/284//              
ZH9601 0815  SZX SHE  73F R49 %  F/C/G/Y//6/2/0/153//0/0/0/79//                 
ZH9891 0815  SZX HFE  739 R53 %  F/C/G/Y//6/2/0/158//4/1/0/83//                +
                                                                                

2018 November 06, Tuesday, 08:38:57
SID: 51
>pn
                                                                                
        DEPARTURE LIST FROM SZX  ON 08NOV18                                    -
ZH9423 0820  SZX CKG  38M R33 %  F/C/G/Y//6/2/0/153//1/0/0/53//                 
ZH9959 0825  SZX WXN  32F R48 %  F/C/G/Y//5/1/0/143//2/0/0/70//                 
ZH9631 0830  SZX YTY  320 R24 %  F/C/G/Y//6/2/0/149//2/2/0/34//                 
                 DLC  320 R18 %                     //0/0/0/29//                
             YTY DLC  320 R37 %  F/C/G/Y//6/2/0/149//0/0/0/59//                 
ZH9641 0835  SZX YNT  738 R28 %  F/C/G/Y//6/2/0/155//0/0/0/47//                 
                 CGQ  738 R26 %                     //0/0/0/44//                
             YNT CGQ  738 R14 %  F/C/G/Y//6/2/0/155//0/0/0/23//                 
ZH9621 0840  SZX HRB  738 R58 %  F/C/G/Y//6/2/0/159//0/0/0/97//                 
ZH9911 0840  SZX TAO  73F R45 %  F/C/G/Y//6/2/0/153//4/1/0/68//                 
ZH9301 0845  SZX CGO  320 R28 %  F/C/G/Y//6/2/0/149//1/0/0/44//                 
ZH9139 0850  SZX YCU  319 R40 %  F/C/G/Y//6/2/0/119//0/0/0/51//                 
ZH9873 0850  SZX HGH  319 R30 %  F/C/G/Y//6/2/0/119//0/0/0/39//                 
ZH9843 0855  SZX NKG  330 R43 %  F/C/G/Y//12/6/23/266//3/0/11/121//             
ZH9945 0900  SZX ZAT  319 R66 %  F/C/G/Y//6/2/0/119//0/0/0/84//                 
ZH9131 0905  SZX TYN  320 R35 %  F/C/G/Y//6/2/0/149//3/0/0/53//                 
ZH9803 0905  SZX WUX  73F R56 %  F/C/G/Y//6/2/23/130//4/1/1/85//                
ZH9947 0910  SZX TCZ  319 R68 %  F/C/G/Y//6/2/0/119//0/0/0/87//                 
ZH9403 0930  SZX CTU  320 R52 %  F/C/G/Y//6/2/0/149//3/1/0/79//                 
ZH9921 0935  SZX NTG  320 R44 %  F/C/G/Y//6/2/0/149//2/0/0/68//                 
ZH9103 0950  SZX PEK  738 R39 %  F/C/G/Y//6/2/0/159//1/0/0/65//                 
ZH9875 0955  SZX HGH  738 R30 %  F/C/G/Y//6/2/0/155//0/0/0/49//                +
                                                                                

2018 November 06, Tuesday, 08:38:58
SID: 51
>pn
                                                                                
        DEPARTURE LIST FROM SZX  ON 08NOV18                                    -
ZH9643 1005  SZX CGQ  320 R71 %  F/C/G/Y//6/2/0/149//2/0/0/110//                
ZH9505 1025  SZX JJN  32F R6  %  F/C/G/Y//6/2/0/143//1/0/0/9//                  
                 PVG  32F R38 %                     //0/0/0/58//                
             JJN PVG  32F R11 %  F/C/G/Y//6/2/0/143//0/0/0/17//                 
ZH9805 1035  SZX WUX  73F R45 %  F/C/G/Y//6/2/23/130//2/1/4/66//                
ZH9845 1040  SZX NKG  73F R55 %  F/C/G/Y//6/2/23/130//2/0/5/83//                
ZH9425 1045  SZX CKG  73F R66 %  F/C/G/Y//6/2/0/153//3/0/0/104//                
ZH9211 1055  SZX XIY  330 R57 %  F/C/G/Y//12/6/23/266//5/0/3/167//              
ZH9235 1055  SZX XNN  32F R45 %  F/C/G/Y//6/2/0/143//4/0/0/65//                 
ZH9323 1105  SZX SYX  738 R68 %  F/C/G/Y//6/2/0/155//2/2/0/108//                
ZH9903 1125  SZX TNA  73F R40 %  F/C/G/Y//6/2/0/153//3/1/0/61//                 
ZH9603 1130  SZX SHE  32F R59 %  F/C/G/Y//6/2/0/143//6/2/0/82//                 
ZH9623 1135  SZX HRB  32F R63 %  F/C/G/Y//6/2/0/143//2/0/0/94//                 
ZH9877 1140  SZX HGH  738 R30 %  F/C/G/Y//6/2/0/155//1/1/0/47//                 
ZH9437 1150  SZX KMG  738 R44 %  F/C/G/Y//6/2/0/155//2/2/0/69//                 
ZH9633 1150  SZX DLC  32F R39 %  F/C/G/Y//6/2/0/143//1/1/0/57//                 
ZH9507 1205  SZX SHA  739 R27 %  F/C/G/Y//6/2/0/158//4/1/0/40//                 
ZH9105 1230  SZX PEK  73F R50 %  F/C/G/Y//6/2/0/153//5/1/0/75//                 
ZH9303 1235  SZX CGO  32F R24 %  F/C/G/Y//6/2/0/143//4/2/0/31//                 
ZH9847 1240  SZX NKG  32F R39 %  F/C/G/Y//6/2/0/143//2/0/0/57//                 
ZH9509 1250  SZX KHN  32F R45 %  F/C/G/Y//6/2/0/143//2/1/0/66//                 
                 PVG  32F R3  %                     //3/0/0/2//                +
                                                                                

2018 November 06, Tuesday, 08:38:59
SID: 51
>pn
                                                                                
        DEPARTURE LIST FROM SZX  ON 08NOV18                                    -
             KHN PVG  32F R38 %  F/C/G/Y//6/2/0/143//3/1/0/54//                 
ZH9331 1310  SZX YIH  320 R55 %  F/C/G/Y//6/2/0/149//3/2/0/82//                 
ZH9405 1310  SZX CTU  32F R54 %  F/C/G/Y//6/2/0/143//3/0/0/79//                 
ZH9807 1350  SZX WUX  73F R26 %  F/C/G/Y//6/2/23/130//2/2/1/38//                
ZH9879 1350  SZX HGH  738 R33 %  F/C/G/Y//6/2/0/155//1/1/0/53//                 
ZH9605 1410  SZX SHE  73F R57 %  F/C/G/Y//6/2/0/153//3/0/0/90//                 
ZH9511 1430  SZX SHA  32F R37 %  F/C/G/Y//6/2/0/143//0/0/0/57//                 
ZH9213 1435  SZX XIY  32F R41 %  F/C/G/Y//5/1/0/143//1/0/0/61//                 
ZH9107 1445  SZX PEK  739 R46 %  F/C/G/Y//6/2/0/158//1/1/0/75//                 
ZH9913 1445  SZX TAO  738 R54 %  F/C/G/Y//6/2/0/155//5/0/0/84//                 
ZH9133 1500  SZX TYN  73F R26 %  F/C/G/Y//6/2/0/153//2/0/0/40//                 
ZH9513 1510  SZX PVG  32F R35 %  F/C/G/Y//6/2/0/143//1/2/0/51//                 
ZH9746 1515  SZX NTG  738 R18 %  F/C/G/Y//6/2/0/155//4/1/0/25//                 
                 TAO  738 R19 %                     //0/0/0/32//                
                 HRB  738 R0  %                     //0/0/0/0//                 
             NTG TAO  738 R12 %  F/C/G/Y//6/2/0/155//0/0/0/21//                 
                 HRB  738 R4  %                     //0/0/0/8//                 
             TAO HRB  738 R55 %  F/C/G/Y//6/2/0/155//0/0/0/91//                 
ZH9123 1520  SZX TSN  73F R49 %  F/C/G/Y//6/2/0/153//1/0/0/79//                 
ZH9625 1545  SZX HRB  320 R52 %  F/C/G/Y//6/2/0/149//3/0/0/80//                 
ZH9809 1545  SZX WUX  38M R51 %  F/C/G/Y//6/2/23/130//0/0/0/83//                
ZH9881 1555  SZX HGH  739 R37 %  F/C/G/Y//6/2/0/158//0/1/0/62//                +
                                                                                

2018 November 06, Tuesday, 08:39:00
SID: 51
>pn
                                                                                
        DEPARTURE LIST FROM SZX  ON 08NOV18                                    -
ZH9109 1600  SZX PEK  330 R48 %  F/C/G/Y//12/6/23/266//4/1/1/143//              
ZH9239 1600  SZX LHW  73F R31 %  F/C/G/Y//6/2/0/153//3/0/0/48//                 
                 URC  73F R26 %                     //0/0/0/43//                
             LHW URC  73F R11 %  F/C/G/Y//6/2/0/153//0/0/0/18//                 
ZH9849 1635  SZX NKG  38M R46 %  F/C/G/Y//6/2/23/130//2/0/0/73//                
ZH9427 1640  SZX CKG  739 R22 %  F/C/G/Y//6/2/0/158//0/0/0/37//                 
ZH9915 1640  SZX TAO  738 R36 %  F/C/G/Y//6/2/0/155//0/0/0/59//                 
ZH9929 1645  SZX LYI  320 R68 %  F/C/G/Y//6/2/0/149//1/0/0/107//                
ZH9515 1655  SZX SHA  330 R30 %  F/C/G/Y//12/6/23/266//4/4/6/81//               
ZH9407 1710  SZX CTU  330 R45 %  F/C/G/Y//12/6/23/266//3/0/0/137//              
ZH9429 1725  SZX CKG  38M R33 %  F/C/G/Y//6/2/0/153//3/0/0/51//                 
ZH9957 1755  SZX YBP  319 R44 %  F/C/G/Y//6/2/0/119//2/0/0/55//                 
ZH9519 1800  SZX JDZ  320 R15 %  F/C/G/Y//6/2/0/149//2/1/0/22//                 
                 SHA  320 R14 %                     //2/0/0/20//                
             JDZ SHA  320 R8  %  F/C/G/Y//6/2/0/149//0/0/0/13//                 
ZH9851 1800  SZX NKG  73F R49 %  F/C/G/Y//6/2/10/143//0/0/3/77//                
ZH9645 1805  SZX KHN  73F R24 %  F/C/G/Y//6/2/0/153//1/0/0/39//                 
                 CGQ  73F R11 %                     //0/0/0/18//                
             KHN CGQ  73F R17 %  F/C/G/Y//6/2/0/153//0/0/0/28//                 
ZH9883 1805  SZX HGH  739 R28 %  F/C/G/Y//6/2/0/158//2/0/0/45//                 
ZH9609 1815  SZX YTY  320 R24 %  F/C/G/Y//6/2/0/149//0/0/0/39//                 
                 SHE  320 R21 %                     //0/0/0/33//               +
                                                                                

2018 November 06, Tuesday, 08:39:01
SID: 51
>pn
                                                                                
        DEPARTURE LIST FROM SZX  ON 08NOV18                                    -
             YTY SHE  320 R21 %  F/C/G/Y//6/2/0/149//0/0/0/33//                 
ZH9517 1820  SZX PVG  73F R37 %  F/C/G/Y//6/2/0/153//3/2/0/56//                 
ZH9895 1830  SZX HFE  73F R22 %  F/C/G/Y//6/2/0/153//3/0/0/34//                 
ZH9111 1850  SZX YIC  320 R19 %  F/C/G/Y//6/2/0/149//2/0/0/28//                 
                 PEK  320 R14 %                     //0/0/0/22//                
             YIC PEK  320 R8  %  F/C/G/Y//6/2/0/149//0/0/0/13//                 
ZH9919 1855  SZX HYN  738 R40 %  F/C/G/Y//6/2/0/155//3/1/0/62//                 
ZH9215 1900  SZX XIY  320 R20 %  F/C/G/Y//6/2/0/149//1/0/0/31//                 
ZH9811 1920  SZX WUX  73F R43 %  F/C/G/Y//6/2/23/130//0/0/2/68//                
ZH9409 1925  SZX CTU  32F R42 %  F/C/G/Y//6/2/0/143//2/1/0/61//                 
ZH9305 2005  SZX CGO  320 R25 %  F/C/G/Y//6/2/0/149//0/0/0/40//                 
ZH9321 2010  SZX SYX  32F R46 %  F/C/G/Y//6/2/0/143//0/0/0/70//                 
ZH9897 2015  SZX HFE  739 R19 %  F/C/G/Y//6/2/0/158//0/0/0/32//                 
ZH9909 2015  SZX WNZ  738 R43 %  F/C/G/Y//6/2/0/155//2/1/0/68//                 
ZH9217 2020  SZX XIY  32F R24 %  F/C/G/Y//6/2/0/143//0/0/0/37//                 
ZH9431 2025  SZX CKG  73F R42 %  F/C/G/Y//6/2/0/153//3/0/0/65//                 
ZH9313 2100  SZX HAK  738 R54 %  F/C/G/Y//6/2/0/155//3/2/0/84//                 
ZH9411 2115  SZX CTU  330 R41 %  F/C/G/Y//12/6/23/266//8/0/0/119//              
ZH9853 2115  SZX NKG  32F R39 %  F/C/G/Y//6/2/0/143//0/1/0/58//                 
ZH9439 2120  SZX KMG  738 R38 %  F/C/G/Y//6/2/0/155//0/0/0/63//                 
ZH9113 2125  SZX PEK  73F R65 %  F/C/G/Y//6/2/0/153//0/0/0/106//                
ZH9925 2200  SZX NTG  32F R49 %  F/C/G/Y//6/2/0/143//2/0/0/72//                +
                                                                                

2018 November 06, Tuesday, 08:39:02
SID: 51
>pn
        DEPARTURE LIST FROM SZX  ON 08NOV18                                    -
ZH9329 2210  SZX ZHA  73F R26 %  F/C/G/Y//6/2/0/153//1/0/0/42//                 
ZH9899 2215  SZX HFE  32F R52 %  F/C/G/Y//6/2/0/143//0/0/0/79//                 
ZH9935 2220  SZX KHN  320 R21 %  F/C/G/Y//6/2/0/149//0/0/0/34//                 
ZH9813 2225  SZX WUX  73F R57 %  F/C/G/Y//6/2/23/130//1/0/2/90//                
ZH9315 2255  SZX HAK  738 R29 %  F/C/G/Y//6/2/0/159//1/0/0/48//                 
                                                                                
FLIGHT  TOTAL = 112     SEATS BOOKED   =  8479 (F223C64Y8145G47 )               
                        SEATS TOTAL    =  18834 (F718C254Y17451G411 )           
                        SEATS AVAILABLE=  10355 (F495C190Y9306G364 )            
                        USAGE PERCENT  =  45 %                                  
                                                                                

2018 November 06, Tuesday, 08:39:03
SID: 51
>pn
                                                                                
        DEPARTURE LIST FROM SZX  ON 08NOV18                                    -
ZH9305 2005  SZX CGO  320 R25 %  F/C/G/Y//6/2/0/149//0/0/0/40//                 
ZH9321 2010  SZX SYX  32F R46 %  F/C/G/Y//6/2/0/143//0/0/0/70//                 
ZH9897 2015  SZX HFE  739 R19 %  F/C/G/Y//6/2/0/158//0/0/0/32//                 
ZH9909 2015  SZX WNZ  738 R43 %  F/C/G/Y//6/2/0/155//2/1/0/68//                 
ZH9217 2020  SZX XIY  32F R24 %  F/C/G/Y//6/2/0/143//0/0/0/37//                 
ZH9431 2025  SZX CKG  73F R42 %  F/C/G/Y//6/2/0/153//3/0/0/65//                 
ZH9313 2100  SZX HAK  738 R54 %  F/C/G/Y//6/2/0/155//3/2/0/84//                 
ZH9411 2115  SZX CTU  330 R41 %  F/C/G/Y//12/6/23/266//8/0/0/119//              
ZH9853 2115  SZX NKG  32F R39 %  F/C/G/Y//6/2/0/143//0/1/0/58//                 
ZH9439 2120  SZX KMG  738 R38 %  F/C/G/Y//6/2/0/155//0/0/0/63//                 
ZH9113 2125  SZX PEK  73F R65 %  F/C/G/Y//6/2/0/153//0/0/0/106//                
ZH9925 2200  SZX NTG  32F R49 %  F/C/G/Y//6/2/0/143//2/0/0/72//                 
ZH9329 2210  SZX ZHA  73F R26 %  F/C/G/Y//6/2/0/153//1/0/0/42//                 
ZH9899 2215  SZX HFE  32F R52 %  F/C/G/Y//6/2/0/143//0/0/0/79//                 
ZH9935 2220  SZX KHN  320 R21 %  F/C/G/Y//6/2/0/149//0/0/0/34//                 
ZH9813 2225  SZX WUX  73F R57 %  F/C/G/Y//6/2/23/130//1/0/2/90//                
ZH9315 2255  SZX HAK  738 R29 %  F/C/G/Y//6/2/0/159//1/0/0/48//                 
                                                                                
FLIGHT  TOTAL = 112     SEATS BOOKED   =  8479 (F223C64Y8145G47 )               
                        SEATS TOTAL    =  18834 (F718C254Y17451G411 )           
                        SEATS AVAILABLE=  10355 (F495C190Y9306G364 )            
                        USAGE PERCENT  =  45 %                                  
                                                                                

2018 November 06, Tuesday, 08:39:03
SID: 51
>fdl k/c/09Nov18/szx/cz/99
                                                                                
        DEPARTURE LIST FROM SZX  ON 09NOV18                                     
CZ3621 0625  SZX CTU  32L  37 %  J/W/Y//4/17/167//1/2/68//                      
CZ3568 0640  SZX SHA  321 R47 %  J/W/Y//12/23/143//2/0/83//                     
CZ6443 0640  SZX HAK  32L R36 %  J/W/Y//4/17/167//2/1/66//                      
CZ3673 0650  SZX KWE  32G R5  %  J/W/Y//4/17/138//1/0/8//                       
CZ3920 0650  SZX NNY  320 R27 %  J/W/Y//8/23/120//2/0/39//                      
                 LHW  320 R3  %                  //0/0/5//                      
             NNY LHW  320 R0  %  J/W/Y//8/23/120//0/0/0//                       
CZ3625 0725  SZX SHA  32L R49 %  J/W/Y//4/17/167//0/0/93//                      
CZ3457 0740  SZX CTU  333 R41 %  F/J/W/Y//4/24/47/208//0/2/1/114//              
CZ3459 0800  SZX KMG  320 R78 %  J/W/Y//8/23/120//4/9/106//                     
CZ3965 0800  SZX SHA  321 R40 %  J/W/Y//12/23/143//1/0/71//                     
CZ6237 0805  SZX XIY  32L  47 %  J/W/Y//4/17/167//2/0/88//                      
CZ3465 0810  SZX CKG  32L R22 %  J/W/Y//4/17/167//1/4/37//                      
CZ3559 0810  SZX NKG  321 R47 %  J/W/Y//12/23/143//2/0/82//                     
CZ3911 0810  SZX WUH  320 R40 %  J/W/Y//8/23/120//3/0/58//                      
                 URC  320  6  %                  //2/0/8//                      
             WUH URC  320  37 %  J/W/Y//8/23/120//1/1/54//                      
CZ3617 0815  SZX ZHA  320 R25 %  J/W/Y//8/23/120//1/1/37//                      
                 XIY  320 R3  %                  //0/0/6//                      
             ZHA XIY  320 R12 %  J/W/Y//8/23/120//0/0/19//                      
CZ6333 0825  SZX DLC  320  31 %  J/W/Y//8/23/120//5/0/42//                      
                 NDG  320 R11 %                  //1/0/17//                    +
                                                                                

2018 November 06, Tuesday, 08:39:04
SID: 51
>pn
                                                                                
        DEPARTURE LIST FROM SZX  ON 09NOV18                                    -
             DLC NDG  320  6  %  J/W/Y//8/23/120//0/0/10//                      
CZ3151 0835  SZX PEK  321 R48 %  J/W/Y//12/23/143//4/1/81//                     
CZ3569 0845  SZX HGH  320 R45 %  J/W/Y//8/23/120//1/2/66//                      
CZ3976 0855  SZX CGO  73Q R14 %  J/W/Y//4/17/147//0/0/24//                      
CZ3553 0900  SZX SHA  333 R40 %  F/J/W/Y//4/24/47/208//0/20/13/83//             
CZ6969 0900  SZX NAO  32G R9  %  J/W/Y//4/17/138//0/6/9//                       
CZ6473 0910  SZX BFJ  320 R22 %  J/W/Y//8/23/120//0/0/34//                      
CZ3213 0915  SZX XIY  32L R43 %  J/W/Y//4/17/167//1/0/80//                      
CZ6481 0915  SZX HRB  320 R52 %  J/W/Y//8/23/120//0/0/79//                      
CZ6300 0925  SZX DLC  32L R52 %  J/W/Y//4/17/167//3/2/93//                      
CZ3669 0935  SZX HAK  320 R75 %  J/W/Y//8/23/120//1/23/90//                     
CZ6751 0945  SZX PVG  32L R41 %  J/W/Y//4/17/167//2/5/71//                      
CZ3978 0950  SZX SYX  32L R61 %  J/W/Y//4/17/167//2/23/91//                     
CZ3583 1000  SZX KHN  32L R25 %  J/W/Y//4/17/167//2/17/29//                     
                 TYN  32L R14 %                  //0/0/27//                     
             KHN TYN  32L  42 %  J/W/Y//4/17/167//0/1/79//                      
CZ8677 1005  SZX ENY  320 R3  %  J/W/Y//8/23/120//0/0/6//                       
CZ8577 1015  SZX SHE  320 R46 %  J/W/Y//8/23/120//0/5/65//                      
                 MDG  320 R3  %                  //0/2/3//                      
             SHE MDG  320 R8  %  J/W/Y//8/23/120//0/0/13//                      
CZ3274 1025  SZX NNG  73C R42 %  J/W/Y//4/17/106//1/8/45//                      
CZ3159 1030  SZX PEK  333 R57 %  F/J/W/Y//4/24/47/208//0/12/15/136//           +
                                                                                

2018 November 06, Tuesday, 08:39:05
SID: 51
>pn
                                                                                
        DEPARTURE LIST FROM SZX  ON 09NOV18                                    -
CZ3793 1100  SZX XIY  73N R35 %  J/W/Y//4/17/150//2/1/57//                      
CZ3876 1105  SZX YIW  73N R21 %  J/W/Y//4/17/150//2/0/34//                      
CZ6599 1105  SZX CGO  73Q R13 %  J/W/Y//4/17/147//0/1/21//                      
                 DSN  73Q R8  %                  //0/0/15//                     
             CGO DSN  73Q R5  %  J/W/Y//4/17/147//0/1/9//                       
CZ3358 1110  SZX WUH  73M R60 %  J/W/Y//4/23/150//3/5/99//                      
CZ3455 1145  SZX CKG  32L R18 %  J/W/Y//4/17/167//1/3/30//                      
CZ3797 1145  SZX HGH  32L R26 %  J/W/Y//4/17/167//2/1/46//                      
CZ3551 1200  SZX SHA  32L R36 %  J/W/Y//4/17/167//4/4/61//                      
CZ6653 1205  SZX NAO  320 R24 %  J/W/Y//8/23/120//1/2/34//                      
CZ3613 1215  SZX CGQ  32L R61 %  J/W/Y//4/17/167//4/2/109//                     
CZ6326 1215  SZX NGB  320 R69 %  J/W/Y//8/23/120//4/23/78//                     
                 DLC  320 R3  %                  //0/0/6//                      
             NGB DLC  320  31 %  J/W/Y//8/23/120//2/1/44//                      
CZ8635 1220  SZX YNZ  320 R28 %  J/W/Y//8/23/120//0/5/38//                      
                 YNT  320 R23 %                  //0/0/36//                     
             YNZ YNT  320  7  %  J/W/Y//8/23/120//0/0/11//                      
CZ3193 1230  SZX PEK  333 R41 %  F/J/W/Y//4/24/47/208//0/10/3/105//             
CZ3831 1235  SZX SHA  32L R14 %  J/W/Y//4/17/167//0/10/18//                     
CZ3453 1240  SZX CTU  32L R36 %  J/W/Y//4/17/167//2/1/65//                      
CZ3633 1250  SZX HRB  321  41 %  J/W/Y//12/23/143//1/2/71//                     
CZ6445 1255  SZX CGD  321 R41 %  J/W/Y//12/23/143//6/4/63//                    +
                                                                                

2018 November 06, Tuesday, 08:39:06
SID: 51
>pn
                                                                                
        DEPARTURE LIST FROM SZX  ON 09NOV18                                    -
CZ3153 1330  SZX PEK  32L R59 %  J/W/Y//4/17/167//4/5/103//                     
CZ3561 1330  SZX SHA  32L R49 %  J/W/Y//4/17/167//4/4/85//                      
CZ3451 1335  SZX KMG  32G R17 %  J/W/Y//4/17/138//0/1/27//                      
                 LJG  32G R45 %                  //0/2/71//                     
             KMG LJG  32G  17 %  J/W/Y//4/17/138//0/0/28//                      
CZ3555 1355  SZX HGH  321 R21 %  J/W/Y//12/23/143//6/1/31//                     
CZ3557 1355  SZX SHA  320 R9  %  J/W/Y//8/23/120//1/5/9//                       
CZ3255 1415  SZX KOW  32L R25 %  J/W/Y//4/17/167//2/11/34//                     
                 PEK  32L R3  %                  //0/0/7//                      
             KOW PEK  32L R37 %  J/W/Y//4/17/167//1/2/67//                      
CZ6274 1425  SZX HRB  320  29 %  J/W/Y//8/23/120//4/2/38//                      
CZ3827 1435  SZX NKG  321 R30 %  J/W/Y//12/23/143//2/0/53//                     
CZ6763 1440  SZX LYA  32L R18 %  J/W/Y//4/17/167//0/4/30//                      
                 HET  32L  29 %                  //1/0/54//                     
             LYA HET  32L  4  %  J/W/Y//4/17/167//0/0/8//                       
CZ3435 1445  SZX KWE  320 R7  %  J/W/Y//8/23/120//1/2/8//                       
                 URC  320  7  %                  //0/0/11//                     
             KWE URC  320 R4  %  J/W/Y//8/23/120//0/0/7//                       
CZ3675 1455  SZX HZG  320 R29 %  J/W/Y//8/23/120//4/0/40//                      
CZ6336 1510  SZX CGO  73M R28 %  J/W/Y//4/23/150//2/4/45//                      
CZ3189 1530  SZX PEK  333 R42 %  F/J/W/Y//4/24/47/208//0/6/26/87//              
CZ3549 1550  SZX SHA  333 R49 %  F/J/W/Y//4/24/47/208//0/10/45/86//            +
                                                                                

2018 November 06, Tuesday, 08:39:07
SID: 51
>pn
                                                                                
        DEPARTURE LIST FROM SZX  ON 09NOV18                                    -
CZ6358 1550  SZX TAO  32L R51 %  J/W/Y//4/17/167//1/3/92//                      
                 CGQ  32L R13 %                  //0/0/25//                     
             TAO CGQ  32L  36 %  J/W/Y//4/17/167//0/1/68//                      
CZ6890 1615  SZX CSX  73S R33 %  J/W/Y//4/23/150//1/6/53//                      
                 URC  73S  0  %                  //0/0/1//                      
             CSX URC  73S  37 %  J/W/Y//4/23/150//0/3/63//                      
CZ6328 1620  SZX HGH  32L R28 %  J/W/Y//4/17/167//2/3/49//                      
                 DLC  32L R11 %                  //0/0/21//                     
             HGH DLC  32L R68 %  J/W/Y//4/17/167//0/7/121//                     
CZ6593 1625  SZX XIY  321 R48 %  J/W/Y//12/23/143//4/2/80//                     
CZ3157 1630  SZX PEK  333 R44 %  F/J/W/Y//4/24/47/208//0/14/7/106//             
CZ6610 1655  SZX CGQ  320 R38 %  J/W/Y//8/23/120//2/3/53//                      
CZ3369 1700  SZX WNZ  32L R59 %  J/W/Y//4/17/167//1/7/104//                     
CZ3587 1700  SZX SHA  333 R31 %  F/J/W/Y//4/24/47/208//0/7/45/36//              
CZ8579 1710  SZX LZO  320 R19 %  J/W/Y//8/23/120//3/1/26//                      
CZ3744 1715  SZX HGH  32M R9  %  J/W/Y//4/23/167//0/0/19//                      
                 HRB  32M  10 %                  //0/0/21//                     
             HGH HRB  32M  43 %  J/W/Y//4/23/167//0/0/85//                      
CZ3577 1730  SZX NKG  32L R16 %  J/W/Y//4/17/167//0/0/31//                      
CZ6478 1735  SZX CGO  73M R13 %  J/W/Y//4/23/150//1/2/21//                      
                 HET  73M R4  %                  //0/0/8//                      
             CGO HET  73M R19 %  J/W/Y//4/23/150//0/0/35//                     +
                                                                                

2018 November 06, Tuesday, 08:39:07
SID: 51
>pn
                                                                                
        DEPARTURE LIST FROM SZX  ON 09NOV18                                    -
CZ6304 1740  SZX SHE  32L R38 %  J/W/Y//4/17/167//2/7/64//                      
CZ3191 1745  SZX PEK  321 R55 %  J/W/Y//12/23/143//5/2/91//                     
CZ3225 1745  SZX XIY  320 R16 %  J/W/Y//8/23/120//1/1/23//                      
                 INC  320 R7  %                  //0/1/10//                     
             XIY INC  320 R10 %  J/W/Y//8/23/120//0/0/16//                      
CZ6591 1750  SZX NGB  321 R40 %  J/W/Y//12/23/143//8/2/62//                     
CZ3209 1755  SZX WUX  320 R33 %  J/W/Y//8/23/120//2/2/47//                      
CZ3433 1815  SZX CTU  32L R54 %  J/W/Y//4/17/167//2/2/98//                      
CZ6923 1820  SZX KMG  320 R35 %  J/W/Y//8/23/120//1/1/52//                      
CZ3563 1825  SZX HGH  320 R16 %  J/W/Y//8/23/120//0/0/25//                      
CZ3356 1910  SZX WUH  73M R47 %  J/W/Y//4/23/150//3/6/75//                      
CZ3565 1920  SZX HFE  32L R40 %  J/W/Y//4/17/167//0/6/71//                      
CZ3351 1925  SZX CZX  321 R39 %  J/W/Y//12/23/143//1/0/70//                     
CZ3155 1950  SZX PEK  32L R50 %  J/W/Y//4/17/167//4/6/85//                      
CZ3668 1950  SZX KWE  738 R55 %  J/W/Y//8/23/132//8/3/80//                      
CZ6847 2005  SZX TXN  320 R99 %  J/W/Y//8/23/120//8/23/119//                    
CZ8136 2020  SZX CKG  32C R46 %  W/Y//23/144//1/76//                            
CZ3171 2040  SZX PEK  32L R65 %  J/W/Y//4/17/167//2/0/121//                     
CZ3955 2055  SZX HAK  321 R25 %  J/W/Y//12/23/143//1/6/39//                     
CZ3279 2100  SZX XIY  73N R42 %  J/W/Y//4/17/150//0/0/73//                      
CZ3589 2100  SZX SHA  333 R18 %  F/J/W/Y//4/24/47/208//1/2/12/37//              
CZ3365 2125  SZX HGH  32L R11 %  J/W/Y//4/17/167//0/3/19//                     +
                                                                                

2018 November 06, Tuesday, 08:39:08
SID: 51
>pn
        DEPARTURE LIST FROM SZX  ON 09NOV18                                    -
CZ6310 2125  SZX SHE  32E R45 %  J/W/Y//4/23/138//2/2/71//                      
CZ3962 2130  SZX PEK  321 R70 %  J/W/Y//12/23/143//2/3/120//                    
CZ3974 2135  SZX CGO  738 R31 %  J/W/Y//8/23/132//1/0/50//                      
CZ3991 2200  SZX DYG  32L R28 %  J/W/Y//4/17/167//1/3/50//                      
CZ6372 2205  SZX KWE  73N R20 %  J/W/Y//4/17/150//4/0/31//                      
CZ3709 2210  SZX WNZ  321 R45 %  J/W/Y//12/23/143//2/7/72//                     
CZ8595 2215  SZX HFE  320 R34 %  J/W/Y//8/23/120//0/1/51//                      
CZ3238 2220  SZX NNG  73C R45 %  J/W/Y//4/17/106//4/0/54//                      
CZ8112 2235  SZX CKG  320 R38 %  J/W/Y//8/23/120//1/0/57//                      
CZ6254 2345  SZX HAK  32L R25 %  J/W/Y//4/17/167//0/1/47//                      
                                                                                
FLIGHT  TOTAL = 104     SEATS BOOKED   =  7404 (F1J273W499Y6631 )               
                        SEATS TOTAL    =  18798 (F36J828W2350Y15584 )           
                        SEATS AVAILABLE=  11394 (F35J555W1851Y8953 )            
                        USAGE PERCENT  =  39 %                                  
                                                                                

2018 November 06, Tuesday, 08:39:09
SID: 51
>pn
                                                                                
        DEPARTURE LIST FROM SZX  ON 09NOV18                                    -
CZ6847 2005  SZX TXN  320 R99 %  J/W/Y//8/23/120//8/23/119//                    
CZ8136 2020  SZX CKG  32C R46 %  W/Y//23/144//1/76//                            
CZ3171 2040  SZX PEK  32L R65 %  J/W/Y//4/17/167//2/0/121//                     
CZ3955 2055  SZX HAK  321 R25 %  J/W/Y//12/23/143//1/6/39//                     
CZ3279 2100  SZX XIY  73N R42 %  J/W/Y//4/17/150//0/0/73//                      
CZ3589 2100  SZX SHA  333 R18 %  F/J/W/Y//4/24/47/208//1/2/12/37//              
CZ3365 2125  SZX HGH  32L R11 %  J/W/Y//4/17/167//0/3/19//                      
CZ6310 2125  SZX SHE  32E R45 %  J/W/Y//4/23/138//2/2/71//                      
CZ3962 2130  SZX PEK  321 R70 %  J/W/Y//12/23/143//2/3/120//                    
CZ3974 2135  SZX CGO  738 R31 %  J/W/Y//8/23/132//1/0/50//                      
CZ3991 2200  SZX DYG  32L R28 %  J/W/Y//4/17/167//1/3/50//                      
CZ6372 2205  SZX KWE  73N R20 %  J/W/Y//4/17/150//4/0/31//                      
CZ3709 2210  SZX WNZ  321 R45 %  J/W/Y//12/23/143//2/7/72//                     
CZ8595 2215  SZX HFE  320 R34 %  J/W/Y//8/23/120//0/1/51//                      
CZ3238 2220  SZX NNG  73C R45 %  J/W/Y//4/17/106//4/0/54//                      
CZ8112 2235  SZX CKG  320 R38 %  J/W/Y//8/23/120//1/0/57//                      
CZ6254 2345  SZX HAK  32L R25 %  J/W/Y//4/17/167//0/1/47//                      
                                                                                
FLIGHT  TOTAL = 104     SEATS BOOKED   =  7404 (F1J273W499Y6631 )               
                        SEATS TOTAL    =  18798 (F36J828W2350Y15584 )           
                        SEATS AVAILABLE=  11394 (F35J555W1851Y8953 )            
                        USAGE PERCENT  =  39 %                                  
                                                                                

2018 November 06, Tuesday, 08:39:10
SID: 51
>fdl k/d/09Nov18/szx/zh/99
                                                                                
        DEPARTURE LIST FROM SZX  ON 09NOV18                                     
ZH9303 0600  SZX CGO  319 R35 %  F/C/G/Y//6/2/0/119//0/1/0/44//                 
ZH9887 0635  SZX HFE  738 R29 %  F/C/G/Y//6/2/0/155//2/0/0/46//                 
                 DAT  738 R9  %                     //0/0/0/15//                
             HFE DAT  738 R22 %  F/C/G/Y//6/2/0/155//0/0/0/36//                 
ZH9325 0645  SZX NNG  738 R19 %  F/C/G/Y//6/2/0/155//3/0/0/29//                 
ZH9927 0655  SZX JUH  32F R45 %  F/C/G/Y//6/2/0/143//1/0/0/67//                 
ZH9337 0700  SZX XFN  738 R73 %  F/C/G/Y//6/2/0/155//4/0/0/116//                
ZH9951 0700  SZX MIG  738 R25 %  F/C/G/Y//6/2/0/155//0/0/0/42//                 
ZH9435 0705  SZX KMG  738 R40 %  F/C/G/Y//6/2/0/155//0/0/0/66//                 
ZH9801 0705  SZX WUX  73F R57 %  F/C/G/Y//6/2/23/130//2/0/2/89//                
ZH9949 0705  SZX PZI  319 R60 %  F/C/G/Y//6/2/0/119//1/0/0/76//                 
ZH9931 0710  SZX CZX  73F R29 %  F/C/G/Y//6/2/0/153//1/1/0/46//                 
ZH9311 0715  SZX HAK  738 R42 %  F/C/G/Y//6/2/0/155//2/0/0/67//                 
ZH9137 0720  SZX SJW  739 R42 %  F/C/G/Y//6/2/0/158//3/0/0/67//                 
ZH9121 0725  SZX TSN  739 R22 %  F/C/G/Y//6/2/0/158//0/1/0/36//                 
ZH9421 0735  SZX CKG  739 R39 %  F/C/G/Y//6/2/0/158//0/0/0/65//                 
ZH9101 0740  SZX PEK  330 R33 %  F/C/G/Y//12/6/23/266//6/0/4/92//               
ZH9841 0740  SZX NKG  38M R48 %  F/C/G/Y//6/2/23/130//0/0/0/78//                
ZH9941 0745  SZX LJG  320 R77 %  F/C/G/Y//6/2/0/149//6/1/0/115//                
ZH9871 0750  SZX HGH  73F R37 %  F/C/G/Y//6/2/0/153//1/0/0/59//                 
ZH9127 0755  SZX WUH  73F R18 %  F/C/G/Y//6/2/0/153//1/1/0/28//                 
                 HET  73F R4  %                     //0/0/0/7//                +
                                                                                

2018 November 06, Tuesday, 08:39:11
SID: 51
>pn
                                                                                
        DEPARTURE LIST FROM SZX  ON 09NOV18                                    -
             WUH HET  73F R41 %  F/C/G/Y//6/2/0/153//0/0/0/67//                 
ZH9401 0800  SZX CTU  38M R26 %  F/C/G/Y//6/2/0/153//1/0/0/42//                 
ZH9501 0805  SZX SHA  330 R24 %  F/C/G/Y//12/6/23/266//3/4/4/64//               
ZH9601 0815  SZX SHE  73F R51 %  F/C/G/Y//6/2/0/153//1/0/0/82//                 
ZH9891 0815  SZX HFE  739 R24 %  F/C/G/Y//6/2/0/158//1/0/0/39//                 
ZH9423 0820  SZX CKG  38M R37 %  F/C/G/Y//6/2/0/153//2/0/0/59//                 
ZH9901 0820  SZX TNA  319 R42 %  F/C/G/Y//6/2/0/119//3/0/0/51//                 
ZH9331 0825  SZX YIH  320 R58 %  F/C/G/Y//6/2/0/149//1/1/0/90//                 
ZH9959 0825  SZX WXN  32F R35 %  F/C/G/Y//6/2/0/143//1/0/0/52//                 
ZH9631 0830  SZX YTY  320 R29 %  F/C/G/Y//6/2/0/149//2/0/0/45//                 
                 DLC  320 R1  %                     //0/0/0/2//                 
             YTY DLC  320 R24 %  F/C/G/Y//6/2/0/149//0/0/0/38//                 
ZH9641 0835  SZX YNT  738 R26 %  F/C/G/Y//6/2/0/155//4/1/0/38//                 
                 CGQ  738 R22 %                     //0/0/0/36//                
             YNT CGQ  738 R6  %  F/C/G/Y//6/2/0/155//0/0/0/10//                 
ZH9621 0840  SZX HRB  738 R50 %  F/C/G/Y//6/2/0/155//0/0/0/83//                 
ZH9911 0840  SZX TAO  73F R47 %  F/C/G/Y//6/2/0/153//0/0/0/77//                 
ZH9301 0845  SZX CGO  319 R16 %  F/C/G/Y//6/2/0/119//2/0/0/19//                 
ZH9139 0850  SZX YCU  32F R35 %  F/C/G/Y//6/2/0/143//0/0/0/53//                 
ZH9231 0850  SZX INC  32F R30 %  F/C/G/Y//6/2/0/143//0/0/0/46//                 
ZH9873 0850  SZX HGH  738 R23 %  F/C/G/Y//6/2/0/155//2/0/0/36//                 
ZH9843 0855  SZX NKG  330  45 %  F/C/G/Y//12/6/23/266//1/0/2/136//             +
                                                                                

2018 November 06, Tuesday, 08:39:12
SID: 51
>pn
                                                                                
        DEPARTURE LIST FROM SZX  ON 09NOV18                                    -
ZH9947 0855  SZX TCZ  319 R72 %  F/C/G/Y//6/2/0/119//3/1/0/88//                 
ZH9803 0905  SZX WUX  73F R54 %  F/C/G/Y//6/2/23/130//2/1/0/84//                
ZH9131 0910  SZX TYN  320 R40 %  F/C/G/Y//6/2/0/149//2/0/0/61//                 
ZH9643 0925  SZX CGQ  320 R66 %  F/C/G/Y//6/2/0/149//1/0/0/103//                
ZH9403 0930  SZX CTU  32F R53 %  F/C/G/Y//6/2/0/143//5/1/0/75//                 
ZH9921 0935  SZX NTG  32F R50 %  F/C/G/Y//6/2/0/143//0/0/0/77//                 
ZH9103 0950  SZX PEK  73F R53 %  F/C/G/Y//6/2/0/153//3/0/0/83//                 
ZH9875 0955  SZX HGH  738 R25 %  F/C/G/Y//6/2/0/155//1/0/0/40//                 
ZH9893 1020  SZX HFE  320 R40 %  F/C/G/Y//6/2/0/149//2/1/0/61//                 
ZH9505 1025  SZX JJN  32F R7  %  F/C/G/Y//6/2/0/143//2/0/0/10//                 
                 PVG  32F R26 %                     //0/0/0/40//                
             JJN PVG  32F R25 %  F/C/G/Y//6/2/0/143//2/1/0/35//                 
ZH9845 1040  SZX NKG  73F R49 %  F/C/G/Y//6/2/23/130//1/0/2/76//                
ZH9425 1045  SZX CKG  73F R33 %  F/C/G/Y//6/2/0/153//4/0/0/50//                 
ZH9211 1055  SZX XIY  330 R37 %  F/C/G/Y//12/6/23/266//6/0/2/107//              
ZH9323 1055  SZX SYX  73F R66 %  F/C/G/Y//6/2/0/153//2/0/0/105//                
ZH9805 1105  SZX WUX  73F R52 %  F/C/G/Y//6/2/23/130//6/1/0/77//                
ZH9903 1125  SZX TNA  738 R42 %  F/C/G/Y//6/2/0/155//4/0/0/65//                 
ZH9603 1130  SZX SHE  320 R63 %  F/C/G/Y//6/2/0/149//6/1/0/93//                 
ZH9623 1135  SZX HRB  32F R37 %  F/C/G/Y//6/2/0/143//4/0/0/52//                 
ZH9877 1140  SZX HGH  319 R39 %  F/C/G/Y//6/2/0/119//2/1/0/47//                 
ZH9437 1150  SZX KMG  738 R48 %  F/C/G/Y//6/2/0/155//3/2/0/74//                +
                                                                                

2018 November 06, Tuesday, 08:39:12
SID: 51
>pn
                                                                                
        DEPARTURE LIST FROM SZX  ON 09NOV18                                    -
ZH9633 1150  SZX DLC  32F R42 %  F/C/G/Y//6/2/0/143//3/1/0/60//                 
ZH9507 1205  SZX SHA  739 R24 %  F/C/G/Y//6/2/0/158//2/1/0/37//                 
ZH9105 1230  SZX PEK  73F R57 %  F/C/G/Y//6/2/0/153//0/1/0/92//                 
ZH9847 1240  SZX NKG  32F R31 %  F/C/G/Y//6/2/0/143//2/0/0/45//                 
ZH9509 1250  SZX KHN  320 R33 %  F/C/G/Y//6/2/0/149//6/1/0/45//                 
                 PVG  320 R2  %                     //0/0/0/4//                 
             KHN PVG  320 R38 %  F/C/G/Y//6/2/0/149//1/1/0/59//                 
ZH9405 1310  SZX CTU  320 R32 %  F/C/G/Y//6/2/0/149//3/1/0/47//                 
ZH9807 1350  SZX WUX  73F R36 %  F/C/G/Y//6/2/23/130//1/2/0/56//                
ZH9879 1350  SZX HGH  738 R15 %  F/C/G/Y//6/2/0/155//0/0/0/26//                 
ZH9605 1410  SZX SHE  73F R50 %  F/C/G/Y//6/2/0/153//1/0/0/81//                 
ZH9511 1430  SZX SHA  32F R46 %  F/C/G/Y//6/2/0/143//3/0/0/67//                 
ZH9213 1435  SZX XIY  320 R42 %  F/C/G/Y//6/2/0/149//3/0/0/64//                 
ZH9107 1445  SZX PEK  739 R43 %  F/C/G/Y//6/2/0/158//3/0/0/69//                 
ZH9913 1445  SZX TAO  32F R70 %  F/C/G/Y//6/2/0/143//2/0/0/105//                
ZH9133 1500  SZX TYN  739 R24 %  F/C/G/Y//6/2/0/158//1/0/0/39//                 
ZH9513 1510  SZX PVG  32F R39 %  F/C/G/Y//6/2/0/143//3/3/0/54//                 
ZH9746 1515  SZX NTG  738 R19 %  F/C/G/Y//6/2/0/155//1/1/0/29//                 
                 TAO  738 R29 %                     //0/0/0/48//                
                 HRB  738 R0  %                     //0/0/0/0//                 
             NTG TAO  738 R22 %  F/C/G/Y//6/2/0/155//0/0/0/37//                 
                 HRB  738 R5  %                     //0/0/0/9//                +
                                                                                

2018 November 06, Tuesday, 08:39:13
SID: 51
>pn
                                                                                
        DEPARTURE LIST FROM SZX  ON 09NOV18                                    -
             TAO HRB  738 R50 %  F/C/G/Y//6/2/0/155//0/0/0/83//                 
ZH9123 1520  SZX TSN  73F R22 %  F/C/G/Y//6/2/0/153//2/2/0/32//                 
ZH9625 1545  SZX HRB  320 R53 %  F/C/G/Y//6/2/0/149//1/0/0/83//                 
ZH9809 1545  SZX WUX  38M R39 %  F/C/G/Y//6/2/23/130//0/1/0/62//                
ZH9881 1550  SZX HGH  739 R27 %  F/C/G/Y//6/2/0/158//0/0/0/46//                 
ZH9109 1600  SZX PEK  330 R53 %  F/C/G/Y//12/6/23/266//9/5/9/141//              
ZH9239 1600  SZX LHW  73F R26 %  F/C/G/Y//6/2/0/153//1/0/0/42//                 
                 URC  73F R0  %                     //0/0/0/1//                 
             LHW URC  73F R15 %  F/C/G/Y//6/2/0/153//0/0/0/25//                 
ZH9849 1635  SZX NKG  38M R45 %  F/C/G/Y//6/2/23/130//0/0/4/69//                
ZH9427 1640  SZX CKG  739 R31 %  F/C/G/Y//6/2/0/158//3/0/0/49//                 
ZH9915 1640  SZX TAO  73F R54 %  F/C/G/Y//6/2/0/153//3/1/0/84//                 
ZH9929 1650  SZX LYI  320 R42 %  F/C/G/Y//6/2/0/149//3/1/0/63//                 
ZH9515 1655  SZX SHA  330 R17 %  F/C/G/Y//12/6/23/266//5/0/1/48//               
ZH9407 1710  SZX CTU  330 R38 %  F/C/G/Y//12/6/23/266//9/1/0/108//              
ZH9429 1725  SZX CKG  38M R39 %  F/C/G/Y//6/2/0/153//1/0/0/62//                 
ZH9519 1800  SZX JDZ  32F R23 %  F/C/G/Y//6/2/0/143//1/0/0/34//                 
                 SHA  32F R26 %                     //1/0/0/39//                
             JDZ SHA  32F R5  %  F/C/G/Y//6/2/0/143//0/0/0/9//                  
ZH9851 1800  SZX NKG  73F R52 %  F/C/G/Y//6/2/10/143//2/0/2/80//                
ZH9645 1805  SZX KHN  73F R13 %  F/C/G/Y//6/2/0/153//2/0/0/20//                 
                 CGQ  73F R20 %                     //2/0/0/31//               +
                                                                                

2018 November 06, Tuesday, 08:39:14
SID: 51
>pn
                                                                                
        DEPARTURE LIST FROM SZX  ON 09NOV18                                    -
             KHN CGQ  73F R36 %  F/C/G/Y//6/2/0/153//0/0/0/59//                 
ZH9883 1805  SZX HGH  73F R10 %  F/C/G/Y//6/2/0/153//0/0/0/17//                 
ZH9919 1810  SZX HYN  738 R35 %  F/C/G/Y//6/2/0/155//2/0/0/56//                 
ZH9609 1815  SZX YTY  32F R29 %  F/C/G/Y//6/2/0/143//4/1/0/40//                 
                 SHE  32F R23 %                     //0/0/0/36//                
             YTY SHE  32F R25 %  F/C/G/Y//6/2/0/143//2/0/0/37//                 
ZH9517 1820  SZX PVG  73F R51 %  F/C/G/Y//6/2/0/153//1/0/0/82//                 
ZH9111 1900  SZX YIC  320 R25 %  F/C/G/Y//6/2/0/149//2/0/0/38//                 
                 PEK  320 R6  %                     //0/0/0/10//                
             YIC PEK  320 R11 %  F/C/G/Y//6/2/0/149//1/0/0/17//                 
ZH9215 1900  SZX XIY  320 R41 %  F/C/G/Y//6/2/0/149//4/0/0/61//                 
ZH9957 1905  SZX YBP  319 R43 %  F/C/G/Y//6/2/0/119//0/0/0/55//                 
ZH9811 1920  SZX WUX  73F R34 %  F/C/G/Y//6/2/23/130//4/1/0/51//                
ZH9409 1925  SZX CTU  32F R34 %  F/C/G/Y//6/2/0/143//0/0/0/52//                 
ZH9305 2005  SZX CGO  320 R26 %  F/C/G/Y//6/2/0/149//1/1/0/40//                 
ZH9321 2010  SZX SYX  320 R60 %  F/C/G/Y//6/2/0/149//2/0/0/93//                 
ZH9897 2015  SZX HFE  73F R36 %  F/C/G/Y//6/2/0/153//2/0/0/56//                 
ZH9909 2015  SZX WNZ  738 R62 %  F/C/G/Y//6/2/0/155//3/0/0/99//                 
ZH9217 2020  SZX XIY  32F R24 %  F/C/G/Y//6/2/0/143//0/0/0/37//                 
ZH9431 2025  SZX CKG  73F R60 %  F/C/G/Y//6/2/0/153//4/0/0/93//                 
ZH9939 2040  SZX JUZ  73F R62 %  F/C/G/Y//6/2/0/153//2/0/0/98//                 
ZH9313 2100  SZX HAK  738 R28 %  F/C/G/Y//6/2/0/155//1/0/0/45//                +
                                                                                

2018 November 06, Tuesday, 08:39:15
SID: 51
>pn
        DEPARTURE LIST FROM SZX  ON 09NOV18                                    -
ZH9813 2110  SZX WUX  73F R39 %  F/C/G/Y//6/2/23/130//2/0/2/60//                
ZH9411 2115  SZX CTU  330 R67 %  F/C/G/Y//12/6/23/266//6/0/1/200//              
ZH9853 2115  SZX NKG  32F R47 %  F/C/G/Y//6/2/0/143//1/0/0/71//                 
ZH9439 2120  SZX KMG  738 R41 %  F/C/G/Y//6/2/0/155//1/0/0/67//                 
ZH9113 2125  SZX PEK  73F R77 %  F/C/G/Y//6/2/0/153//2/0/0/122//                
ZH9889 2200  SZX HFE  320 R43 %  F/C/G/Y//6/2/0/149//2/0/0/66//                 
ZH9925 2200  SZX NTG  320 R38 %  F/C/G/Y//6/2/0/149//0/1/0/59//                 
ZH9329 2210  SZX ZHA  73F R24 %  F/C/G/Y//6/2/0/153//4/0/0/35//                 
ZH9899 2215  SZX HFE  32F R40 %  F/C/G/Y//6/2/0/143//0/0/0/61//                 
ZH9315 2255  SZX HAK  73F R31 %  F/C/G/Y//6/2/0/153//3/0/0/47//                 
                                                                                
FLIGHT  TOTAL = 115     SEATS BOOKED   =  8006 (F248C46Y7677G35 )               
                        SEATS TOTAL    =  19264 (F738C262Y17840G424 )           
                        SEATS AVAILABLE=  11258 (F490C216Y10163G389 )           
                        USAGE PERCENT  =  41 %                                  
                                                                                

2018 November 06, Tuesday, 08:39:15
SID: 51
>pn
                                                                                
        DEPARTURE LIST FROM SZX  ON 09NOV18                                    -
ZH9321 2010  SZX SYX  320 R60 %  F/C/G/Y//6/2/0/149//2/0/0/93//                 
ZH9897 2015  SZX HFE  73F R36 %  F/C/G/Y//6/2/0/153//2/0/0/56//                 
ZH9909 2015  SZX WNZ  738 R62 %  F/C/G/Y//6/2/0/155//3/0/0/99//                 
ZH9217 2020  SZX XIY  32F R24 %  F/C/G/Y//6/2/0/143//0/0/0/37//                 
ZH9431 2025  SZX CKG  73F R60 %  F/C/G/Y//6/2/0/153//4/0/0/93//                 
ZH9939 2040  SZX JUZ  73F R62 %  F/C/G/Y//6/2/0/153//2/0/0/98//                 
ZH9313 2100  SZX HAK  738 R28 %  F/C/G/Y//6/2/0/155//1/0/0/45//                 
ZH9813 2110  SZX WUX  73F R39 %  F/C/G/Y//6/2/23/130//2/0/2/60//                
ZH9411 2115  SZX CTU  330 R67 %  F/C/G/Y//12/6/23/266//6/0/1/200//              
ZH9853 2115  SZX NKG  32F R47 %  F/C/G/Y//6/2/0/143//1/0/0/71//                 
ZH9439 2120  SZX KMG  738 R41 %  F/C/G/Y//6/2/0/155//1/0/0/67//                 
ZH9113 2125  SZX PEK  73F R77 %  F/C/G/Y//6/2/0/153//2/0/0/122//                
ZH9889 2200  SZX HFE  320 R43 %  F/C/G/Y//6/2/0/149//2/0/0/66//                 
ZH9925 2200  SZX NTG  320 R38 %  F/C/G/Y//6/2/0/149//0/1/0/59//                 
ZH9329 2210  SZX ZHA  73F R24 %  F/C/G/Y//6/2/0/153//4/0/0/35//                 
ZH9899 2215  SZX HFE  32F R40 %  F/C/G/Y//6/2/0/143//0/0/0/61//                 
ZH9315 2255  SZX HAK  73F R31 %  F/C/G/Y//6/2/0/153//3/0/0/47//                 
                                                                                
FLIGHT  TOTAL = 115     SEATS BOOKED   =  8006 (F248C46Y7677G35 )               
                        SEATS TOTAL    =  19264 (F738C262Y17840G424 )           
                        SEATS AVAILABLE=  11258 (F490C216Y10163G389 )           
                        USAGE PERCENT  =  41 %                                  
                                                                                

2018 November 06, Tuesday, 08:39:16
SID: 51
>fdl k/c/10Nov18/szx/cz/99
                                                                                
        DEPARTURE LIST FROM SZX  ON 10NOV18                                     
CZ3343 0600  SZX LZY  31G R67 %  J/W/Y//4/17/108//0/0/87//                      
CZ3621 0625  SZX CTU  321 R56 %  J/W/Y//12/23/143//0/0/101//                    
CZ3568 0640  SZX SHA  321 R40 %  J/W/Y//12/23/143//0/1/71//                     
CZ6443 0640  SZX HAK  32L R27 %  J/W/Y//4/17/167//0/2/50//                      
CZ3673 0650  SZX KWE  320 R48 %  J/W/Y//8/23/120//0/13/60//                     
CZ3920 0650  SZX NNY  320 R36 %  J/W/Y//8/23/120//0/1/54//                      
                 LHW  320 R3  %                  //1/1/4//                      
             NNY LHW  320 R1  %  J/W/Y//8/23/120//0/0/3//                       
CZ3625 0725  SZX SHA  32L R25 %  J/W/Y//4/17/167//0/0/47//                      
CZ3457 0740  SZX CTU  321 R57 %  J/W/Y//12/23/143//2/0/100//                    
CZ3459 0800  SZX KMG  320 R39 %  J/W/Y//8/23/120//0/1/59//                      
CZ3965 0800  SZX SHA  333 R23 %  F/J/W/Y//4/24/47/208//0/2/1/63//               
CZ3617 0805  SZX ZHA  320 R30 %  J/W/Y//8/23/120//2/0/44//                      
                 XIY  320 R3  %                  //0/0/6//                      
             ZHA XIY  320  26 %  J/W/Y//8/23/120//0/2/38//                      
CZ6237 0805  SZX XIY  32L R58 %  J/W/Y//4/17/167//1/0/109//                     
CZ3465 0810  SZX CKG  32L R12 %  J/W/Y//4/17/167//0/0/23//                      
CZ3559 0810  SZX NKG  321 R41 %  J/W/Y//12/23/143//3/0/70//                     
CZ3911 0810  SZX WUH  320 R16 %  J/W/Y//8/23/120//1/2/22//                      
                 URC  320  5  %                  //0/0/8//                      
             WUH URC  320  32 %  J/W/Y//8/23/120//0/4/45//                      
CZ6233 0830  SZX GYS  320 R35 %  J/W/Y//8/23/120//0/0/53//                     +
                                                                                

2018 November 06, Tuesday, 08:39:17
SID: 51
>pn
                                                                                
        DEPARTURE LIST FROM SZX  ON 10NOV18                                    -
CZ3151 0835  SZX PEK  333 R17 %  F/J/W/Y//4/24/47/208//0/1/5/44//               
CZ3569 0845  SZX HGH  32L R32 %  J/W/Y//4/17/167//1/1/59//                      
CZ3976 0855  SZX CGO  73Q R14 %  J/W/Y//4/17/147//1/1/22//                      
CZ3553 0900  SZX SHA  333 R35 %  F/J/W/Y//4/24/47/208//0/3/10/88//              
CZ6969 0900  SZX NAO  32G R31 %  J/W/Y//4/17/138//0/10/40//                     
CZ3213 0915  SZX XIY  32L R43 %  J/W/Y//4/17/167//0/0/81//                      
CZ6481 0915  SZX HRB  321 R64 %  J/W/Y//12/23/143//3/2/110//                    
CZ3669 0925  SZX HAK  32L R28 %  J/W/Y//4/17/167//0/16/38//                     
CZ6300 0925  SZX DLC  32L R68 %  J/W/Y//4/17/167//0/1/128//                     
CZ3609 0945  SZX PVG  32L R25 %  J/W/Y//4/17/167//2/2/43//                      
                 SHE  32L R5  %                  //0/1/10//                     
             PVG SHE  32L R5  %  J/W/Y//4/17/167//1/4/6//                       
CZ3978 0950  SZX SYX  32L R35 %  J/W/Y//4/17/167//1/17/48//                     
CZ3583 1000  SZX KHN  32L R28 %  J/W/Y//4/17/167//0/6/48//                      
                 TYN  32L R21 %                  //0/0/41//                     
             KHN TYN  32L  24 %  J/W/Y//4/17/167//0/0/46//                      
CZ8577 1015  SZX SHE  320 R40 %  J/W/Y//8/23/120//5/1/55//                      
                 MDG  320 R8  %                  //0/1/12//                     
             SHE MDG  320 R9  %  J/W/Y//8/23/120//0/1/14//                      
CZ3233 1025  SZX NNG  73C R12 %  J/W/Y//4/17/106//0/5/11//                      
                 WNH  73C R3  %                  //0/0/5//                      
             NNG WNH  73C R0  %  J/W/Y//4/17/106//0/0/0//                      +
                                                                                

2018 November 06, Tuesday, 08:39:18
SID: 51
>pn
                                                                                
        DEPARTURE LIST FROM SZX  ON 10NOV18                                    -
CZ3159 1030  SZX PEK  333 R27 %  F/J/W/Y//4/24/47/208//0/5/0/74//               
CZ3793 1100  SZX XIY  73N R46 %  J/W/Y//4/17/150//1/1/78//                      
CZ6597 1100  SZX CGO  73Q R29 %  J/W/Y//4/17/147//1/3/45//                      
                 BPE  73Q R5  %                  //0/0/9//                      
             CGO BPE  73Q R2  %  J/W/Y//4/17/147//0/0/4//                       
CZ3876 1105  SZX YIW  738 R23 %  J/W/Y//8/23/132//2/0/36//                      
CZ3358 1110  SZX WUH  73M  40 %  J/W/Y//4/23/150//2/1/68//                      
CZ6701 1125  SZX HSN  320 R54 %  J/W/Y//8/23/120//8/23/52//                     
                 LYG  320 R0  %                  //0/0/1//                      
             HSN LYG  320 R39 %  J/W/Y//8/23/120//0/0/59//                      
CZ3455 1145  SZX CKG  32L R18 %  J/W/Y//4/17/167//2/2/30//                      
CZ3797 1145  SZX HGH  32L R40 %  J/W/Y//4/17/167//3/0/73//                      
CZ3551 1200  SZX SHA  32L R54 %  J/W/Y//4/17/167//2/2/99//                      
CZ6653 1205  SZX NAO  320 R31 %  J/W/Y//8/23/120//0/2/45//                      
CZ3613 1215  SZX CGQ  320 R93 %  J/W/Y//8/23/120//6/13/122//                    
CZ6326 1215  SZX NGB  32G R43 %  J/W/Y//4/17/138//2/0/67//                      
                 DLC  32G R1  %                  //0/0/3//                      
             NGB DLC  32G  13 %  J/W/Y//4/17/138//0/0/22//                      
CZ8635 1220  SZX YNZ  320 R24 %  J/W/Y//8/23/120//0/0/37//                      
                 YNT  320 R25 %                  //0/0/38//                     
             YNZ YNT  320  1  %  J/W/Y//8/23/120//0/0/3//                       
CZ3193 1230  SZX PEK  333 R31 %  F/J/W/Y//4/24/47/208//0/4/1/85//              +
                                                                                

2018 November 06, Tuesday, 08:39:19
SID: 51
>pn
                                                                                
        DEPARTURE LIST FROM SZX  ON 10NOV18                                    -
CZ3831 1235  SZX SHA  320 R56 %  J/W/Y//8/23/120//2/0/84//                      
CZ3453 1240  SZX CTU  32L R10 %  J/W/Y//4/17/167//1/0/18//                      
CZ6445 1255  SZX CGD  32L R52 %  J/W/Y//4/17/167//1/0/98//                      
CZ3153 1330  SZX PEK  321 R30 %  J/W/Y//12/23/143//3/0/52//                     
CZ3561 1330  SZX SHA  321 R47 %  J/W/Y//12/23/143//4/0/81//                     
CZ3451 1335  SZX KMG  32G R6  %  J/W/Y//4/17/138//0/0/10//                      
                 LJG  32G R52 %                  //0/1/83//                     
             KMG LJG  32G  20 %  J/W/Y//4/17/138//4/0/29//                      
CZ8579 1345  SZX LZO  320 R27 %  J/W/Y//8/23/120//1/0/41//                      
CZ3555 1355  SZX HGH  321 R49 %  J/W/Y//12/23/143//2/1/85//                     
CZ3557 1355  SZX SHA  321 R47 %  J/W/Y//12/23/143//4/3/78//                     
CZ3255 1415  SZX KOW  32L R4  %  J/W/Y//4/17/167//1/2/5//                       
                 PEK  32L R11 %                  //0/1/21//                     
             KOW PEK  32L R9  %  J/W/Y//4/17/167//0/0/18//                      
CZ6274 1425  SZX HRB  320 R65 %  J/W/Y//8/23/120//2/6/91//                      
CZ3827 1435  SZX NKG  32L R17 %  J/W/Y//4/17/167//1/1/31//                      
CZ3435 1445  SZX KWE  320 R19 %  J/W/Y//8/23/120//1/0/29//                      
                 URC  320  7  %                  //0/0/11//                     
             KWE URC  320  19 %  J/W/Y//8/23/120//1/0/29//                      
CZ6312 1450  SZX TAO  32E R26 %  J/W/Y//4/23/138//0/0/44//                      
                 SHE  32E R6  %                  //0/2/8//                      
             TAO SHE  32E R19 %  J/W/Y//4/23/138//2/4/26//                     +
                                                                                

2018 November 06, Tuesday, 08:39:19
SID: 51
>pn
                                                                                
        DEPARTURE LIST FROM SZX  ON 10NOV18                                    -
CZ3565 1455  SZX HFE  32L R21 %  J/W/Y//4/17/167//0/0/40//                      
CZ6336 1510  SZX CGO  73M R10 %  J/W/Y//4/23/150//0/0/19//                      
CZ3351 1525  SZX CZX  320 R27 %  J/W/Y//8/23/120//1/2/39//                      
CZ3189 1530  SZX PEK  333 R31 %  F/J/W/Y//4/24/47/208//0/8/0/82//               
CZ3549 1550  SZX SHA  321 R64 %  J/W/Y//12/23/143//2/0/112//                    
CZ6890 1615  SZX CSX  73S R25 %  J/W/Y//4/23/150//3/3/39//                      
                 URC  73S  2  %                  //0/0/5//                      
             CSX URC  73S  44 %  J/W/Y//4/23/150//1/1/77//                      
CZ6328 1620  SZX HGH  32L R31 %  J/W/Y//4/17/167//2/0/57//                      
                 DLC  32L R4  %                  //1/0/8//                      
             HGH DLC  32L R56 %  J/W/Y//4/17/167//0/0/107//                     
CZ6593 1625  SZX XIY  32L R35 %  J/W/Y//4/17/167//2/1/64//                      
CZ3157 1630  SZX PEK  333 R49 %  F/J/W/Y//4/24/47/208//2/10/2/127//             
CZ3369 1650  SZX WNZ  320 R62 %  J/W/Y//8/23/120//4/8/83//                      
CZ6610 1655  SZX CGQ  320 R57 %  J/W/Y//8/23/120//1/0/86//                      
CZ3587 1700  SZX SHA  333  37 %  F/J/W/Y//4/24/47/208//0/12/1/94//              
CZ3744 1715  SZX HGH  32M R16 %  J/W/Y//4/23/167//0/0/32//                      
                 HRB  32M  23 %                  //0/0/46//                     
             HGH HRB  32M  12 %  J/W/Y//4/23/167//0/0/24//                      
CZ3577 1730  SZX NKG  321 R33 %  J/W/Y//12/23/143//2/0/57//                     
CZ6478 1735  SZX CGO  73M R11 %  J/W/Y//4/23/150//1/0/19//                      
                 HET  73M R22 %                  //0/0/39//                    +
                                                                                

2018 November 06, Tuesday, 08:39:20
SID: 51
>pn
                                                                                
        DEPARTURE LIST FROM SZX  ON 10NOV18                                    -
             CGO HET  73M R9  %  J/W/Y//4/23/150//0/0/17//                      
CZ6304 1740  SZX SHE  32L  32 %  J/W/Y//4/17/167//2/0/60//                      
CZ6637 1740  SZX WUH  320  21 %  J/W/Y//8/23/120//1/0/32//                      
CZ3225 1745  SZX XIY  320 R5  %  J/W/Y//8/23/120//1/0/8//                       
                 INC  320 R19 %                  //0/0/30//                     
             XIY INC  320 R8  %  J/W/Y//8/23/120//0/0/13//                      
CZ6591 1750  SZX NGB  32L R26 %  J/W/Y//4/17/167//1/3/45//                      
CZ3209 1755  SZX WUX  320 R37 %  J/W/Y//8/23/120//0/0/57//                      
CZ8681 1800  SZX PEK  33B R      J/W/Y//0/0/0//0/0/0//                          
CZ3433 1815  SZX CTU  32L R16 %  J/W/Y//4/17/167//1/1/29//                      
CZ6923 1820  SZX KMG  32L R44 %  J/W/Y//4/17/167//0/0/84//                      
CZ3563 1825  SZX HGH  32L R18 %  J/W/Y//4/17/167//0/0/35//                      
CZ3356 1910  SZX WUH  73N  32 %  J/W/Y//4/17/150//0/1/55//                      
CZ3155 1950  SZX PEK  32L R61 %  J/W/Y//4/17/167//2/1/112//                     
CZ3668 1950  SZX KWE  738 R44 %  J/W/Y//8/23/132//2/4/67//                      
CZ6847 2010  SZX TXN  320 R56 %  J/W/Y//8/23/120//0/4/81//                      
CZ8136 2020  SZX CKG  320 R26 %  J/W/Y//8/23/120//0/0/40//                      
CZ3171 2040  SZX PEK  32L R61 %  J/W/Y//4/17/167//0/0/115//                     
CZ3589 2055  SZX SHA  333  27 %  F/J/W/Y//4/24/47/208//0/2/0/76//               
CZ3279 2100  SZX XIY  73N R30 %  J/W/Y//4/17/150//0/0/53//                      
CZ3955 2100  SZX HAK  321 R46 %  J/W/Y//12/23/143//4/0/78//                     
CZ3365 2125  SZX HGH  32L R14 %  J/W/Y//4/17/167//0/1/27//                     +
                                                                                

2018 November 06, Tuesday, 08:39:21
SID: 51
>pn
        DEPARTURE LIST FROM SZX  ON 10NOV18                                    -
CZ6310 2125  SZX SHE  32E R50 %  J/W/Y//4/23/138//0/0/83//                      
CZ3962 2130  SZX PEK  321 R57 %  J/W/Y//12/23/143//0/0/103//                    
CZ3974 2135  SZX CGO  738 R23 %  J/W/Y//8/23/132//1/0/38//                      
CZ3991 2200  SZX DYG  321 R26 %  J/W/Y//12/23/143//0/5/43//                     
CZ8595 2200  SZX HFE  32L R39 %  J/W/Y//4/17/167//0/0/75//                      
CZ6372 2205  SZX KWE  73N R14 %  J/W/Y//4/17/150//0/0/24//                      
CZ3709 2210  SZX WNZ  32L R35 %  J/W/Y//4/17/167//1/6/60//                      
CZ3238 2220  SZX NNG  73C R12 %  J/W/Y//4/17/106//1/0/15//                      
CZ8112 2235  SZX CKG  320 R41 %  J/W/Y//8/23/120//0/0/63//                      
CZ6254 2345  SZX HAK  32L R33 %  J/W/Y//4/17/167//0/0/63//                      
                                                                                
FLIGHT  TOTAL = 102     SEATS BOOKED   =  6814 (F2J158W209Y6445 )               
                        SEATS TOTAL    =  18280 (F36J804W2275Y15165 )           
                        SEATS AVAILABLE=  11466 (F34J646W2066Y8720 )            
                        USAGE PERCENT  =  37 %                                  
                                                                                

2018 November 06, Tuesday, 08:39:21
SID: 51
>pn
                                                                                
        DEPARTURE LIST FROM SZX  ON 10NOV18                                    -
CZ6847 2010  SZX TXN  320 R56 %  J/W/Y//8/23/120//0/4/81//                      
CZ8136 2020  SZX CKG  320 R26 %  J/W/Y//8/23/120//0/0/40//                      
CZ3171 2040  SZX PEK  32L R61 %  J/W/Y//4/17/167//0/0/115//                     
CZ3589 2055  SZX SHA  333  27 %  F/J/W/Y//4/24/47/208//0/2/0/76//               
CZ3279 2100  SZX XIY  73N R30 %  J/W/Y//4/17/150//0/0/53//                      
CZ3955 2100  SZX HAK  321 R46 %  J/W/Y//12/23/143//4/0/78//                     
CZ3365 2125  SZX HGH  32L R14 %  J/W/Y//4/17/167//0/1/27//                      
CZ6310 2125  SZX SHE  32E R50 %  J/W/Y//4/23/138//0/0/83//                      
CZ3962 2130  SZX PEK  321 R57 %  J/W/Y//12/23/143//0/0/103//                    
CZ3974 2135  SZX CGO  738 R23 %  J/W/Y//8/23/132//1/0/38//                      
CZ3991 2200  SZX DYG  321 R26 %  J/W/Y//12/23/143//0/5/43//                     
CZ8595 2200  SZX HFE  32L R39 %  J/W/Y//4/17/167//0/0/75//                      
CZ6372 2205  SZX KWE  73N R14 %  J/W/Y//4/17/150//0/0/24//                      
CZ3709 2210  SZX WNZ  32L R35 %  J/W/Y//4/17/167//1/6/60//                      
CZ3238 2220  SZX NNG  73C R12 %  J/W/Y//4/17/106//1/0/15//                      
CZ8112 2235  SZX CKG  320 R41 %  J/W/Y//8/23/120//0/0/63//                      
CZ6254 2345  SZX HAK  32L R33 %  J/W/Y//4/17/167//0/0/63//                      
                                                                                
FLIGHT  TOTAL = 102     SEATS BOOKED   =  6814 (F2J158W209Y6445 )               
                        SEATS TOTAL    =  18280 (F36J804W2275Y15165 )           
                        SEATS AVAILABLE=  11466 (F34J646W2066Y8720 )            
                        USAGE PERCENT  =  37 %                                  
                                                                                

2018 November 06, Tuesday, 08:39:22
SID: 51
>fdl k/d/10Nov18/szx/zh/99
                                                                                
        DEPARTURE LIST FROM SZX  ON 10NOV18                                     
ZH9887 0635  SZX HFE  738 R12 %  F/C/G/Y//6/2/0/155//0/0/0/21//                 
                 DAT  738 R12 %                     //0/0/0/20//                
             HFE DAT  738 R20 %  F/C/G/Y//6/2/0/155//0/0/0/34//                 
ZH9325 0645  SZX NNG  738 R41 %  F/C/G/Y//6/2/0/155//1/0/0/66//                 
ZH9927 0655  SZX JUH  32F R28 %  F/C/G/Y//6/2/0/143//1/0/0/42//                 
ZH9337 0700  SZX XFN  320 R35 %  F/C/G/Y//6/2/0/149//2/0/0/53//                 
ZH9951 0700  SZX MIG  73F R25 %  F/C/G/Y//6/2/0/153//1/0/0/40//                 
ZH9435 0705  SZX KMG  73F R31 %  F/C/G/Y//6/2/0/153//0/1/0/50//                 
ZH9801 0705  SZX WUX  73F R50 %  F/C/G/Y//6/2/23/130//0/0/2/80//                
ZH9949 0705  SZX PZI  319 R85 %  F/C/G/Y//6/2/0/119//0/1/0/107//                
ZH9931 0710  SZX CZX  738 R38 %  F/C/G/Y//6/2/0/155//2/0/0/61//                 
ZH9137 0720  SZX SJW  739 R41 %  F/C/G/Y//6/2/0/158//1/0/0/68//                 
ZH9121 0725  SZX TSN  738 R24 %  F/C/G/Y//6/2/0/155//1/0/0/39//                 
ZH9421 0735  SZX CKG  330 R47 %  F/C/G/Y//12/6/23/266//2/0/0/145//              
ZH9101 0740  SZX PEK  330 R34 %  F/C/G/Y//12/6/23/266//3/1/3/99//               
ZH9841 0740  SZX NKG  38M R47 %  F/C/G/Y//6/2/23/130//0/0/1/75//                
ZH9941 0745  SZX LJG  320 R40 %  F/C/G/Y//6/2/0/149//1/0/0/62//                 
ZH9871 0750  SZX HGH  739 R24 %  F/C/G/Y//6/2/0/158//1/0/0/40//                 
ZH9127 0755  SZX WUH  73F R19 %  F/C/G/Y//6/2/0/153//2/0/0/30//                 
                 HET  73F R11 %                     //0/0/0/19//                
             WUH HET  73F R42 %  F/C/G/Y//6/2/0/153//0/0/0/69//                 
ZH9401 0800  SZX CTU  38M R36 %  F/C/G/Y//6/2/0/153//1/0/0/57//                +
                                                                                

2018 November 06, Tuesday, 08:39:23
SID: 51
>pn
                                                                                
        DEPARTURE LIST FROM SZX  ON 10NOV18                                    -
ZH9501 0805  SZX SHA  330 R30 %  F/C/G/Y//12/6/23/266//3/0/1/90//               
ZH9601 0815  SZX SHE  73F R52 %  F/C/G/Y//6/2/0/153//2/0/0/82//                 
ZH9891 0815  SZX HFE  739 R21 %  F/C/G/Y//6/2/0/158//2/0/0/33//                 
ZH9423 0820  SZX CKG  38M R23 %  F/C/G/Y//6/2/0/153//2/0/0/36//                 
ZH9331 0825  SZX YIH  320 R39 %  F/C/G/Y//6/2/0/149//0/0/0/62//                 
ZH9959 0825  SZX WXN  32F R41 %  F/C/G/Y//6/2/0/143//2/0/0/61//                 
ZH9631 0830  SZX YTY  320 R9  %  F/C/G/Y//6/2/0/149//3/1/0/11//                 
                 DLC  320 R15 %                     //0/0/0/25//                
             YTY DLC  320 R21 %  F/C/G/Y//6/2/0/149//0/0/0/34//                 
ZH9641 0835  SZX YNT  738 R33 %  F/C/G/Y//6/2/0/155//3/2/0/50//                 
                 CGQ  738 R29 %                     //0/0/0/48//                
             YNT CGQ  738 R9  %  F/C/G/Y//6/2/0/155//0/0/0/15//                 
ZH9621 0840  SZX HRB  738 R57 %  F/C/G/Y//6/2/0/155//2/0/0/92//                 
ZH9911 0840  SZX TAO  738 R52 %  F/C/G/Y//6/2/0/155//1/1/0/84//                 
ZH9301 0845  SZX CGO  319 R29 %  F/C/G/Y//6/2/0/119//1/0/0/37//                 
ZH9139 0850  SZX YCU  32F R60 %  F/C/G/Y//6/2/0/143//0/0/0/91//                 
ZH9873 0850  SZX HGH  739 R19 %  F/C/G/Y//6/2/0/158//0/0/0/33//                 
ZH9843 0855  SZX NKG  330  45 %  F/C/G/Y//12/6/23/266//3/1/2/135//              
ZH9945 0900  SZX ZAT  319 R43 %  F/C/G/Y//6/2/0/119//0/0/0/55//                 
ZH9131 0905  SZX TYN  320 R34 %  F/C/G/Y//6/2/0/149//1/0/0/53//                 
ZH9803 0905  SZX WUX  73F R27 %  F/C/G/Y//6/2/23/130//4/1/0/40//                
ZH9947 0910  SZX TCZ  319 R55 %  F/C/G/Y//6/2/0/119//2/0/0/69//                +
                                                                                

2018 November 06, Tuesday, 08:39:24
SID: 51
>pn
                                                                                
        DEPARTURE LIST FROM SZX  ON 10NOV18                                    -
ZH9403 0930  SZX CTU  32F R27 %  F/C/G/Y//6/2/0/143//0/0/0/41//                 
ZH9921 0935  SZX NTG  320 R43 %  F/C/G/Y//6/2/0/149//0/0/0/68//                 
ZH9103 0950  SZX PEK  73F R32 %  F/C/G/Y//6/2/0/153//0/0/0/52//                 
ZH9875 0955  SZX HGH  319 R29 %  F/C/G/Y//6/2/0/119//1/0/0/37//                 
ZH9643 1005  SZX CGQ  320 R68 %  F/C/G/Y//6/2/0/149//3/0/0/105//                
ZH9893 1020  SZX HFE  32F R33 %  F/C/G/Y//6/2/0/143//2/0/0/48//                 
ZH9805 1035  SZX WUX  73F R42 %  F/C/G/Y//6/2/23/130//2/1/0/65//                
ZH9845 1040  SZX NKG  73F R34 %  F/C/G/Y//6/2/23/130//0/0/0/56//                
ZH9425 1045  SZX CKG  73F R23 %  F/C/G/Y//6/2/0/153//1/0/0/37//                 
ZH9211 1055  SZX XIY  330 R55 %  F/C/G/Y//12/6/23/266//8/1/4/156//              
ZH9235 1055  SZX XNN  320 R63 %  F/C/G/Y//6/2/0/149//0/0/0/99//                 
ZH9323 1105  SZX SYX  738 R79 %  F/C/G/Y//6/2/0/155//2/0/0/128//                
ZH9505 1105  SZX JJN  32F R6  %  F/C/G/Y//6/2/0/143//0/0/0/10//                 
                 PVG  32F R17 %                     //0/0/0/26//                
             JJN PVG  32F R14 %  F/C/G/Y//6/2/0/143//4/0/0/18//                 
ZH9903 1125  SZX TNA  738 R36 %  F/C/G/Y//6/2/0/155//2/0/0/57//                 
ZH9603 1130  SZX SHE  320 R48 %  F/C/G/Y//6/2/0/149//4/0/0/72//                 
ZH9623 1135  SZX HRB  32F R56 %  F/C/G/Y//6/2/0/143//2/0/0/83//                 
ZH9877 1140  SZX HGH  319 R46 %  F/C/G/Y//6/2/0/119//0/0/0/59//                 
ZH9437 1150  SZX KMG  73F R38 %  F/C/G/Y//6/2/0/153//0/0/0/62//                 
ZH9633 1150  SZX DLC  32F R59 %  F/C/G/Y//6/2/0/143//1/0/0/89//                 
ZH9507 1205  SZX SHA  739 R23 %  F/C/G/Y//6/2/0/158//0/0/0/39//                +
                                                                                

2018 November 06, Tuesday, 08:39:25
SID: 51
>pn
                                                                                
        DEPARTURE LIST FROM SZX  ON 10NOV18                                    -
ZH9105 1230  SZX PEK  73F R39 %  F/C/G/Y//6/2/0/153//4/0/0/60//                 
ZH9303 1235  SZX CGO  32F R17 %  F/C/G/Y//6/2/0/143//2/1/0/23//                 
ZH9847 1240  SZX NKG  32F R19 %  F/C/G/Y//6/2/0/143//2/0/0/28//                 
ZH9509 1250  SZX KHN  320 R29 %  F/C/G/Y//6/2/0/149//6/1/0/39//                 
                 PVG  320 R1  %                     //0/0/0/2//                 
             KHN PVG  320 R24 %  F/C/G/Y//6/2/0/149//1/0/0/37//                 
ZH9937 1250  SZX KHN  738 R27 %  F/C/G/Y//6/2/0/155//2/1/0/42//                 
ZH9405 1310  SZX CTU  320 R36 %  F/C/G/Y//6/2/0/149//3/0/0/55//                 
ZH9807 1350  SZX WUX  73F R39 %  F/C/G/Y//6/2/23/130//0/0/0/63//                
ZH9879 1350  SZX HGH  738 R22 %  F/C/G/Y//6/2/0/155//0/0/0/37//                 
ZH9605 1410  SZX SHE  73F R40 %  F/C/G/Y//6/2/0/153//4/1/0/60//                 
ZH9511 1430  SZX SHA  32F R43 %  F/C/G/Y//6/2/0/143//2/3/0/60//                 
ZH9213 1435  SZX XIY  320 R31 %  F/C/G/Y//6/2/0/149//0/0/0/49//                 
ZH9107 1445  SZX PEK  330 R33 %  F/C/G/Y//12/6/23/266//3/0/1/99//               
ZH9913 1445  SZX TAO  319 R34 %  F/C/G/Y//6/2/0/119//3/0/0/41//                 
ZH9895 1455  SZX HFE  320 R21 %  F/C/G/Y//6/2/0/149//2/1/0/31//                 
ZH9133 1500  SZX TYN  739 R32 %  F/C/G/Y//6/2/0/158//0/0/0/54//                 
ZH9513 1510  SZX PVG  32F R25 %  F/C/G/Y//6/2/0/143//1/0/0/38//                 
ZH9746 1515  SZX NTG  738 R24 %  F/C/G/Y//6/2/0/155//2/0/0/38//                 
                 TAO  738 R15 %                     //0/0/0/25//                
                 HRB  738 R0  %                     //0/0/0/0//                 
             NTG TAO  738 R1  %  F/C/G/Y//6/2/0/155//0/0/0/2//                 +
                                                                                

2018 November 06, Tuesday, 08:39:26
SID: 51
>pn
                                                                                
        DEPARTURE LIST FROM SZX  ON 10NOV18                                    -
                 HRB  738 R1  %                     //0/0/0/3//                 
             TAO HRB  738 R44 %  F/C/G/Y//6/2/0/155//0/0/0/73//                 
ZH9123 1520  SZX TSN  739 R28 %  F/C/G/Y//6/2/0/158//2/0/0/46//                 
ZH9625 1545  SZX HRB  320 R67 %  F/C/G/Y//6/2/0/149//3/0/0/103//                
ZH9809 1545  SZX WUX  38M R48 %  F/C/G/Y//6/2/23/130//0/0/0/78//                
ZH9881 1555  SZX HGH  739 R36 %  F/C/G/Y//6/2/0/158//2/0/0/58//                 
ZH9109 1600  SZX PEK  330 R40 %  F/C/G/Y//12/6/23/266//2/1/1/121//              
ZH9239 1600  SZX LHW  73F R38 %  F/C/G/Y//6/2/0/153//1/0/0/61//                 
                 URC  73F R1  %                     //0/0/0/2//                 
             LHW URC  73F R15 %  F/C/G/Y//6/2/0/153//0/0/0/25//                 
ZH9849 1635  SZX NKG  38M R18 %  F/C/G/Y//6/2/23/130//1/0/0/29//                
ZH9427 1640  SZX CKG  739 R4  %  F/C/G/Y//6/2/0/158//1/0/0/6//                  
ZH9915 1640  SZX TAO  738 R27 %  F/C/G/Y//6/2/0/155//3/0/0/42//                 
ZH9515 1655  SZX SHA  330 R20 %  F/C/G/Y//12/6/23/266//3/0/4/57//               
ZH9407 1710  SZX CTU  330 R45 %  F/C/G/Y//12/6/23/266//3/0/1/137//              
ZH9929 1720  SZX LYI  320 R36 %  F/C/G/Y//6/2/0/149//0/0/0/57//                 
ZH9429 1725  SZX CKG  38M R22 %  F/C/G/Y//6/2/0/153//1/0/0/35//                 
ZH9919 1740  SZX HYN  32F R20 %  F/C/G/Y//6/2/0/143//2/0/0/29//                 
ZH9519 1800  SZX JDZ  32F R8  %  F/C/G/Y//6/2/0/143//0/0/0/13//                 
                 SHA  32F R2  %                     //0/0/0/4//                 
             JDZ SHA  32F R9  %  F/C/G/Y//6/2/0/143//1/0/0/14//                 
ZH9851 1800  SZX NKG  73F R20 %  F/C/G/Y//6/2/10/143//0/0/0/33//               +
                                                                                

2018 November 06, Tuesday, 08:39:26
SID: 51
>pn
                                                                                
        DEPARTURE LIST FROM SZX  ON 10NOV18                                    -
ZH9645 1805  SZX KHN  73F R6  %  F/C/G/Y//6/2/0/153//1/0/0/9//                  
                 CGQ  73F R8  %                     //0/0/0/13//                
             KHN CGQ  73F R13 %  F/C/G/Y//6/2/0/153//0/0/0/22//                 
ZH9883 1805  SZX HGH  73F R38 %  F/C/G/Y//6/2/0/153//1/0/0/61//                 
ZH9957 1810  SZX YBP  319 R44 %  F/C/G/Y//6/2/0/119//0/0/0/56//                 
ZH9609 1815  SZX YTY  32F R9  %  F/C/G/Y//6/2/0/143//2/0/0/12//                 
                 SHE  32F R20 %                     //0/0/0/31//                
             YTY SHE  32F R27 %  F/C/G/Y//6/2/0/143//0/0/0/42//                 
ZH9517 1820  SZX PVG  73F R27 %  F/C/G/Y//6/2/0/153//0/2/0/42//                 
ZH9111 1850  SZX YIC  32F R10 %  F/C/G/Y//6/2/0/143//0/0/0/16//                 
                 PEK  32F R4  %                     //0/0/0/7//                 
             YIC PEK  32F R12 %  F/C/G/Y//6/2/0/143//0/0/0/19//                 
ZH9215 1900  SZX XIY  319 R25 %  F/C/G/Y//6/2/0/119//0/0/0/33//                 
ZH9811 1920  SZX WUX  73F R49 %  F/C/G/Y//6/2/23/130//0/0/0/80//                
ZH9409 1925  SZX CTU  32F R21 %  F/C/G/Y//6/2/0/143//0/0/0/32//                 
ZH9897 2000  SZX HFE  73F R26 %  F/C/G/Y//6/2/0/153//2/0/0/41//                 
ZH9305 2005  SZX CGO  320 R31 %  F/C/G/Y//6/2/0/149//3/0/0/47//                 
ZH9321 2010  SZX SYX  320 R12 %  F/C/G/Y//6/2/0/149//0/0/0/20//                 
ZH9909 2015  SZX WNZ  738 R48 %  F/C/G/Y//6/2/0/155//2/1/0/76//                 
ZH9217 2020  SZX XIY  32F R5  %  F/C/G/Y//6/2/0/143//0/0/0/9//                  
ZH9431 2025  SZX CKG  73F R34 %  F/C/G/Y//6/2/0/153//2/0/0/53//                 
ZH9939 2030  SZX JUZ  738 R42 %  F/C/G/Y//6/2/0/155//1/0/0/68//                +
                                                                                

2018 November 06, Tuesday, 08:39:27
SID: 51
>pn
        DEPARTURE LIST FROM SZX  ON 10NOV18                                    -
ZH9313 2100  SZX HAK  738 R32 %  F/C/G/Y//6/2/0/155//0/1/0/52//                 
ZH9411 2115  SZX CTU  330 R48 %  F/C/G/Y//12/6/23/266//1/0/0/149//              
ZH9853 2115  SZX NKG  32F R37 %  F/C/G/Y//6/2/0/143//1/1/0/54//                 
ZH9439 2120  SZX KMG  738 R27 %  F/C/G/Y//6/2/0/155//0/0/0/45//                 
ZH9113 2125  SZX PEK  73F R63 %  F/C/G/Y//6/2/0/153//2/1/0/99//                 
ZH9925 2200  SZX NTG  32F R38 %  F/C/G/Y//6/2/0/143//0/0/0/58//                 
ZH9329 2210  SZX ZHA  73F R24 %  F/C/G/Y//6/2/0/153//1/0/0/39//                 
ZH9899 2215  SZX HFE  320 R45 %  F/C/G/Y//6/2/0/149//4/0/0/68//                 
ZH9813 2225  SZX WUX  73F R39 %  F/C/G/Y//6/2/23/130//3/0/0/61//                
ZH9315 2255  SZX HAK  73F R41 %  F/C/G/Y//6/2/0/153//0/0/0/67//                 
ZH9935 2310  SZX KHN  320 R15 %  F/C/G/Y//6/2/0/149//0/0/0/25//                 
                                                                                
FLIGHT  TOTAL = 116     SEATS BOOKED   =  7138 (F164C26Y6928G20 )               
                        SEATS TOTAL    =  19633 (F756C272Y18135G470 )           
                        SEATS AVAILABLE=  12495 (F592C246Y11207G450 )           
                        USAGE PERCENT  =  36 %                                  
                                                                                

2018 November 06, Tuesday, 08:39:28
SID: 51
>pn
                                                                                
        DEPARTURE LIST FROM SZX  ON 10NOV18                                    -
ZH9305 2005  SZX CGO  320 R31 %  F/C/G/Y//6/2/0/149//3/0/0/47//                 
ZH9321 2010  SZX SYX  320 R12 %  F/C/G/Y//6/2/0/149//0/0/0/20//                 
ZH9909 2015  SZX WNZ  738 R48 %  F/C/G/Y//6/2/0/155//2/1/0/76//                 
ZH9217 2020  SZX XIY  32F R5  %  F/C/G/Y//6/2/0/143//0/0/0/9//                  
ZH9431 2025  SZX CKG  73F R34 %  F/C/G/Y//6/2/0/153//2/0/0/53//                 
ZH9939 2030  SZX JUZ  738 R42 %  F/C/G/Y//6/2/0/155//1/0/0/68//                 
ZH9313 2100  SZX HAK  738 R32 %  F/C/G/Y//6/2/0/155//0/1/0/52//                 
ZH9411 2115  SZX CTU  330 R48 %  F/C/G/Y//12/6/23/266//1/0/0/149//              
ZH9853 2115  SZX NKG  32F R37 %  F/C/G/Y//6/2/0/143//1/1/0/54//                 
ZH9439 2120  SZX KMG  738 R27 %  F/C/G/Y//6/2/0/155//0/0/0/45//                 
ZH9113 2125  SZX PEK  73F R63 %  F/C/G/Y//6/2/0/153//2/1/0/99//                 
ZH9925 2200  SZX NTG  32F R38 %  F/C/G/Y//6/2/0/143//0/0/0/58//                 
ZH9329 2210  SZX ZHA  73F R24 %  F/C/G/Y//6/2/0/153//1/0/0/39//                 
ZH9899 2215  SZX HFE  320 R45 %  F/C/G/Y//6/2/0/149//4/0/0/68//                 
ZH9813 2225  SZX WUX  73F R39 %  F/C/G/Y//6/2/23/130//3/0/0/61//                
ZH9315 2255  SZX HAK  73F R41 %  F/C/G/Y//6/2/0/153//0/0/0/67//                 
ZH9935 2310  SZX KHN  320 R15 %  F/C/G/Y//6/2/0/149//0/0/0/25//                 
                                                                                
FLIGHT  TOTAL = 116     SEATS BOOKED   =  7138 (F164C26Y6928G20 )               
                        SEATS TOTAL    =  19633 (F756C272Y18135G470 )           
                        SEATS AVAILABLE=  12495 (F592C246Y11207G450 )           
                        USAGE PERCENT  =  36 %                                  
                                                                                

2018 November 06, Tuesday, 09:45:08
SID: 51
>RO6751/+
                                                                                
CZ6751 07NOV D SZXPVG 1 320^JCDIO/WS/YPBMHKUALQEVZTNRGX CAN098/CAN401 BROW/1    
C LEG AV OPN MAX CAP T/B  GT GRO GRS BLK  LT LSS  PT  AT  CT SMT  IND           
J/CDIO                                                                          
  SZX CR   0   8   8   8   0   0   0   0   0       1   0   0  177 R             
W/S                                                                             
  SZX CR   0  23  23  23   0   0   0   0   0       1   0   0  177 R             
Y/PBMHKUALQEVZTNRGX                                                             
  SZX CR   0 120 120 120   0   0   1   0   0       1   0   0  177 R             
SEG    CLS  BKD  GRS  BLK   WL  LSV  LSS  LT   SMT    IND                       
SZXPVG J      2    0    0    0    -    -   -          EK                        
       C      1    0    0    0    1   -5   -          ELK                       
       D      5    0    0    0    #   -5   -          ELK                       
       I      0    0    0    0    #    0   -          EPK                       
       O      0    0    0    0    #    0   -          EK                        
       W     23    0    0    0    -    -   -          EK                        
       S      0    0    0    0    #    0   -          EPK                       
       Y     31    0    0    0    -    -   -          EK                        
       P      0    0    0    0    -    -   -          EK                        
       B      0    0    0    0    #  -78   -          ELPK                      
       M      0    0    0    0    #  -78   -          ELPK                      
       H     20    0    0    0    #  -78   -          ELPK                      
       K      0    0    0    0   10  -68   -          ELK                       
       U     16    0    0    0    #  -68   -          ELPK                     +
                                                                                

2018 November 06, Tuesday, 09:45:17
SID: 51
>RO3213/+
                                                                                
CZ3213 07NOV D SZXXIY 1 321^JCDIO/WS/YPBMHKUALQEVZTNRGX CAN001/CAN401 BROW/1    
C LEG AV OPN MAX CAP T/B  GT GRO GRS BLK  LT LSS  PT  AT  CT SMT  IND           
J/CDIO                                                                          
  SZX AS  11  12  12   1   0   0   0   0   0       1   0   0  177 R             
W/S                                                                             
  SZX AS  17  23  23   6   0   0   0   0   0       1   0   0  177 R             
Y/PBMHKUALQEVZTNRGX                                                             
  SZX AS  44 143 143  99   0   0   0   0   0       1   0   0  177 R             
SEG    CLS  BKD  GRS  BLK   WL  LSV  LSS  LT   SMT    IND                       
SZXXIY J      0    0    0    0    -    -   -          EAK                       
       C      0    0    0    0    1   10   -          ELAK                      
       D      0    0    0    0    3    9   -          ELAK                      
       I      1    0    0    0    6    6   -          ELAK                      
       O      0    0    0    0    1    1   -          ELAK                      
       W      3    0    0    0    -    -   -          EAK                       
       S      3    0    0    0   10    7   -          EAK                       
       Y      1    0    0    0    -    -   -          EAK                       
       P      0    0    0    0    1   53   -          ELAK                      
       B      0    0    0    0    1   52   -          ELAK                      
       M      0    0    0    0    4   51   -          ELAK                      
       H      0    0    0    0    1   47   -          ELAK                      
       K      0    0    0    0    2   46   -          ELAK                      
       U      0    0    0    0    1   44   -          ELAK                     +
                                                                                

2018 November 06, Tuesday, 09:50:13
SID: 51
>ro6751/+
                                                                                
CZ6751 07NOV D SZXPVG 1 320^JCDIO/WS/YPBMHKUALQEVZTNRGX CAN098/CAN401 BROW/1    
C LEG AV OPN MAX CAP T/B  GT GRO GRS BLK  LT LSS  PT  AT  CT SMT  IND           
J/CDIO                                                                          
  SZX CR   0   8   8   8   0   0   0   0   0       1   0   0  177 R             
W/S                                                                             
  SZX CR   0  23  23  23   0   0   0   0   0       1   0   0  177 R             
Y/PBMHKUALQEVZTNRGX                                                             
  SZX CR   0 120 120 120   0   0   1   0   0       1   0   0  177 R             
SEG    CLS  BKD  GRS  BLK   WL  LSV  LSS  LT   SMT    IND                       
SZXPVG J      2    0    0    0    -    -   -          EK                        
       C      1    0    0    0    1   -5   -          ELK                       
       D      5    0    0    0    #   -5   -          ELK                       
       I      0    0    0    0    #    0   -          EPK                       
       O      0    0    0    0    #    0   -          EK                        
       W     23    0    0    0    -    -   -          EK                        
       S      0    0    0    0    #    0   -          EPK                       
       Y     31    0    0    0    -    -   -          EK                        
       P      0    0    0    0    -    -   -          EK                        
       B      0    0    0    0    #  -78   -          ELPK                      
       M      0    0    0    0    #  -78   -          ELPK                      
       H     20    0    0    0    #  -78   -          ELPK                      
       K      0    0    0    0   10  -68   -          ELK                       
       U     16    0    0    0    #  -68   -          ELPK                     +
                                                                                

2018 November 06, Tuesday, 09:50:17
SID: 51
>ro6752/+
                                                                                
CZ6752 07NOV D PVGSZX 1 320^JCDIO/WS/YPBMHKUALQEVZTNRGX CAN098/CAN231 BROW/1    
C LEG AV OPN MAX CAP T/B  GT GRO GRS BLK  LT LSS  PT  AT  CT SMT  IND           
J/CDIO                                                                          
  PVG CR   1   8   8   7   0   0   0   0   0       1   0   0  177 RDF           
W/S                                                                             
  PVG CR   0  23  23  23   0   0   0   0   0       1   0   0  177 RDF           
Y/PBMHKUALQEVZTNRGX                                                             
  PVG AS  27 120 120  93   0   0   1   0   0       1   0   0  177 RDF           
SEG    CLS  BKD  GRS  BLK   WL  LSV  LSS  LT   SMT    IND                       
PVGSZX J      1    0    0    0    -    -   -          EK                        
       C      2    0    0    0    1    1   -          ELK                       
       D      3    0    0    0    2    1   -          ELPK                      
       I      0    0    0    0    3    1   -          ELPK                      
       O      1    0    0    0    #   -1   -          EK                        
       W     23    0    0    0    -    -   -          EK                        
       S      0    0    0    0    1    1   -          EPK                       
       Y     16    0    0    0    -    -   -          EK                        
       P      0    0    0    0    -    -   -          EK                        
       B     14    0    0    0   20   19   -          ELK                       
       M     23    0    0    0   24   13   -          ELPK                      
       H      9    0    0    0    8   12   -          ELPK                      
       K      7    0    0    0   10   12   -          ELK                       
       U      6    0    0    0   12   10   -          ELPK                     +
                                                                                

2018 November 06, Tuesday, 09:50:24
SID: 51
>ro3213/+
                                                                                
CZ3213 07NOV D SZXXIY 1 321^JCDIO/WS/YPBMHKUALQEVZTNRGX CAN001/CAN401 BROW/1    
C LEG AV OPN MAX CAP T/B  GT GRO GRS BLK  LT LSS  PT  AT  CT SMT  IND           
J/CDIO                                                                          
  SZX AS  11  12  12   1   0   0   0   0   0       1   0   0  177 R             
W/S                                                                             
  SZX AS  17  23  23   6   0   0   0   0   0       1   0   0  177 R             
Y/PBMHKUALQEVZTNRGX                                                             
  SZX AS  44 143 143  99   0   0   0   0   0       1   0   0  177 R             
SEG    CLS  BKD  GRS  BLK   WL  LSV  LSS  LT   SMT    IND                       
SZXXIY J      0    0    0    0    -    -   -          EAK                       
       C      0    0    0    0    1   10   -          ELAK                      
       D      0    0    0    0    3    9   -          ELAK                      
       I      1    0    0    0    6    6   -          ELAK                      
       O      0    0    0    0    1    1   -          ELAK                      
       W      3    0    0    0    -    -   -          EAK                       
       S      3    0    0    0   10    7   -          EAK                       
       Y      1    0    0    0    -    -   -          EAK                       
       P      0    0    0    0    1   53   -          ELAK                      
       B      0    0    0    0    1   52   -          ELAK                      
       M      0    0    0    0    4   51   -          ELAK                      
       H      0    0    0    0    1   47   -          ELAK                      
       K      0    0    0    0    2   46   -          ELAK                      
       U      0    0    0    0    1   44   -          ELAK                     +
                                                                                

2018 November 06, Tuesday, 09:50:28
SID: 51
>ro3214/+
                                                                                
CZ3214 07NOV D XIYSZX 1 321^JCDIO/WS/YPBMHKUALQEVZTNRGX CAN001/CAN851 BROW/1    
C LEG AV OPN MAX CAP T/B  GT GRO GRS BLK  LT LSS  PT  AT  CT SMT  IND           
J/CDIO                                                                          
  XIY AS  12  12  12   0   0   0   0   0   0       1   0   0  177               
W/S                                                                             
  XIY AS  18  23  23   5   0   0   0   0   0       1   0   0  177               
Y/PBMHKUALQEVZTNRGX                                                             
  XIY AS  16 143 143 127   0   0   0   0   0       1   0   0  177               
N XIY                                      0O  0                                
SEG    CLS  BKD  GRS  BLK   WL  LSV  LSS  LT   SMT    IND                       
XIYSZX J      0    0    0    0    -    -   -          EAK                       
       C      0    0    0    0    1   10   -          ELAK                      
       D      0    0    0    0    3    9   -          ELAK                      
       I      0    0    0    0    5    6   -          ELAK                      
       O      0    0    0    0    1    1   -          ELAK                      
       W      2    0    0    0    -    -   -          EAK                       
       S      3    0    0    0    7    4   -          EAK                       
       Y      0    0    0    0    -    -   -          EAK                       
       P      0    0    0    0    1   57   -          ELAK                      
       B      0    0    0    0    1   56   -          ELAK                      
       M      0    0    0    0    3   55   -          ELAK                      
       H      0    0    0    0    2   52   -          ELAK                      
       K      0    0    0    0    2   50   -          ELAK                     +
                                                                                

2018 November 06, Tuesday, 10:06:12
SID: 51
>fdl k/c/-/szx/cz/99
                                                                                
        DEPARTURE LIST FROM SZX  ON 05NOV18                                     
CZ3621 0625  SZX CTU  32L R77 %  J/W/Y//4/17/167//1/9/135//                     
CZ3568 0640  SZX SHA  321 R84 %  J/W/Y//12/23/143//4/14/132//                   
CZ3673 0650  SZX KWE  320 R67 %  J/W/Y//8/23/120//5/7/90//                      
CZ3920 0650  SZX NNY  320 R58 %  J/W/Y//8/23/120//3/14/71//                     
                 LHW  320 R13 %                  //3/0/17//                     
             NNY LHW  320 R6  %  J/W/Y//8/23/120//0/0/10//                      
CZ3457 0740  SZX CTU  333 R82 %  F/J/W/Y//4/24/47/208//0/8/19/207//             
CZ3963 0745  SZX TAO  32L R50 %  J/W/Y//4/17/167//2/4/88//                      
                 CGQ  32L R27 %                  //1/1/50//                     
             TAO CGQ  32L R54 %  J/W/Y//4/17/167//1/4/98//                      
CZ3459 0800  SZX KMG  320 R76 %  J/W/Y//8/23/120//2/20/93//                     
CZ3965 0800  SZX SHA  321 R85 %  J/W/Y//12/23/143//9/21/123//                   
CZ6237 0805  SZX XIY  32L R78 %  J/W/Y//4/17/167//3/8/137//                     
CZ3465 0810  SZX CKG  32L R69 %  J/W/Y//4/17/167//1/8/122//                     
CZ3559 0810  SZX NKG  32L R74 %  J/W/Y//4/17/167//3/7/130//                     
CZ3911 0810  SZX WUH  320 R53 %  J/W/Y//8/23/120//2/14/65//                     
                 URC  320 R31 %                  //0/7/40//                     
             WUH URC  320 R56 %  J/W/Y//8/23/120//2/9/75//                      
CZ3617 0815  SZX ZHA  320 R75 %  J/W/Y//8/23/120//3/20/91//                     
                 XIY  320 R1E %                  //0/0/3//                      
             ZHA XIY  320 R55 %  J/W/Y//8/23/120//0/10/74//                     
CZ6333 0825  SZX DLC  320 R60 %  J/W/Y//8/23/120//6/19/66//                    +
                                                                                

2018 November 06, Tuesday, 10:06:15
SID: 51
>pn
                                                                                
        DEPARTURE LIST FROM SZX  ON 05NOV18                                    -
                 NDG  320 R24 %                  //0/0/37//                     
             DLC NDG  320 R47 %  J/W/Y//8/23/120//0/7/65//                      
CZ3151 0835  SZX PEK  333 R92 %  F/J/W/Y//4/24/47/208//1/20/44/198//            
CZ3569 0845  SZX HGH  32L R91 %  J/W/Y//4/17/167//2/17/153//                    
CZ3976 0855  SZX CGO  73Q R86 %  J/W/Y//4/17/147//2/12/132//                    
CZ3553 0900  SZX SHA  333 R93 %  F/J/W/Y//4/24/47/208//2/11/44/207//            
CZ6969 0900  SZX NAO  32G R72 %  J/W/Y//4/17/138//4/13/99//                     
CZ6233 0905  SZX GYS  320 R70 %  J/W/Y//8/23/120//4/14/89//                     
CZ6473 0910  SZX BFJ  320 R70 %  J/W/Y//8/23/120//2/12/93//                     
CZ3213 0915  SZX XIY  32L R82 %  J/W/Y//4/17/167//3/8/145//                     
CZ6481 0915  SZX HRB  321 R55 %  J/W/Y//12/23/143//1/5/93//                     
CZ6300 0925  SZX DLC  32L R76 %  J/W/Y//4/17/167//3/9/132//                     
CZ3669 0935  SZX HAK  32L R97 %  J/W/Y//4/17/167//4/17/162//                    
CZ3609 0945  SZX PVG  320 R81 %  J/W/Y//8/23/120//7/23/93//                     
                 SHE  320 R5E %                  //0/0/8//                      
             PVG SHE  320  58 %  J/W/Y//8/23/120//5/6/78//                      
CZ3978 0950  SZX SYX  32L R86 %  J/W/Y//4/17/167//3/17/143//                    
CZ3583 1000  SZX KHN  32L R92 %  J/W/Y//4/17/167//4/17/153//                    
                 TYN  32L R5E %                  //0/0/10//                     
             KHN TYN  32L R75 %  J/W/Y//4/17/167//0/0/142//                     
CZ8677 1005  SZX ENY  320 R94 %  J/W/Y//8/23/120//3/21/118//                    
CZ8577 1015  SZX SHE  320 R73 %  J/W/Y//8/23/120//6/12/93//                    +
                                                                                

2018 November 06, Tuesday, 10:06:16
SID: 51
>pn
                                                                                
        DEPARTURE LIST FROM SZX  ON 05NOV18                                    -
                 MDG  320 R13 %                  //1/4/15//                     
             SHE MDG  320 R34 %  J/W/Y//8/23/120//0/7/45//                      
CZ3274 1025  SZX NNG  73C R89 %  J/W/Y//4/17/106//4/17/93//                     
CZ3159 1030  SZX PEK  333 R86 %  F/J/W/Y//4/24/47/208//3/12/46/184//            
CZ3793 1100  SZX XIY  73N R89 %  J/W/Y//4/17/150//0/13/140//                    
CZ3876 1105  SZX YIW  73N R94 %  J/W/Y//4/17/150//2/17/142//                    
CZ6599 1105  SZX CGO  73Q R74 %  J/W/Y//4/17/147//2/8/115//                     
                 DSN  73Q R17 %                  //1/4/25//                     
             CGO DSN  73Q R60 %  J/W/Y//4/17/147//0/1/100//                     
CZ3358 1110  SZX WUH  73N R87 %  J/W/Y//4/17/150//2/12/135//                    
CZ3455 1145  SZX CKG  32L R81 %  J/W/Y//4/17/167//4/16/133//                    
CZ3797 1145  SZX HGH  321 R93 %  J/W/Y//12/23/143//9/20/138//                   
CZ3551 1200  SZX SHA  321 R74 %  J/W/Y//12/23/143//10/17/105//                  
CZ6653 1205  SZX NAO  320 R80 %  J/W/Y//8/23/120//1/20/101//                    
CZ3613 1215  SZX CGQ  32L R79 %  J/W/Y//4/17/167//3/10/136//                    
CZ6326 1215  SZX NGB  32G R97 %  J/W/Y//4/17/138//4/16/135//                    
                 DLC  32G R0E %                  //0/0/0//                      
             NGB DLC  32G  76 %  J/W/Y//4/17/138//2/9/110//                     
CZ8635 1220  SZX YNZ  320 R41 %  J/W/Y//8/23/120//1/12/50//                     
                 YNT  320 R28 %                  //0/1/42//                     
             YNZ YNT  320  12 %  J/W/Y//8/23/120//1/5/13//                      
CZ3193 1230  SZX PEK  333 R70 %  F/J/W/Y//4/24/47/208//1/15/31/152//           +
                                                                                

2018 November 06, Tuesday, 10:06:17
SID: 51
>pn
                                                                                
        DEPARTURE LIST FROM SZX  ON 05NOV18                                    -
CZ3831 1235  SZX SHA  32L R86 %  J/W/Y//4/17/167//3/8/152//                     
CZ3453 1240  SZX CTU  32L R79 %  J/W/Y//4/17/167//2/17/130//                    
CZ3633 1250  SZX HRB  32L R63 %  J/W/Y//4/17/167//4/2/113//                     
CZ6445 1255  SZX CGD  321 R82 %  J/W/Y//12/23/143//7/22/118//                   
CZ3153 1330  SZX PEK  32L R45 %  J/W/Y//4/17/167//3/14/68//                     
CZ3561 1330  SZX SHA  321 R61 %  J/W/Y//12/23/143//6/8/95//                     
CZ3451 1335  SZX KMG  32G R66 %  J/W/Y//4/17/138//1/9/96//                      
                 LJG  32G R28 %                  //0/6/40//                     
             KMG LJG  32G R70 %  J/W/Y//4/17/138//3/11/98//                     
CZ8579 1345  SZX LZO  320 R63 %  J/W/Y//8/23/120//4/8/84//                      
CZ6763 1350  SZX LYA  32L R43 %  J/W/Y//4/17/167//1/3/77//                      
                 HET  32L R31 %                  //0/2/57//                     
             LYA HET  32L  17 %  J/W/Y//4/17/167//0/0/33//                      
CZ3557 1355  SZX SHA  320 R86 %  J/W/Y//8/23/120//7/18/105//                    
CZ3255 1415  SZX KOW  32L R26 %  J/W/Y//4/17/167//4/16/30//                     
                 PEK  32L R47 %                  //0/0/89//                     
             KOW PEK  32L R31 %  J/W/Y//4/17/167//1/2/57//                      
CZ6274 1425  SZX HRB  320 R63 %  J/W/Y//8/23/120//7/2/87//                      
CZ3827 1435  SZX NKG  32L R89 %  J/W/Y//4/17/167//2/11/156//                    
CZ3435 1445  SZX KWE  320 R49 %  J/W/Y//8/23/120//6/15/53//                     
                 URC  320  36 %                  //1/1/53//                     
             KWE URC  320 R11 %  J/W/Y//8/23/120//1/0/16//                     +
                                                                                

2018 November 06, Tuesday, 10:06:18
SID: 51
>pn
                                                                                
        DEPARTURE LIST FROM SZX  ON 05NOV18                                    -
CZ6312 1450  SZX TAO  32E R64 %  J/W/Y//4/23/138//3/20/84//                     
                 SHE  32E R11 %                  //0/0/19//                     
             TAO SHE  32E R81 %  J/W/Y//4/23/138//1/15/119//                    
CZ3351 1455  SZX CZX  321 R61 %  J/W/Y//12/23/143//0/6/104//                    
CZ6336 1510  SZX CGO  73M R99 %  J/W/Y//4/23/150//4/22/150//                    
CZ3189 1530  SZX PEK  333 R62 %  F/J/W/Y//4/24/47/208//4/19/17/137//            
CZ3549 1550  SZX SHA  320 R88 %  J/W/Y//8/23/120//3/21/110//                    
CZ6358 1550  SZX TAO  32L R59 %  J/W/Y//4/17/167//2/5/105//                     
                 CGQ  32L R23 %                  //2/0/42//                     
             TAO CGQ  32L  56 %  J/W/Y//4/17/167//0/3/103//                     
CZ6890 1615  SZX CSX  73S R66 %  J/W/Y//4/23/150//1/13/104//                    
                 URC  73S  10 %                  //1/0/18//                     
             CSX URC  73S R56 %  J/W/Y//4/23/150//0/7/93//                      
CZ6328 1620  SZX HGH  32L R81 %  J/W/Y//4/17/167//3/13/138//                    
                 DLC  32L R5E %                  //0/1/10//                     
             HGH DLC  32L R91 %  J/W/Y//4/17/167//2/15/155//                    
CZ3157 1630  SZX PEK  333 R69 %  F/J/W/Y//4/24/47/208//0/20/10/167//            
CZ3565 1640  SZX HFE  32L R91 %  J/W/Y//4/17/167//4/17/151//                    
CZ6610 1655  SZX CGQ  320 R77 %  J/W/Y//8/23/120//8/17/92//                     
CZ3369 1700  SZX WNZ  32L R89 %  J/W/Y//4/17/167//3/8/158//                     
CZ3587 1700  SZX SHA  333 R86 %  F/J/W/Y//4/24/47/208//0/22/34/189//            
CZ3744 1715  SZX HGH  32M R68 %  J/W/Y//4/23/167//4/10/118//                   +
                                                                                

2018 November 06, Tuesday, 10:06:19
SID: 51
>pn
                                                                                
        DEPARTURE LIST FROM SZX  ON 05NOV18                                    -
                 HRB  32M R23 %                  //0/1/44//                     
             HGH HRB  32M R64 %  J/W/Y//4/23/167//0/12/114//                    
CZ3577 1730  SZX NKG  320 R84 %  J/W/Y//8/23/120//1/20/107//                    
CZ6478 1735  SZX CGO  73M R89 %  J/W/Y//4/23/150//4/18/137//                    
                 HET  73M R3E %                  //0/0/6//                      
             CGO HET  73M R77 %  J/W/Y//4/23/150//1/8/128//                     
CZ6304 1740  SZX SHE  32L R65 %  J/W/Y//4/17/167//4/14/105//                    
CZ3191 1745  SZX PEK  321 R75 %  J/W/Y//12/23/143//9/17/109//                   
CZ3225 1745  SZX XIY  320 R56 %  J/W/Y//8/23/120//4/12/69//                     
                 INC  320 R23 %                  //2/0/33//                     
             XIY INC  320 R58 %  J/W/Y//8/23/120//1/16/72//                     
CZ3209 1755  SZX WUX  320 R86 %  J/W/Y//8/23/120//8/20/103//                    
CZ6557 1755  SZX ZYI  320 R80 %  J/W/Y//8/23/120//4/21/96//                     
CZ3433 1815  SZX CTU  321 R61 %  J/W/Y//12/23/143//6/2/101//                    
CZ6923 1820  SZX KMG  320 R90 %  J/W/Y//8/23/120//7/19/111//                    
CZ3563 1825  SZX HGH  321 R71 %  J/W/Y//12/23/143//7/17/103//                   
CZ3356 1910  SZX WUH  73N R86 %  J/W/Y//4/17/150//3/13/132//                    
CZ3155 1950  SZX PEK  321 R56 %  J/W/Y//12/23/143//12/16/73//                   
CZ3668 1950  SZX KWE  73N R76 %  J/W/Y//4/17/150//3/8/119//                     
CZ6847 2010  SZX TXN  320 R62 %  J/W/Y//8/23/120//4/10/80//                     
CZ8136 2020  SZX CKG  320 R88 %  J/W/Y//8/23/120//7/19/107//                    
CZ3171 2040  SZX PEK  32L R54 %  J/W/Y//4/17/167//4/5/93//                     +
                                                                                

2018 November 06, Tuesday, 10:06:20
SID: 51
>pn
        DEPARTURE LIST FROM SZX  ON 05NOV18                                    -
CZ3955 2055  SZX HAK  32L R90 %  J/W/Y//4/17/167//4/16/150//                    
CZ3279 2100  SZX XIY  73N R49 %  J/W/Y//4/17/150//3/2/80//                      
CZ3589 2100  SZX SHA  333 R61 %  F/J/W/Y//4/24/47/208//1/14/12/147//            
CZ3365 2125  SZX HGH  32L R89 %  J/W/Y//4/17/167//3/11/155//                    
CZ6310 2125  SZX SHE  32E R64 %  J/W/Y//4/23/138//2/8/97//                      
CZ3962 2130  SZX PEK  321 R55 %  J/W/Y//12/23/143//5/5/89//                     
CZ3974 2135  SZX CGO  738 R76 %  J/W/Y//8/23/132//4/15/106//                    
CZ3991 2200  SZX DYG  321 R53 %  J/W/Y//12/23/143//7/22/67//                    
CZ8595 2200  SZX HFE  32L R55 %  J/W/Y//4/17/167//2/1/101//                     
CZ6372 2205  SZX KWE  738 R62 %  J/W/Y//8/23/132//6/12/84//                     
CZ3709 2210  SZX WNZ  32L R87 %  J/W/Y//4/17/167//0/6/159//                     
CZ3238 2220  SZX NNG  73C R77 %  J/W/Y//4/17/106//4/10/84//                     
CZ8112 2235  SZX CKG  320 R73 %  J/W/Y//8/23/120//0/15/96//                     
CZ6254 2345  SZX HAK  32D R98 %  J/W/Y//4/23/138//4/22/137//                    
                                                                                
FLIGHT  TOTAL = 102     SEATS BOOKED   =  14466 (F12J510W1506Y12438 )           
                        SEATS TOTAL    =  18395 (F36J816W2304Y15239 )           
                        SEATS AVAILABLE=  3929 (F24J306W798Y2801 )              
                        USAGE PERCENT  =  78 %                                  
                                                                                

2018 November 06, Tuesday, 10:23:22
SID: 51
>flp k/8587/5nov18/17nov18
    CZ8587  FROM 05NOV18 TO 17NOV18                                             
06NOV/2 320  NAO HUZ     56 %  J/W/Y//8/23/120//0/0/86//                        
08NOV/4 320  NAO HUZ  R  29 %  J/W/Y//8/23/120//0/0/45//                        
10NOV/6 320  NAO HUZ  R  21 %  J/W/Y//8/23/120//0/0/32//                        
12NOV/1 320  NAO HUZ  R  17 %  J/W/Y//8/23/120//0/0/27//                        
14NOV/3 320  NAO HUZ  R   3 %  J/W/Y//8/23/120//0/0/5//                         
16NOV/5 320  NAO HUZ  R   7 %  J/W/Y//8/23/120//0/0/11//                        
                                                                                
FLIGHT  TOTAL = 6                                                               
        BOOKED  TOTAL   =  206 (L1 V5 Z30 R151 G19  )                           
        SEATS   TOTAL   =  906 (J48 W138 Y720  )                                
        USE   PERCENT   =  22 % (J0% W0% Y28% )                                 
                                                                                
                                                                                

